Component: ARM Compiler 5.06 update 7 (build 960) Tool: armlink [4d3601]

==============================================================================

Section Cross References

    los_startup_keil.o(LOS_HEAP_INFO) refers to los_startup_keil.o(LOS_HEAP) for __los_heap_base
    los_startup_keil.o(RESET) refers to system_stm32f4xx.o(i.SystemInit) for SystemInit
    los_startup_keil.o(RESET) refers to entry.o(.ARM.Collect$$$$00000000) for __main
    system_stm32f4xx.o(i.SystemCoreClockUpdate) refers to system_stm32f4xx.o(.data) for .data
    system_stm32f4xx.o(i.SystemInit) refers to system_stm32f4xx.o(i.SetSysClock) for SetSysClock
    stm32f4xx_adc.o(i.ADC_DeInit) refers to stm32f4xx_rcc.o(i.RCC_APB2PeriphResetCmd) for RCC_APB2PeriphResetCmd
    stm32f4xx_can.o(i.CAN_DeInit) refers to stm32f4xx_rcc.o(i.RCC_APB1PeriphResetCmd) for RCC_APB1PeriphResetCmd
    stm32f4xx_can.o(i.CAN_GetITStatus) refers to stm32f4xx_can.o(i.CheckITStatus) for CheckITStatus
    stm32f4xx_cryp.o(i.CRYP_DeInit) refers to stm32f4xx_rcc.o(i.RCC_AHB2PeriphResetCmd) for RCC_AHB2PeriphResetCmd
    stm32f4xx_cryp_aes.o(i.CRYP_AES_CBC) refers to stm32f4xx_cryp.o(i.CRYP_KeyStructInit) for CRYP_KeyStructInit
    stm32f4xx_cryp_aes.o(i.CRYP_AES_CBC) refers to stm32f4xx_cryp.o(i.CRYP_KeyInit) for CRYP_KeyInit
    stm32f4xx_cryp_aes.o(i.CRYP_AES_CBC) refers to stm32f4xx_cryp.o(i.CRYP_Init) for CRYP_Init
    stm32f4xx_cryp_aes.o(i.CRYP_AES_CBC) refers to stm32f4xx_cryp.o(i.CRYP_IVInit) for CRYP_IVInit
    stm32f4xx_cryp_aes.o(i.CRYP_AES_CBC) refers to stm32f4xx_cryp.o(i.CRYP_FIFOFlush) for CRYP_FIFOFlush
    stm32f4xx_cryp_aes.o(i.CRYP_AES_CBC) refers to stm32f4xx_cryp.o(i.CRYP_Cmd) for CRYP_Cmd
    stm32f4xx_cryp_aes.o(i.CRYP_AES_CBC) refers to stm32f4xx_cryp.o(i.CRYP_GetCmdStatus) for CRYP_GetCmdStatus
    stm32f4xx_cryp_aes.o(i.CRYP_AES_CBC) refers to stm32f4xx_cryp.o(i.CRYP_GetFlagStatus) for CRYP_GetFlagStatus
    stm32f4xx_cryp_aes.o(i.CRYP_AES_CBC) refers to stm32f4xx_cryp.o(i.CRYP_DataIn) for CRYP_DataIn
    stm32f4xx_cryp_aes.o(i.CRYP_AES_CBC) refers to stm32f4xx_cryp.o(i.CRYP_DataOut) for CRYP_DataOut
    stm32f4xx_cryp_aes.o(i.CRYP_AES_CCM) refers to stm32f4xx_cryp.o(i.CRYP_KeyStructInit) for CRYP_KeyStructInit
    stm32f4xx_cryp_aes.o(i.CRYP_AES_CCM) refers to stm32f4xx_cryp.o(i.CRYP_FIFOFlush) for CRYP_FIFOFlush
    stm32f4xx_cryp_aes.o(i.CRYP_AES_CCM) refers to stm32f4xx_cryp.o(i.CRYP_KeyInit) for CRYP_KeyInit
    stm32f4xx_cryp_aes.o(i.CRYP_AES_CCM) refers to stm32f4xx_cryp.o(i.CRYP_IVInit) for CRYP_IVInit
    stm32f4xx_cryp_aes.o(i.CRYP_AES_CCM) refers to stm32f4xx_cryp.o(i.CRYP_Init) for CRYP_Init
    stm32f4xx_cryp_aes.o(i.CRYP_AES_CCM) refers to stm32f4xx_cryp.o(i.CRYP_PhaseConfig) for CRYP_PhaseConfig
    stm32f4xx_cryp_aes.o(i.CRYP_AES_CCM) refers to stm32f4xx_cryp.o(i.CRYP_DataIn) for CRYP_DataIn
    stm32f4xx_cryp_aes.o(i.CRYP_AES_CCM) refers to stm32f4xx_cryp.o(i.CRYP_Cmd) for CRYP_Cmd
    stm32f4xx_cryp_aes.o(i.CRYP_AES_CCM) refers to stm32f4xx_cryp.o(i.CRYP_GetCmdStatus) for CRYP_GetCmdStatus
    stm32f4xx_cryp_aes.o(i.CRYP_AES_CCM) refers to stm32f4xx_cryp.o(i.CRYP_GetFlagStatus) for CRYP_GetFlagStatus
    stm32f4xx_cryp_aes.o(i.CRYP_AES_CCM) refers to stm32f4xx_cryp.o(i.CRYP_DataOut) for CRYP_DataOut
    stm32f4xx_cryp_aes.o(i.CRYP_AES_CTR) refers to stm32f4xx_cryp.o(i.CRYP_KeyStructInit) for CRYP_KeyStructInit
    stm32f4xx_cryp_aes.o(i.CRYP_AES_CTR) refers to stm32f4xx_cryp.o(i.CRYP_KeyInit) for CRYP_KeyInit
    stm32f4xx_cryp_aes.o(i.CRYP_AES_CTR) refers to stm32f4xx_cryp.o(i.CRYP_Init) for CRYP_Init
    stm32f4xx_cryp_aes.o(i.CRYP_AES_CTR) refers to stm32f4xx_cryp.o(i.CRYP_IVInit) for CRYP_IVInit
    stm32f4xx_cryp_aes.o(i.CRYP_AES_CTR) refers to stm32f4xx_cryp.o(i.CRYP_FIFOFlush) for CRYP_FIFOFlush
    stm32f4xx_cryp_aes.o(i.CRYP_AES_CTR) refers to stm32f4xx_cryp.o(i.CRYP_Cmd) for CRYP_Cmd
    stm32f4xx_cryp_aes.o(i.CRYP_AES_CTR) refers to stm32f4xx_cryp.o(i.CRYP_GetCmdStatus) for CRYP_GetCmdStatus
    stm32f4xx_cryp_aes.o(i.CRYP_AES_CTR) refers to stm32f4xx_cryp.o(i.CRYP_DataIn) for CRYP_DataIn
    stm32f4xx_cryp_aes.o(i.CRYP_AES_CTR) refers to stm32f4xx_cryp.o(i.CRYP_GetFlagStatus) for CRYP_GetFlagStatus
    stm32f4xx_cryp_aes.o(i.CRYP_AES_CTR) refers to stm32f4xx_cryp.o(i.CRYP_DataOut) for CRYP_DataOut
    stm32f4xx_cryp_aes.o(i.CRYP_AES_ECB) refers to stm32f4xx_cryp.o(i.CRYP_KeyStructInit) for CRYP_KeyStructInit
    stm32f4xx_cryp_aes.o(i.CRYP_AES_ECB) refers to stm32f4xx_cryp.o(i.CRYP_KeyInit) for CRYP_KeyInit
    stm32f4xx_cryp_aes.o(i.CRYP_AES_ECB) refers to stm32f4xx_cryp.o(i.CRYP_Init) for CRYP_Init
    stm32f4xx_cryp_aes.o(i.CRYP_AES_ECB) refers to stm32f4xx_cryp.o(i.CRYP_FIFOFlush) for CRYP_FIFOFlush
    stm32f4xx_cryp_aes.o(i.CRYP_AES_ECB) refers to stm32f4xx_cryp.o(i.CRYP_Cmd) for CRYP_Cmd
    stm32f4xx_cryp_aes.o(i.CRYP_AES_ECB) refers to stm32f4xx_cryp.o(i.CRYP_GetCmdStatus) for CRYP_GetCmdStatus
[...]
    Removing dfixul.o(.text), (48 bytes).
    Removing depilogue.o(.text), (186 bytes).
    Removing dadd.o(.text), (334 bytes).
    Removing dmul.o(.text), (228 bytes).
    Removing cdrcmple.o(.text), (48 bytes).
    Removing los_slab.o(i.osAtomicBitsetGetNumBits), (4 bytes).

1098 unused section(s) (total 43412 bytes) removed from the image.

==============================================================================

Image Symbol Table

    Local Symbols

    Symbol Name                              Value     Ov Type        Size  Object(Section)

    ../clib/../cmprslib/zerorunl2.c          0x00000000   Number         0  __dczerorl2.o ABSOLUTE
    ../clib/microlib/division.c              0x00000000   Number         0  uldiv.o ABSOLUTE
    ../clib/microlib/division.c              0x00000000   Number         0  uidiv.o ABSOLUTE
    ../clib/microlib/init/entry.s            0x00000000   Number         0  entry7a.o ABSOLUTE
    ../clib/microlib/init/entry.s            0x00000000   Number         0  entry5.o ABSOLUTE
    ../clib/microlib/init/entry.s            0x00000000   Number         0  entry3.o ABSOLUTE
    ../clib/microlib/init/entry.s            0x00000000   Number         0  entry11a.o ABSOLUTE
    ../clib/microlib/init/entry.s            0x00000000   Number         0  entry7b.o ABSOLUTE
    ../clib/microlib/init/entry.s            0x00000000   Number         0  entry.o ABSOLUTE
    ../clib/microlib/init/entry.s            0x00000000   Number         0  entry12b.o ABSOLUTE
    ../clib/microlib/init/entry.s            0x00000000   Number         0  entry12a.o ABSOLUTE
    ../clib/microlib/init/entry.s            0x00000000   Number         0  entry11b.o ABSOLUTE
    ../clib/microlib/init/entry.s            0x00000000   Number         0  entry10b.o ABSOLUTE
    ../clib/microlib/init/entry.s            0x00000000   Number         0  entry10a.o ABSOLUTE
    ../clib/microlib/init/entry.s            0x00000000   Number         0  entry9b.o ABSOLUTE
    ../clib/microlib/init/entry.s            0x00000000   Number         0  entry9a.o ABSOLUTE
    ../clib/microlib/init/entry.s            0x00000000   Number         0  entry8b.o ABSOLUTE
    ../clib/microlib/init/entry.s            0x00000000   Number         0  entry8a.o ABSOLUTE
    ../clib/microlib/longlong.c              0x00000000   Number         0  llsshr.o ABSOLUTE
    ../clib/microlib/longlong.c              0x00000000   Number         0  llshl.o ABSOLUTE
    ../clib/microlib/longlong.c              0x00000000   Number         0  llushr.o ABSOLUTE
    ../clib/microlib/printf/printf.c         0x00000000   Number         0  printf8.o ABSOLUTE
    ../clib/microlib/printf/printf.c         0x00000000   Number         0  printf0.o ABSOLUTE
    ../clib/microlib/printf/printf.c         0x00000000   Number         0  printfb.o ABSOLUTE
    ../clib/microlib/printf/printf.c         0x00000000   Number         0  printf1.o ABSOLUTE
    ../clib/microlib/printf/printf.c         0x00000000   Number         0  printf4.o ABSOLUTE
    ../clib/microlib/printf/printf.c         0x00000000   Number         0  printf3.o ABSOLUTE
    ../clib/microlib/printf/printf.c         0x00000000   Number         0  printf7.o ABSOLUTE
    ../clib/microlib/printf/printf.c         0x00000000   Number         0  printf6.o ABSOLUTE
    ../clib/microlib/printf/printf.c         0x00000000   Number         0  printfa.o ABSOLUTE
    ../clib/microlib/printf/printf.c         0x00000000   Number         0  printf5.o ABSOLUTE
    ../clib/microlib/printf/printf.c         0x00000000   Number         0  printf2.o ABSOLUTE
    ../clib/microlib/printf/stubs.s          0x00000000   Number         0  stubs.o ABSOLUTE
    ../clib/microlib/stdio/streams.c         0x00000000   Number         0  stdout.o ABSOLUTE
    ../clib/microlib/string/memcpy.c         0x00000000   Number         0  memcpya.o ABSOLUTE
    ../clib/microlib/string/memcpy.c         0x00000000   Number         0  memcpyb.o ABSOLUTE
    ../clib/microlib/string/memset.c         0x00000000   Number         0  memseta.o ABSOLUTE
    ../clib/microlib/string/strncpy.c        0x00000000   Number         0  strncpy.o ABSOLUTE
    ../clib/microlib/stubs.s                 0x00000000   Number         0  iusefp.o ABSOLUTE
    ../fplib/microlib/fpadd.c                0x00000000   Number         0  dadd.o ABSOLUTE
    ../fplib/microlib/fpdiv.c                0x00000000   Number         0  ddiv.o ABSOLUTE
    ../fplib/microlib/fpepilogue.c           0x00000000   Number         0  depilogue.o ABSOLUTE
    ../fplib/microlib/fpfix.c                0x00000000   Number         0  dfixul.o ABSOLUTE
    ../fplib/microlib/fpflt.c                0x00000000   Number         0  dfltul.o ABSOLUTE
    ../fplib/microlib/fpflt.c                0x00000000   Number         0  dfltui.o ABSOLUTE
    ../fplib/microlib/fpmul.c                0x00000000   Number         0  dmul.o ABSOLUTE
    ..\..\Libraries\CMSIS\Device\ST\STM32F4xx\Source\Templates\system_stm32f4xx.c 0x00000000   Number         0  system_stm32f4xx.o ABSOLUTE
    ..\..\Libraries\CMSIS\Device\los_startup_keil.s 0x00000000   Number         0  los_startup_keil.o ABSOLUTE
    ..\..\Libraries\STM32F4xx_StdPeriph_Driver\src\misc.c 0x00000000   Number         0  misc.o ABSOLUTE
    ..\..\Libraries\STM32F4xx_StdPeriph_Driver\src\stm32f4xx_adc.c 0x00000000   Number         0  stm32f4xx_adc.o ABSOLUTE
    ..\..\Libraries\STM32F4xx_StdPeriph_Driver\src\stm32f4xx_can.c 0x00000000   Number         0  stm32f4xx_can.o ABSOLUTE
    ..\..\Libraries\STM32F4xx_StdPeriph_Driver\src\stm32f4xx_cec.c 0x00000000   Number         0  stm32f4xx_cec.o ABSOLUTE
    ..\..\Libraries\STM32F4xx_StdPeriph_Driver\src\stm32f4xx_crc.c 0x00000000   Number         0  stm32f4xx_crc.o ABSOLUTE
    ..\..\Libraries\STM32F4xx_StdPeriph_Driver\src\stm32f4xx_cryp.c 0x00000000   Number         0  stm32f4xx_cryp.o ABSOLUTE
    ..\..\Libraries\STM32F4xx_StdPeriph_Driver\src\stm32f4xx_cryp_aes.c 0x00000000   Number         0  stm32f4xx_cryp_aes.o ABSOLUTE
    ..\..\Libraries\STM32F4xx_StdPeriph_Driver\src\stm32f4xx_cryp_des.c 0x00000000   Number         0  stm32f4xx_cryp_des.o ABSOLUTE
    ..\..\Libraries\STM32F4xx_StdPeriph_Driver\src\stm32f4xx_cryp_tdes.c 0x00000000   Number         0  stm32f4xx_cryp_tdes.o ABSOLUTE
    ..\..\Libraries\STM32F4xx_StdPeriph_Driver\src\stm32f4xx_dac.c 0x00000000   Number         0  stm32f4xx_dac.o ABSOLUTE
    ..\..\Libraries\STM32F4xx_StdPeriph_Driver\src\stm32f4xx_dbgmcu.c 0x00000000   Number         0  stm32f4xx_dbgmcu.o ABSOLUTE
    ..\..\Libraries\STM32F4xx_StdPeriph_Driver\src\stm32f4xx_dcmi.c 0x00000000   Number         0  stm32f4xx_dcmi.o ABSOLUTE
    ..\..\Libraries\STM32F4xx_StdPeriph_Driver\src\stm32f4xx_dma.c 0x00000000   Number         0  stm32f4xx_dma.o ABSOLUTE
    ..\..\Libraries\STM32F4xx_StdPeriph_Driver\src\stm32f4xx_dma2d.c 0x00000000   Number         0  stm32f4xx_dma2d.o ABSOLUTE
    ..\..\Libraries\STM32F4xx_StdPeriph_Driver\src\stm32f4xx_exti.c 0x00000000   Number         0  stm32f4xx_exti.o ABSOLUTE
    ..\..\Libraries\STM32F4xx_StdPeriph_Driver\src\stm32f4xx_flash.c 0x00000000   Number         0  stm32f4xx_flash.o ABSOLUTE
    ..\..\Libraries\STM32F4xx_StdPeriph_Driver\src\stm32f4xx_flash_ramfunc.c 0x00000000   Number         0  stm32f4xx_flash_ramfunc.o ABSOLUTE
    ..\..\Libraries\STM32F4xx_StdPeriph_Driver\src\stm32f4xx_fmc.c 0x00000000   Number         0  stm32f4xx_fmc.o ABSOLUTE
    ..\..\Libraries\STM32F4xx_StdPeriph_Driver\src\stm32f4xx_fmpi2c.c 0x00000000   Number         0  stm32f4xx_fmpi2c.o ABSOLUTE
    ..\..\Libraries\STM32F4xx_StdPeriph_Driver\src\stm32f4xx_gpio.c 0x00000000   Number         0  stm32f4xx_gpio.o ABSOLUTE
    ..\..\Libraries\STM32F4xx_StdPeriph_Driver\src\stm32f4xx_hash.c 0x00000000   Number         0  stm32f4xx_hash.o ABSOLUTE
    ..\..\Libraries\STM32F4xx_StdPeriph_Driver\src\stm32f4xx_hash_md5.c 0x00000000   Number         0  stm32f4xx_hash_md5.o ABSOLUTE
    ..\..\Libraries\STM32F4xx_StdPeriph_Driver\src\stm32f4xx_hash_sha1.c 0x00000000   Number         0  stm32f4xx_hash_sha1.o ABSOLUTE
    ..\..\Libraries\STM32F4xx_StdPeriph_Driver\src\stm32f4xx_i2c.c 0x00000000   Number         0  stm32f4xx_i2c.o ABSOLUTE
    ..\..\Libraries\STM32F4xx_StdPeriph_Driver\src\stm32f4xx_iwdg.c 0x00000000   Number         0  stm32f4xx_iwdg.o ABSOLUTE
    ..\..\Libraries\STM32F4xx_StdPeriph_Driver\src\stm32f4xx_ltdc.c 0x00000000   Number         0  stm32f4xx_ltdc.o ABSOLUTE
    ..\..\Libraries\STM32F4xx_StdPeriph_Driver\src\stm32f4xx_pwr.c 0x00000000   Number         0  stm32f4xx_pwr.o ABSOLUTE
    ..\..\Libraries\STM32F4xx_StdPeriph_Driver\src\stm32f4xx_qspi.c 0x00000000   Number         0  stm32f4xx_qspi.o ABSOLUTE
    ..\..\Libraries\STM32F4xx_StdPeriph_Driver\src\stm32f4xx_rcc.c 0x00000000   Number         0  stm32f4xx_rcc.o ABSOLUTE
    ..\..\Libraries\STM32F4xx_StdPeriph_Driver\src\stm32f4xx_rng.c 0x00000000   Number         0  stm32f4xx_rng.o ABSOLUTE
    ..\..\Libraries\STM32F4xx_StdPeriph_Driver\src\stm32f4xx_rtc.c 0x00000000   Number         0  stm32f4xx_rtc.o ABSOLUTE
    ..\..\Libraries\STM32F4xx_StdPeriph_Driver\src\stm32f4xx_sai.c 0x00000000   Number         0  stm32f4xx_sai.o ABSOLUTE
    ..\..\Libraries\STM32F4xx_StdPeriph_Driver\src\stm32f4xx_sdio.c 0x00000000   Number         0  stm32f4xx_sdio.o ABSOLUTE
    ..\..\Libraries\STM32F4xx_StdPeriph_Driver\src\stm32f4xx_spdifrx.c 0x00000000   Number         0  stm32f4xx_spdifrx.o ABSOLUTE
    ..\..\Libraries\STM32F4xx_StdPeriph_Driver\src\stm32f4xx_spi.c 0x00000000   Number         0  stm32f4xx_spi.o ABSOLUTE
    ..\..\Libraries\STM32F4xx_StdPeriph_Driver\src\stm32f4xx_syscfg.c 0x00000000   Number         0  stm32f4xx_syscfg.o ABSOLUTE
    ..\..\Libraries\STM32F4xx_StdPeriph_Driver\src\stm32f4xx_tim.c 0x00000000   Number         0  stm32f4xx_tim.o ABSOLUTE
    ..\..\Libraries\STM32F4xx_StdPeriph_Driver\src\stm32f4xx_usart.c 0x00000000   Number         0  stm32f4xx_usart.o ABSOLUTE
    ..\..\Libraries\STM32F4xx_StdPeriph_Driver\src\stm32f4xx_wwdg.c 0x00000000   Number         0  stm32f4xx_wwdg.o ABSOLUTE
    ..\..\LiteOS\arch\arm\arm-m\cortex-m4\keil\los_dispatch_keil.S 0x00000000   Number         0  los_dispatch_keil.o ABSOLUTE
    ..\..\LiteOS\arch\arm\arm-m\src\los_hw.c 0x00000000   Number         0  los_hw.o ABSOLUTE
    ..\..\LiteOS\arch\arm\arm-m\src\los_hw_tick.c 0x00000000   Number         0  los_hw_tick.o ABSOLUTE
    ..\..\LiteOS\arch\arm\arm-m\src\los_hwi.c 0x00000000   Number         0  los_hwi.o ABSOLUTE
    ..\..\LiteOS\cmsis\cmsis_liteos.c        0x00000000   Number         0  cmsis_liteos.o ABSOLUTE
    ..\..\LiteOS\kernel\base\core\los_priqueue.c 0x00000000   Number         0  los_priqueue.o ABSOLUTE
    ..\..\LiteOS\kernel\base\core\los_swtmr.c 0x00000000   Number         0  los_swtmr.o ABSOLUTE
    ..\..\LiteOS\kernel\base\core\los_sys.c  0x00000000   Number         0  los_sys.o ABSOLUTE
    ..\..\LiteOS\kernel\base\core\los_task.c 0x00000000   Number         0  los_task.o ABSOLUTE
    ..\..\LiteOS\kernel\base\core\los_tick.c 0x00000000   Number         0  los_tick.o ABSOLUTE
    ..\..\LiteOS\kernel\base\core\los_timeslice.c 0x00000000   Number         0  los_timeslice.o ABSOLUTE
    ..\..\LiteOS\kernel\base\ipc\los_event.c 0x00000000   Number         0  los_event.o ABSOLUTE
    ..\..\LiteOS\kernel\base\ipc\los_mux.c   0x00000000   Number         0  los_mux.o ABSOLUTE
    ..\..\LiteOS\kernel\base\ipc\los_queue.c 0x00000000   Number         0  los_queue.o ABSOLUTE
    ..\..\LiteOS\kernel\base\ipc\los_sem.c   0x00000000   Number         0  los_sem.o ABSOLUTE
    ..\..\LiteOS\kernel\base\mem\bestfit_little\los_heap.c 0x00000000   Number         0  los_heap.o ABSOLUTE
    ..\..\LiteOS\kernel\base\mem\bestfit_little\los_memory.c 0x00000000   Number         0  los_memory.o ABSOLUTE
    ..\..\LiteOS\kernel\base\mem\common\los_memcheck.c 0x00000000   Number         0  los_memcheck.o ABSOLUTE
    ..\..\LiteOS\kernel\base\mem\common\los_slab.c 0x00000000   Number         0  los_slab.o ABSOLUTE
    ..\..\LiteOS\kernel\base\mem\common\los_slabmem.c 0x00000000   Number         0  los_slabmem.o ABSOLUTE
    ..\..\LiteOS\kernel\base\mem\membox\los_membox.c 0x00000000   Number         0  los_membox.o ABSOLUTE
    ..\..\LiteOS\kernel\base\misc\los_misc.c 0x00000000   Number         0  los_misc.o ABSOLUTE
    ..\..\LiteOS\kernel\base\om\los_err.c    0x00000000   Number         0  los_err.o ABSOLUTE
    ..\..\LiteOS\kernel\extended\tickless\los_tickless.c 0x00000000   Number         0  los_tickless.o ABSOLUTE
    ..\..\LiteOS\kernel\los_init.c           0x00000000   Number         0  los_init.o ABSOLUTE
    ..\..\LiteOS\user\los_usertask.c         0x00000000   Number         0  los_usertask.o ABSOLUTE
    ..\..\User\Init\bsp_Init.c               0x00000000   Number         0  bsp_init.o ABSOLUTE
    ..\..\User\key\bsp_key.c                 0x00000000   Number         0  bsp_key.o ABSOLUTE
    ..\..\User\led\bsp_led.c                 0x00000000   Number         0  bsp_led.o ABSOLUTE
    ..\..\User\main.c                        0x00000000   Number         0  main.o ABSOLUTE
    ..\..\User\stm32f4xx_it.c                0x00000000   Number         0  stm32f4xx_it.o ABSOLUTE
    ..\..\User\usart\bsp_debug_usart.c       0x00000000   Number         0  bsp_debug_usart.o ABSOLUTE
    ..\\..\\Libraries\\CMSIS\\Device\\ST\\STM32F4xx\\Source\\Templates\\system_stm32f4xx.c 0x00000000   Number         0  system_stm32f4xx.o ABSOLUTE
    ..\\..\\Libraries\\STM32F4xx_StdPeriph_Driver\\src\\misc.c 0x00000000   Number         0  misc.o ABSOLUTE
    ..\\..\\Libraries\\STM32F4xx_StdPeriph_Driver\\src\\stm32f4xx_adc.c 0x00000000   Number         0  stm32f4xx_adc.o ABSOLUTE
    ..\\..\\Libraries\\STM32F4xx_StdPeriph_Driver\\src\\stm32f4xx_can.c 0x00000000   Number         0  stm32f4xx_can.o ABSOLUTE
    ..\\..\\Libraries\\STM32F4xx_StdPeriph_Driver\\src\\stm32f4xx_cec.c 0x00000000   Number         0  stm32f4xx_cec.o ABSOLUTE
    ..\\..\\Libraries\\STM32F4xx_StdPeriph_Driver\\src\\stm32f4xx_crc.c 0x00000000   Number         0  stm32f4xx_crc.o ABSOLUTE
    ..\\..\\Libraries\\STM32F4xx_StdPeriph_Driver\\src\\stm32f4xx_cryp.c 0x00000000   Number         0  stm32f4xx_cryp.o ABSOLUTE
    ..\\..\\Libraries\\STM32F4xx_StdPeriph_Driver\\src\\stm32f4xx_cryp_aes.c 0x00000000   Number         0  stm32f4xx_cryp_aes.o ABSOLUTE
    ..\\..\\Libraries\\STM32F4xx_StdPeriph_Driver\\src\\stm32f4xx_cryp_des.c 0x00000000   Number         0  stm32f4xx_cryp_des.o ABSOLUTE
    ..\\..\\Libraries\\STM32F4xx_StdPeriph_Driver\\src\\stm32f4xx_cryp_tdes.c 0x00000000   Number         0  stm32f4xx_cryp_tdes.o ABSOLUTE
    ..\\..\\Libraries\\STM32F4xx_StdPeriph_Driver\\src\\stm32f4xx_dac.c 0x00000000   Number         0  stm32f4xx_dac.o ABSOLUTE
    ..\\..\\Libraries\\STM32F4xx_StdPeriph_Driver\\src\\stm32f4xx_dbgmcu.c 0x00000000   Number         0  stm32f4xx_dbgmcu.o ABSOLUTE
    ..\\..\\Libraries\\STM32F4xx_StdPeriph_Driver\\src\\stm32f4xx_dcmi.c 0x00000000   Number         0  stm32f4xx_dcmi.o ABSOLUTE
    ..\\..\\Libraries\\STM32F4xx_StdPeriph_Driver\\src\\stm32f4xx_dma.c 0x00000000   Number         0  stm32f4xx_dma.o ABSOLUTE
    ..\\..\\Libraries\\STM32F4xx_StdPeriph_Driver\\src\\stm32f4xx_dma2d.c 0x00000000   Number         0  stm32f4xx_dma2d.o ABSOLUTE
    ..\\..\\Libraries\\STM32F4xx_StdPeriph_Driver\\src\\stm32f4xx_exti.c 0x00000000   Number         0  stm32f4xx_exti.o ABSOLUTE
    ..\\..\\Libraries\\STM32F4xx_StdPeriph_Driver\\src\\stm32f4xx_flash.c 0x00000000   Number         0  stm32f4xx_flash.o ABSOLUTE
    ..\\..\\Libraries\\STM32F4xx_StdPeriph_Driver\\src\\stm32f4xx_flash_ramfunc.c 0x00000000   Number         0  stm32f4xx_flash_ramfunc.o ABSOLUTE
    ..\\..\\Libraries\\STM32F4xx_StdPeriph_Driver\\src\\stm32f4xx_fmc.c 0x00000000   Number         0  stm32f4xx_fmc.o ABSOLUTE
    ..\\..\\Libraries\\STM32F4xx_StdPeriph_Driver\\src\\stm32f4xx_fmpi2c.c 0x00000000   Number         0  stm32f4xx_fmpi2c.o ABSOLUTE
    ..\\..\\Libraries\\STM32F4xx_StdPeriph_Driver\\src\\stm32f4xx_gpio.c 0x00000000   Number         0  stm32f4xx_gpio.o ABSOLUTE
    ..\\..\\Libraries\\STM32F4xx_StdPeriph_Driver\\src\\stm32f4xx_hash.c 0x00000000   Number         0  stm32f4xx_hash.o ABSOLUTE
    ..\\..\\Libraries\\STM32F4xx_StdPeriph_Driver\\src\\stm32f4xx_hash_md5.c 0x00000000   Number         0  stm32f4xx_hash_md5.o ABSOLUTE
    ..\\..\\Libraries\\STM32F4xx_StdPeriph_Driver\\src\\stm32f4xx_hash_sha1.c 0x00000000   Number         0  stm32f4xx_hash_sha1.o ABSOLUTE
    ..\\..\\Libraries\\STM32F4xx_StdPeriph_Driver\\src\\stm32f4xx_i2c.c 0x00000000   Number         0  stm32f4xx_i2c.o ABSOLUTE
    ..\\..\\Libraries\\STM32F4xx_StdPeriph_Driver\\src\\stm32f4xx_iwdg.c 0x00000000   Number         0  stm32f4xx_iwdg.o ABSOLUTE
    ..\\..\\Libraries\\STM32F4xx_StdPeriph_Driver\\src\\stm32f4xx_ltdc.c 0x00000000   Number         0  stm32f4xx_ltdc.o ABSOLUTE
    ..\\..\\Libraries\\STM32F4xx_StdPeriph_Driver\\src\\stm32f4xx_pwr.c 0x00000000   Number         0  stm32f4xx_pwr.o ABSOLUTE
    ..\\..\\Libraries\\STM32F4xx_StdPeriph_Driver\\src\\stm32f4xx_qspi.c 0x00000000   Number         0  stm32f4xx_qspi.o ABSOLUTE
    ..\\..\\Libraries\\STM32F4xx_StdPeriph_Driver\\src\\stm32f4xx_rcc.c 0x00000000   Number         0  stm32f4xx_rcc.o ABSOLUTE
    ..\\..\\Libraries\\STM32F4xx_StdPeriph_Driver\\src\\stm32f4xx_rng.c 0x00000000   Number         0  stm32f4xx_rng.o ABSOLUTE
    ..\\..\\Libraries\\STM32F4xx_StdPeriph_Driver\\src\\stm32f4xx_rtc.c 0x00000000   Number         0  stm32f4xx_rtc.o ABSOLUTE
    ..\\..\\Libraries\\STM32F4xx_StdPeriph_Driver\\src\\stm32f4xx_sai.c 0x00000000   Number         0  stm32f4xx_sai.o ABSOLUTE
    ..\\..\\Libraries\\STM32F4xx_StdPeriph_Driver\\src\\stm32f4xx_sdio.c 0x00000000   Number         0  stm32f4xx_sdio.o ABSOLUTE
    ..\\..\\Libraries\\STM32F4xx_StdPeriph_Driver\\src\\stm32f4xx_spdifrx.c 0x00000000   Number         0  stm32f4xx_spdifrx.o ABSOLUTE
    ..\\..\\Libraries\\STM32F4xx_StdPeriph_Driver\\src\\stm32f4xx_spi.c 0x00000000   Number         0  stm32f4xx_spi.o ABSOLUTE
    ..\\..\\Libraries\\STM32F4xx_StdPeriph_Driver\\src\\stm32f4xx_syscfg.c 0x00000000   Number         0  stm32f4xx_syscfg.o ABSOLUTE
    ..\\..\\Libraries\\STM32F4xx_StdPeriph_Driver\\src\\stm32f4xx_tim.c 0x00000000   Number         0  stm32f4xx_tim.o ABSOLUTE
    ..\\..\\Libraries\\STM32F4xx_StdPeriph_Driver\\src\\stm32f4xx_usart.c 0x00000000   Number         0  stm32f4xx_usart.o ABSOLUTE
    ..\\..\\Libraries\\STM32F4xx_StdPeriph_Driver\\src\\stm32f4xx_wwdg.c 0x00000000   Number         0  stm32f4xx_wwdg.o ABSOLUTE
    ..\\..\\LiteOS\\arch\\arm\\arm-m\\src\\los_hw.c 0x00000000   Number         0  los_hw.o ABSOLUTE
    ..\\..\\LiteOS\\arch\\arm\\arm-m\\src\\los_hw_tick.c 0x00000000   Number         0  los_hw_tick.o ABSOLUTE
    ..\\..\\LiteOS\\arch\\arm\\arm-m\\src\\los_hwi.c 0x00000000   Number         0  los_hwi.o ABSOLUTE
    ..\\..\\LiteOS\\cmsis\\cmsis_liteos.c    0x00000000   Number         0  cmsis_liteos.o ABSOLUTE
    ..\\..\\LiteOS\\kernel\\base\\core\\los_priqueue.c 0x00000000   Number         0  los_priqueue.o ABSOLUTE
    ..\\..\\LiteOS\\kernel\\base\\core\\los_swtmr.c 0x00000000   Number         0  los_swtmr.o ABSOLUTE
    ..\\..\\LiteOS\\kernel\\base\\core\\los_sys.c 0x00000000   Number         0  los_sys.o ABSOLUTE
    ..\\..\\LiteOS\\kernel\\base\\core\\los_task.c 0x00000000   Number         0  los_task.o ABSOLUTE
    ..\\..\\LiteOS\\kernel\\base\\core\\los_tick.c 0x00000000   Number         0  los_tick.o ABSOLUTE
    ..\\..\\LiteOS\\kernel\\base\\core\\los_timeslice.c 0x00000000   Number         0  los_timeslice.o ABSOLUTE
    ..\\..\\LiteOS\\kernel\\base\\ipc\\los_event.c 0x00000000   Number         0  los_event.o ABSOLUTE
    ..\\..\\LiteOS\\kernel\\base\\ipc\\los_mux.c 0x00000000   Number         0  los_mux.o ABSOLUTE
    ..\\..\\LiteOS\\kernel\\base\\ipc\\los_queue.c 0x00000000   Number         0  los_queue.o ABSOLUTE
    ..\\..\\LiteOS\\kernel\\base\\ipc\\los_sem.c 0x00000000   Number         0  los_sem.o ABSOLUTE
    ..\\..\\LiteOS\\kernel\\base\\mem\\bestfit_little\\los_heap.c 0x00000000   Number         0  los_heap.o ABSOLUTE
    ..\\..\\LiteOS\\kernel\\base\\mem\\bestfit_little\\los_memory.c 0x00000000   Number         0  los_memory.o ABSOLUTE
    ..\\..\\LiteOS\\kernel\\base\\mem\\common\\los_memcheck.c 0x00000000   Number         0  los_memcheck.o ABSOLUTE
    ..\\..\\LiteOS\\kernel\\base\\mem\\common\\los_slab.c 0x00000000   Number         0  los_slab.o ABSOLUTE
    ..\\..\\LiteOS\\kernel\\base\\mem\\common\\los_slabmem.c 0x00000000   Number         0  los_slabmem.o ABSOLUTE
    ..\\..\\LiteOS\\kernel\\base\\mem\\membox\\los_membox.c 0x00000000   Number         0  los_membox.o ABSOLUTE
    ..\\..\\LiteOS\\kernel\\base\\misc\\los_misc.c 0x00000000   Number         0  los_misc.o ABSOLUTE
    ..\\..\\LiteOS\\kernel\\base\\om\\los_err.c 0x00000000   Number         0  los_err.o ABSOLUTE
    ..\\..\\LiteOS\\kernel\\extended\\tickless\\los_tickless.c 0x00000000   Number         0  los_tickless.o ABSOLUTE
    ..\\..\\LiteOS\\kernel\\los_init.c       0x00000000   Number         0  los_init.o ABSOLUTE
    ..\\..\\LiteOS\\user\\los_usertask.c     0x00000000   Number         0  los_usertask.o ABSOLUTE
    ..\\..\\User\\Init\\bsp_Init.c           0x00000000   Number         0  bsp_init.o ABSOLUTE
    ..\\..\\User\\key\\bsp_key.c             0x00000000   Number         0  bsp_key.o ABSOLUTE
    ..\\..\\User\\led\\bsp_led.c             0x00000000   Number         0  bsp_led.o ABSOLUTE
    ..\\..\\User\\main.c                     0x00000000   Number         0  main.o ABSOLUTE
    ..\\..\\User\\stm32f4xx_it.c             0x00000000   Number         0  stm32f4xx_it.o ABSOLUTE
    ..\\..\\User\\usart\\bsp_debug_usart.c   0x00000000   Number         0  bsp_debug_usart.o ABSOLUTE
    cdrcmple.s                               0x00000000   Number         0  cdrcmple.o ABSOLUTE
    dc.s                                     0x00000000   Number         0  dc.o ABSOLUTE
    handlers.s                               0x00000000   Number         0  handlers.o ABSOLUTE
    init.s                                   0x00000000   Number         0  init.o ABSOLUTE
    RESET                                    0x08000000   Section       44  los_startup_keil.o(RESET)
    .ARM.Collect$$$$00000000                 0x0800002c   Section        0  entry.o(.ARM.Collect$$$$00000000)
    .ARM.Collect$$$$00000002                 0x0800002c   Section        4  entry3.o(.ARM.Collect$$$$00000002)
    .ARM.Collect$$$$00000004                 0x08000030   Section        4  entry5.o(.ARM.Collect$$$$00000004)
    .ARM.Collect$$$$00000008                 0x08000034   Section        0  entry7b.o(.ARM.Collect$$$$00000008)
    .ARM.Collect$$$$0000000A                 0x08000034   Section        0  entry8b.o(.ARM.Collect$$$$0000000A)
    .ARM.Collect$$$$0000000B                 0x08000034   Section        8  entry9a.o(.ARM.Collect$$$$0000000B)
    .ARM.Collect$$$$0000000E                 0x0800003c   Section        4  entry12b.o(.ARM.Collect$$$$0000000E)
    .ARM.Collect$$$$0000000F                 0x08000040   Section        0  entry10a.o(.ARM.Collect$$$$0000000F)
    .ARM.Collect$$$$00000011                 0x08000040   Section        0  entry11a.o(.ARM.Collect$$$$00000011)
    .ARM.Collect$$$$00002713                 0x08000040   Section        4  entry3.o(.ARM.Collect$$$$00002713)
    __lit__00000000                          0x08000040   Data           4  entry3.o(.ARM.Collect$$$$00002713)
    .text                                    0x08000044   Section      204  los_dispatch_keil.o(.text)
    .text                                    0x08000110   Section        0  uldiv.o(.text)
    .text                                    0x08000172   Section        0  memcpya.o(.text)
    .text                                    0x08000196   Section        0  memseta.o(.text)
    .text                                    0x080001ba   Section        0  llshl.o(.text)
    .text                                    0x080001d8   Section        0  llushr.o(.text)
    .text                                    0x080001f8   Section       36  init.o(.text)
    .text                                    0x0800021c   Section        0  __dczerorl2.o(.text)
    i.AppTaskCreat                           0x08000274   Section        0  los_usertask.o(i.AppTaskCreat)
    i.BSP_Init                               0x08000380   Section        0  bsp_init.o(i.BSP_Init)
    i.Creat_HighPriority_Task                0x0800039c   Section        0  los_usertask.o(i.Creat_HighPriority_Task)
    i.Creat_LowPriority_Task                 0x080003dc   Section        0  los_usertask.o(i.Creat_LowPriority_Task)
    i.Creat_MidPriority_Task                 0x0800041c   Section        0  los_usertask.o(i.Creat_MidPriority_Task)
    i.Debug_USART_Config                     0x0800045c   Section        0  bsp_debug_usart.o(i.Debug_USART_Config)
    i.GPIO_Init                              0x08000504   Section        0  stm32f4xx_gpio.o(i.GPIO_Init)
    i.GPIO_PinAFConfig                       0x08000580   Section        0  stm32f4xx_gpio.o(i.GPIO_PinAFConfig)
    i.HighPriority_Task                      0x080005a0   Section        0  los_usertask.o(i.HighPriority_Task)
    i.Key_GPIO_Config                        0x080005f8   Section        0  bsp_key.o(i.Key_GPIO_Config)
    i.LED_GPIO_Config                        0x08000630   Section        0  bsp_led.o(i.LED_GPIO_Config)
    i.LOS_Align                              0x0800068c   Section        0  los_misc.o(i.LOS_Align)
    i.LOS_BinarySemCreate                    0x080006a0   Section        0  los_sem.o(i.LOS_BinarySemCreate)
    i.LOS_ErrHandle                          0x080006a8   Section        0  los_err.o(i.LOS_ErrHandle)
    i.LOS_KernelInit                         0x080006d4   Section        0  los_init.o(i.LOS_KernelInit)
    i.LOS_ListAdd                            0x080007d4   Section        0  los_task.o(i.LOS_ListAdd)
    LOS_ListAdd                              0x080007d5   Thumb Code    14  los_task.o(i.LOS_ListAdd)
    i.LOS_ListAdd                            0x080007e2   Section        0  los_mux.o(i.LOS_ListAdd)
    LOS_ListAdd                              0x080007e3   Thumb Code    14  los_mux.o(i.LOS_ListAdd)
    i.LOS_ListAdd                            0x080007f0   Section        0  los_queue.o(i.LOS_ListAdd)
    LOS_ListAdd                              0x080007f1   Thumb Code    14  los_queue.o(i.LOS_ListAdd)
    i.LOS_ListAdd                            0x080007fe   Section        0  los_sem.o(i.LOS_ListAdd)
    LOS_ListAdd                              0x080007ff   Thumb Code    14  los_sem.o(i.LOS_ListAdd)
    i.LOS_ListDelete                         0x0800080c   Section        0  los_task.o(i.LOS_ListDelete)
    LOS_ListDelete                           0x0800080d   Thumb Code    20  los_task.o(i.LOS_ListDelete)
    i.LOS_ListEmpty                          0x08000820   Section        0  los_priqueue.o(i.LOS_ListEmpty)
    LOS_ListEmpty                            0x08000821   Thumb Code    14  los_priqueue.o(i.LOS_ListEmpty)
    i.LOS_ListEmpty                          0x0800082e   Section        0  los_task.o(i.LOS_ListEmpty)
    LOS_ListEmpty                            0x0800082f   Thumb Code    14  los_task.o(i.LOS_ListEmpty)
    i.LOS_ListEmpty                          0x0800083c   Section        0  los_queue.o(i.LOS_ListEmpty)
    LOS_ListEmpty                            0x0800083d   Thumb Code    14  los_queue.o(i.LOS_ListEmpty)
    i.LOS_ListEmpty                          0x0800084a   Section        0  los_sem.o(i.LOS_ListEmpty)
    LOS_ListEmpty                            0x0800084b   Thumb Code    14  los_sem.o(i.LOS_ListEmpty)
    i.LOS_ListTailInsert                     0x08000858   Section        0  los_task.o(i.LOS_ListTailInsert)
    LOS_ListTailInsert                       0x08000859   Thumb Code     6  los_task.o(i.LOS_ListTailInsert)
    i.LOS_MemAlloc                           0x0800085e   Section        0  los_memory.o(i.LOS_MemAlloc)
    i.LOS_MemAllocAlign                      0x08000888   Section        0  los_memory.o(i.LOS_MemAllocAlign)
    i.LOS_MemFree                            0x0800088c   Section        0  los_memory.o(i.LOS_MemFree)
    i.LOS_MemInit                            0x080008bc   Section        0  los_memory.o(i.LOS_MemInit)
    i.LOS_QueueCreate                        0x080009b4   Section        0  los_queue.o(i.LOS_QueueCreate)
    i.LOS_QueueReadCopy                      0x08000a78   Section        0  los_queue.o(i.LOS_QueueReadCopy)
    i.LOS_QueueWriteCopy                     0x08000aa2   Section        0  los_queue.o(i.LOS_QueueWriteCopy)
    i.LOS_Schedule                           0x08000ad0   Section        0  los_hw.o(i.LOS_Schedule)
    i.LOS_SemPend                            0x08000b10   Section        0  los_sem.o(i.LOS_SemPend)
    i.LOS_SemPost                            0x08000c7c   Section        0  los_sem.o(i.LOS_SemPost)
    i.LOS_Start                              0x08000d34   Section        0  los_init.o(i.LOS_Start)
    i.LOS_TaskCreate                         0x08000d74   Section        0  los_task.o(i.LOS_TaskCreate)
    i.LOS_TaskCreateOnly                     0x08000de8   Section        0  los_task.o(i.LOS_TaskCreateOnly)
    i.LOS_TaskDelay                          0x08000f58   Section        0  los_task.o(i.LOS_TaskDelay)
    i.LOS_TaskDelete                         0x08000fc8   Section        0  los_task.o(i.LOS_TaskDelete)
    i.LOS_TaskYield                          0x08001120   Section        0  los_task.o(i.LOS_TaskYield)
    i.LOS_TickCountGet                       0x08001190   Section        0  los_sys.o(i.LOS_TickCountGet)
    i.LowPriority_Task                       0x0800119c   Section        0  los_usertask.o(i.LowPriority_Task)
    i.MidPriority_Task                       0x08001230   Section        0  los_usertask.o(i.MidPriority_Task)
    i.NVIC_Configuration                     0x0800125c   Section        0  bsp_debug_usart.o(i.NVIC_Configuration)
    NVIC_Configuration                       0x0800125d   Thumb Code    38  bsp_debug_usart.o(i.NVIC_Configuration)
    i.NVIC_Init                              0x08001284   Section        0  misc.o(i.NVIC_Init)
    i.NVIC_PriorityGroupConfig               0x080012ec   Section        0  misc.o(i.NVIC_PriorityGroupConfig)
    i.RCC_AHB1PeriphClockCmd                 0x08001300   Section        0  stm32f4xx_rcc.o(i.RCC_AHB1PeriphClockCmd)
    i.RCC_APB2PeriphClockCmd                 0x0800131c   Section        0  stm32f4xx_rcc.o(i.RCC_APB2PeriphClockCmd)
    i.RCC_GetClocksFreq                      0x08001338   Section        0  stm32f4xx_rcc.o(i.RCC_GetClocksFreq)
    i.SetSysClock                            0x080013dc   Section        0  system_stm32f4xx.o(i.SetSysClock)
    SetSysClock                              0x080013dd   Thumb Code   196  system_stm32f4xx.o(i.SetSysClock)
    i.SystemInit                             0x080014b0   Section        0  system_stm32f4xx.o(i.SystemInit)
    i.USART_Cmd                              0x08001500   Section        0  stm32f4xx_usart.o(i.USART_Cmd)
    i.USART_GetFlagStatus                    0x08001518   Section        0  stm32f4xx_usart.o(i.USART_GetFlagStatus)
    i.USART_ITConfig                         0x08001526   Section        0  stm32f4xx_usart.o(i.USART_ITConfig)
    i.USART_Init                             0x0800155c   Section        0  stm32f4xx_usart.o(i.USART_Init)
    i.USART_SendData                         0x08001618   Section        0  stm32f4xx_usart.o(i.USART_SendData)
    i.__0printf$8                            0x08001620   Section        0  printf8.o(i.__0printf$8)
    i.__scatterload_copy                     0x08001640   Section       14  handlers.o(i.__scatterload_copy)
    i.__scatterload_null                     0x0800164e   Section        2  handlers.o(i.__scatterload_null)
    i.__scatterload_zeroinit                 0x08001650   Section       14  handlers.o(i.__scatterload_zeroinit)
    i._printf_core                           0x08001660   Section        0  printf8.o(i._printf_core)
    _printf_core                             0x08001661   Thumb Code   984  printf8.o(i._printf_core)
    i._printf_post_padding                   0x08001a64   Section        0  printf8.o(i._printf_post_padding)
    _printf_post_padding                     0x08001a65   Thumb Code    36  printf8.o(i._printf_post_padding)
    i._printf_pre_padding                    0x08001a88   Section        0  printf8.o(i._printf_pre_padding)
    _printf_pre_padding                      0x08001a89   Thumb Code    46  printf8.o(i._printf_pre_padding)
    i.fputc                                  0x08001ab8   Section        0  bsp_debug_usart.o(i.fputc)
    i.main                                   0x08001adc   Section        0  main.o(i.main)
    i.osAlarmHeapInfo                        0x08001b80   Section        0  los_heap.o(i.osAlarmHeapInfo)
    i.osAtomicBitsetClearBit                 0x08001b9a   Section        0  los_slab.o(i.osAtomicBitsetClearBit)
    i.osAtomicBitsetFindClearAndSet          0x08001bb8   Section        0  los_slab.o(i.osAtomicBitsetFindClearAndSet)
    i.osAtomicBitsetGetBit                   0x08001bfa   Section        0  los_slab.o(i.osAtomicBitsetGetBit)
    i.osAtomicBitsetInit                     0x08001c1c   Section        0  los_slab.o(i.osAtomicBitsetInit)
    i.osHeapAlloc                            0x08001c48   Section        0  los_heap.o(i.osHeapAlloc)
    i.osHeapAllocAlign                       0x08001d6c   Section        0  los_heap.o(i.osHeapAllocAlign)
    i.osHeapFree                             0x08001dac   Section        0  los_heap.o(i.osHeapFree)
    i.osHeapInit                             0x08001eb0   Section        0  los_heap.o(i.osHeapInit)
    i.osHeapPrvGetNext                       0x08001eee   Section        0  los_heap.o(i.osHeapPrvGetNext)
    i.osHeapStatisticsGet                    0x08001f04   Section        0  los_heap.o(i.osHeapStatisticsGet)
    i.osHwiDefaultHandler                    0x08001f54   Section        0  los_hwi.o(i.osHwiDefaultHandler)
    i.osHwiInit                              0x08001f88   Section        0  los_hwi.o(i.osHwiInit)
    i.osIdleTask                             0x08001fc4   Section        0  los_task.o(i.osIdleTask)
    i.osIdleTaskCreate                       0x08001fc8   Section        0  los_task.o(i.osIdleTaskCreate)
    i.osIntNumGet                            0x0800200c   Section        0  los_hwi.o(i.osIntNumGet)
    i.osInterrupt                            0x08002014   Section        0  los_hwi.o(i.osInterrupt)
    i.osMemSystemInit                        0x08002050   Section        0  los_memory.o(i.osMemSystemInit)
    i.osMuxInit                              0x08002068   Section        0  los_mux.o(i.osMuxInit)
    i.osPriqueueDequeue                      0x080020c0   Section        0  los_priqueue.o(i.osPriqueueDequeue)
    i.osPriqueueEnqueue                      0x08002100   Section        0  los_priqueue.o(i.osPriqueueEnqueue)
    i.osPriqueueInit                         0x0800213c   Section        0  los_priqueue.o(i.osPriqueueInit)
    i.osPriqueueSize                         0x08002170   Section        0  los_priqueue.o(i.osPriqueueSize)
    i.osPriqueueTop                          0x08002190   Section        0  los_priqueue.o(i.osPriqueueTop)
    i.osQueueBufferOperate                   0x080021b0   Section        0  los_queue.o(i.osQueueBufferOperate)
    osQueueBufferOperate                     0x080021b1   Thumb Code   174  los_queue.o(i.osQueueBufferOperate)
    i.osQueueInit                            0x08002288   Section        0  los_queue.o(i.osQueueInit)
    i.osQueueOperate                         0x080022e4   Section        0  los_queue.o(i.osQueueOperate)
    i.osQueueReadParameterCheck              0x08002444   Section        0  los_queue.o(i.osQueueReadParameterCheck)
    osQueueReadParameterCheck                0x08002445   Thumb Code    46  los_queue.o(i.osQueueReadParameterCheck)
    i.osQueueWriteParameterCheck             0x0800247c   Section        0  los_queue.o(i.osQueueWriteParameterCheck)
    osQueueWriteParameterCheck               0x0800247d   Thumb Code    44  los_queue.o(i.osQueueWriteParameterCheck)
    i.osRegister                             0x080024b0   Section        0  los_init.o(i.osRegister)
    osRegister                               0x080024b1   Thumb Code     8  los_init.o(i.osRegister)
    i.osSchedule                             0x080024bc   Section        0  los_hw.o(i.osSchedule)
    i.osSemCreate                            0x080024c0   Section        0  los_sem.o(i.osSemCreate)
    i.osSemInit                              0x08002564   Section        0  los_sem.o(i.osSemInit)
    i.osSlabAllocatorAlloc                   0x080025b8   Section        0  los_slab.o(i.osSlabAllocatorAlloc)
    i.osSlabAllocatorFree                    0x080025d4   Section        0  los_slab.o(i.osSlabAllocatorFree)
    i.osSlabAllocatorNew                     0x0800260e   Section        0  los_slab.o(i.osSlabAllocatorNew)
    i.osSlabBlockHeadFill                    0x08002656   Section        0  los_slabmem.o(i.osSlabBlockHeadFill)
    i.osSlabCtrlHdrGet                       0x08002666   Section        0  los_memory.o(i.osSlabCtrlHdrGet)
    i.osSlabMemAlloc                         0x0800266a   Section        0  los_slabmem.o(i.osSlabMemAlloc)
    i.osSlabMemFree                          0x080026de   Section        0  los_slabmem.o(i.osSlabMemFree)
    i.osSlabMemInit                          0x0800273e   Section        0  los_slabmem.o(i.osSlabMemInit)
    i.osSwTmrInit                            0x08002794   Section        0  los_swtmr.o(i.osSwTmrInit)
    i.osSwTmrStart                           0x08002818   Section        0  los_swtmr.o(i.osSwTmrStart)
    i.osSwTmrTask                            0x080029a0   Section        0  los_swtmr.o(i.osSwTmrTask)
    i.osSwTmrTaskCreate                      0x080029dc   Section        0  los_swtmr.o(i.osSwTmrTaskCreate)
    i.osSwTmrTimeoutHandle                   0x08002a1c   Section        0  los_swtmr.o(i.osSwTmrTimeoutHandle)
    osSwTmrTimeoutHandle                     0x08002a1d   Thumb Code   102  los_swtmr.o(i.osSwTmrTimeoutHandle)
    i.osSwtmrDelete                          0x08002a88   Section        0  los_swtmr.o(i.osSwtmrDelete)
    osSwtmrDelete                            0x08002a89   Thumb Code    26  los_swtmr.o(i.osSwtmrDelete)
    i.osSwtmrScan                            0x08002aac   Section        0  los_swtmr.o(i.osSwtmrScan)
    i.osTaskAdd2TimerList                    0x08002acc   Section        0  los_task.o(i.osTaskAdd2TimerList)
    i.osTaskEntry                            0x08002b58   Section        0  los_task.o(i.osTaskEntry)
    i.osTaskExit                             0x08002b84   Section        0  los_hw.o(i.osTaskExit)
    i.osTaskInit                             0x08002b88   Section        0  los_task.o(i.osTaskInit)
    i.osTaskMonInit                          0x08002c68   Section        0  los_task.o(i.osTaskMonInit)
    i.osTaskScan                             0x08002c94   Section        0  los_task.o(i.osTaskScan)
    i.osTaskSwitchCheck                      0x08002d50   Section        0  los_task.o(i.osTaskSwitchCheck)
    i.osTaskWait                             0x08002e8c   Section        0  los_task.o(i.osTaskWait)
    i.osTaskWake                             0x08002ed8   Section        0  los_task.o(i.osTaskWake)
    i.osTickHandler                          0x08002f1c   Section        0  los_tick.o(i.osTickHandler)
    i.osTickStart                            0x08002f44   Section        0  los_hw_tick.o(i.osTickStart)
    i.osTimerListDelete                      0x08002fd8   Section        0  los_task.o(i.osTimerListDelete)
    i.osTimesliceCheck                       0x0800300c   Section        0  los_timeslice.o(i.osTimesliceCheck)
    i.osTimesliceInit                        0x08003044   Section        0  los_timeslice.o(i.osTimesliceInit)
    i.osTskStackInit                         0x08003054   Section        0  los_hw.o(i.osTskStackInit)
    .constdata                               0x080030d8   Section       20  los_hwi.o(.constdata)
    __FUNCTION__                             0x080030d8   Data          20  los_hwi.o(.constdata)
    LOS_HEAP_INFO                            0x080030ec   Section        8  los_startup_keil.o(LOS_HEAP_INFO)
    .data.vector                             0x20000000   Section     1024  los_hwi.o(.data.vector)
    .data                                    0x20000400   Section       20  system_stm32f4xx.o(.data)
    .data                                    0x20000414   Section       16  stm32f4xx_rcc.o(.data)
    APBAHBPrescTable                         0x20000414   Data          16  stm32f4xx_rcc.o(.data)
    .data                                    0x20000424   Section        4  los_hwi.o(.data)
    .data                                    0x20000428   Section        8  los_priqueue.o(.data)
    g_uwPriQueueBitmap                       0x20000428   Data           4  los_priqueue.o(.data)
    .data                                    0x20000430   Section       28  los_swtmr.o(.data)
    m_uwSwtimerRousesTime                    0x20000430   Data           4  los_swtmr.o(.data)
    m_pstRouses                              0x20000434   Data           4  los_swtmr.o(.data)
    m_pstRousesPrev                          0x20000438   Data           4  los_swtmr.o(.data)
    .data                                    0x2000044c   Section       72  los_task.o(.data)
    .data                                    0x20000494   Section        4  los_tick.o(.data)
    .data                                    0x20000498   Section       16  los_tick.o(.data)
    .data                                    0x200004a8   Section        4  los_tick.o(.data)
    .data                                    0x200004ac   Section        8  los_timeslice.o(.data)
    .data                                    0x200004b4   Section       12  los_mux.o(.data)
    .data                                    0x200004c0   Section       12  los_queue.o(.data)
    .data                                    0x200004cc   Section       12  los_sem.o(.data)
    .data                                    0x200004d8   Section       16  los_heap.o(.data)
    g_uwAllocCount                           0x200004d8   Data           4  los_heap.o(.data)
    g_uwFreeCount                            0x200004dc   Data           4  los_heap.o(.data)
    g_uwCurHeapUsed                          0x200004e0   Data           4  los_heap.o(.data)
    g_uwMaxHeapUsed                          0x200004e4   Data           4  los_heap.o(.data)
    .data                                    0x200004e8   Section        4  los_memory.o(.data)
    .data                                    0x200004ec   Section        4  los_err.o(.data)
    .data                                    0x200004f0   Section        4  los_init.o(.data)
    .data                                    0x200004f4   Section       20  los_usertask.o(.data)
    i                                        0x200004f4   Data           4  los_usertask.o(.data)
    .data                                    0x20000508   Section        4  stdout.o(.data)
    .bss                                     0x2000050c   Section     1024  los_hwi.o(.bss)
    .bss                                     0x2000090c   Section       64  los_swtmr.o(.bss)
    .bss                                     0x2000094c   Section      342  los_task.o(.bss)
    LOS_HEAP                                 0x20000aa8   Section     1024  los_startup_keil.o(LOS_HEAP)
    __los_heap_base                          0x20000aa8   Data           0  los_startup_keil.o(LOS_HEAP)

    Global Symbols

    Symbol Name                              Value     Ov Type        Size  Object(Section)

    BuildAttributes$$THM_ISAv4$E$P$D$K$B$S$7EM$PE$A:L22UL41UL21$X:L11$S22US41US21$IEEE1$IW$USESV6$~STKCKD$USESV7$~SHL$OSPACE$ROPI$EBA8$MICROLIB$REQ8$PRES8$EABIv2 0x00000000   Number         0  anon$$obj.o ABSOLUTE
    __ARM_use_no_argv                        0x00000000   Number         0  main.o ABSOLUTE
    _printf_a                                0x00000000   Number         0  stubs.o ABSOLUTE
    _printf_c                                0x00000000   Number         0  stubs.o ABSOLUTE
    _printf_charcount                        0x00000000   Number         0  stubs.o ABSOLUTE
    _printf_d                                0x00000000   Number         0  stubs.o ABSOLUTE
    _printf_e                                0x00000000   Number         0  stubs.o ABSOLUTE
    _printf_f                                0x00000000   Number         0  stubs.o ABSOLUTE
    _printf_flags                            0x00000000   Number         0  stubs.o ABSOLUTE
    _printf_fp_dec                           0x00000000   Number         0  stubs.o ABSOLUTE
    _printf_fp_hex                           0x00000000   Number         0  stubs.o ABSOLUTE
    _printf_g                                0x00000000   Number         0  stubs.o ABSOLUTE
    _printf_i                                0x00000000   Number         0  stubs.o ABSOLUTE
    _printf_int_dec                          0x00000000   Number         0  stubs.o ABSOLUTE
    _printf_l                                0x00000000   Number         0  stubs.o ABSOLUTE
    _printf_lc                               0x00000000   Number         0  stubs.o ABSOLUTE
    _printf_ll                               0x00000000   Number         0  stubs.o ABSOLUTE
    _printf_lld                              0x00000000   Number         0  stubs.o ABSOLUTE
    _printf_lli                              0x00000000   Number         0  stubs.o ABSOLUTE
    _printf_llo                              0x00000000   Number         0  stubs.o ABSOLUTE
    _printf_llu                              0x00000000   Number         0  stubs.o ABSOLUTE
    _printf_llx                              0x00000000   Number         0  stubs.o ABSOLUTE
    _printf_longlong_dec                     0x00000000   Number         0  stubs.o ABSOLUTE
    _printf_longlong_hex                     0x00000000   Number         0  stubs.o ABSOLUTE
    _printf_longlong_oct                     0x00000000   Number         0  stubs.o ABSOLUTE
    _printf_ls                               0x00000000   Number         0  stubs.o ABSOLUTE
    _printf_mbtowc                           0x00000000   Number         0  stubs.o ABSOLUTE
    _printf_n                                0x00000000   Number         0  stubs.o ABSOLUTE
    _printf_o                                0x00000000   Number         0  stubs.o ABSOLUTE
    _printf_p                                0x00000000   Number         0  stubs.o ABSOLUTE
    _printf_percent                          0x00000000   Number         0  stubs.o ABSOLUTE
    _printf_pre_padding                      0x00000000   Number         0  stubs.o ABSOLUTE
    _printf_return_value                     0x00000000   Number         0  stubs.o ABSOLUTE
    _printf_s                                0x00000000   Number         0  stubs.o ABSOLUTE
    _printf_sizespec                         0x00000000   Number         0  stubs.o ABSOLUTE
    _printf_str                              0x00000000   Number         0  stubs.o ABSOLUTE
    _printf_truncate_signed                  0x00000000   Number         0  stubs.o ABSOLUTE
    _printf_truncate_unsigned                0x00000000   Number         0  stubs.o ABSOLUTE
    _printf_u                                0x00000000   Number         0  stubs.o ABSOLUTE
    _printf_wc                               0x00000000   Number         0  stubs.o ABSOLUTE
    _printf_wctomb                           0x00000000   Number         0  stubs.o ABSOLUTE
    _printf_widthprec                        0x00000000   Number         0  stubs.o ABSOLUTE
    _printf_x                                0x00000000   Number         0  stubs.o ABSOLUTE
    __arm_fini_                               - Undefined Weak Reference
    __cpp_initialize__aeabi_                  - Undefined Weak Reference
    __cxa_finalize                            - Undefined Weak Reference
    _clock_init                               - Undefined Weak Reference
    _microlib_exit                            - Undefined Weak Reference
    _BootVectors                             0x08000000   Data           0  los_startup_keil.o(RESET)
    Reset_Handler                            0x08000009   Thumb Code     0  los_startup_keil.o(RESET)
    __main                                   0x0800002d   Thumb Code     0  entry.o(.ARM.Collect$$$$00000000)
    _main_stk                                0x0800002d   Thumb Code     0  entry3.o(.ARM.Collect$$$$00000002)
    _main_scatterload                        0x08000031   Thumb Code     0  entry5.o(.ARM.Collect$$$$00000004)
    __main_after_scatterload                 0x08000035   Thumb Code     0  entry5.o(.ARM.Collect$$$$00000004)
    _main_clock                              0x08000035   Thumb Code     0  entry7b.o(.ARM.Collect$$$$00000008)
    _main_cpp_init                           0x08000035   Thumb Code     0  entry8b.o(.ARM.Collect$$$$0000000A)
    _main_init                               0x08000035   Thumb Code     0  entry9a.o(.ARM.Collect$$$$0000000B)
    __rt_lib_shutdown_fini                   0x0800003d   Thumb Code     0  entry12b.o(.ARM.Collect$$$$0000000E)
    __rt_final_cpp                           0x08000041   Thumb Code     0  entry10a.o(.ARM.Collect$$$$0000000F)
    __rt_final_exit                          0x08000041   Thumb Code     0  entry11a.o(.ARM.Collect$$$$00000011)
    LOS_StartToRun                           0x08000045   Thumb Code     0  los_dispatch_keil.o(.text)
    LOS_IntLock                              0x0800008d   Thumb Code     0  los_dispatch_keil.o(.text)
    LOS_IntUnLock                            0x08000095   Thumb Code     0  los_dispatch_keil.o(.text)
    LOS_IntRestore                           0x0800009d   Thumb Code     0  los_dispatch_keil.o(.text)
    osTaskSchedule                           0x080000a3   Thumb Code     0  los_dispatch_keil.o(.text)
    PendSV_Handler                           0x080000ad   Thumb Code     0  los_dispatch_keil.o(.text)
    __aeabi_uldivmod                         0x08000111   Thumb Code    98  uldiv.o(.text)
    __aeabi_memcpy                           0x08000173   Thumb Code    36  memcpya.o(.text)
    __aeabi_memcpy4                          0x08000173   Thumb Code     0  memcpya.o(.text)
    __aeabi_memcpy8                          0x08000173   Thumb Code     0  memcpya.o(.text)
    __aeabi_memset                           0x08000197   Thumb Code    14  memseta.o(.text)
    __aeabi_memset4                          0x08000197   Thumb Code     0  memseta.o(.text)
    __aeabi_memset8                          0x08000197   Thumb Code     0  memseta.o(.text)
    __aeabi_memclr                           0x080001a5   Thumb Code     4  memseta.o(.text)
    __aeabi_memclr4                          0x080001a5   Thumb Code     0  memseta.o(.text)
    __aeabi_memclr8                          0x080001a5   Thumb Code     0  memseta.o(.text)
    _memset$wrapper                          0x080001a9   Thumb Code    18  memseta.o(.text)
    __aeabi_llsl                             0x080001bb   Thumb Code    30  llshl.o(.text)
    _ll_shift_l                              0x080001bb   Thumb Code     0  llshl.o(.text)
    __aeabi_llsr                             0x080001d9   Thumb Code    32  llushr.o(.text)
    _ll_ushift_r                             0x080001d9   Thumb Code     0  llushr.o(.text)
    __scatterload                            0x080001f9   Thumb Code    28  init.o(.text)
    __scatterload_rt2                        0x080001f9   Thumb Code     0  init.o(.text)
    __decompress                             0x0800021d   Thumb Code     0  __dczerorl2.o(.text)
    __decompress1                            0x0800021d   Thumb Code    86  __dczerorl2.o(.text)
    AppTaskCreat                             0x08000275   Thumb Code    84  los_usertask.o(i.AppTaskCreat)
    BSP_Init                                 0x08000381   Thumb Code    26  bsp_init.o(i.BSP_Init)
    Creat_HighPriority_Task                  0x0800039d   Thumb Code    36  los_usertask.o(i.Creat_HighPriority_Task)
    Creat_LowPriority_Task                   0x080003dd   Thumb Code    36  los_usertask.o(i.Creat_LowPriority_Task)
    Creat_MidPriority_Task                   0x0800041d   Thumb Code    36  los_usertask.o(i.Creat_MidPriority_Task)
    Debug_USART_Config                       0x0800045d   Thumb Code   158  bsp_debug_usart.o(i.Debug_USART_Config)
    GPIO_Init                                0x08000505   Thumb Code   124  stm32f4xx_gpio.o(i.GPIO_Init)
    GPIO_PinAFConfig                         0x08000581   Thumb Code    32  stm32f4xx_gpio.o(i.GPIO_PinAFConfig)
    HighPriority_Task                        0x080005a1   Thumb Code    50  los_usertask.o(i.HighPriority_Task)
    Key_GPIO_Config                          0x080005f9   Thumb Code    48  bsp_key.o(i.Key_GPIO_Config)
    LED_GPIO_Config                          0x08000631   Thumb Code    86  bsp_led.o(i.LED_GPIO_Config)
    LOS_Align                                0x0800068d   Thumb Code    20  los_misc.o(i.LOS_Align)
    LOS_BinarySemCreate                      0x080006a1   Thumb Code     8  los_sem.o(i.LOS_BinarySemCreate)
    LOS_ErrHandle                            0x080006a9   Thumb Code    34  los_err.o(i.LOS_ErrHandle)
    LOS_KernelInit                           0x080006d5   Thumb Code   150  los_init.o(i.LOS_KernelInit)
    LOS_MemAlloc                             0x0800085f   Thumb Code    42  los_memory.o(i.LOS_MemAlloc)
    LOS_MemAllocAlign                        0x08000889   Thumb Code     4  los_memory.o(i.LOS_MemAllocAlign)
    LOS_MemFree                              0x0800088d   Thumb Code    48  los_memory.o(i.LOS_MemFree)
    LOS_MemInit                              0x080008bd   Thumb Code   188  los_memory.o(i.LOS_MemInit)
    LOS_QueueCreate                          0x080009b5   Thumb Code   182  los_queue.o(i.LOS_QueueCreate)
    LOS_QueueReadCopy                        0x08000a79   Thumb Code    42  los_queue.o(i.LOS_QueueReadCopy)
    LOS_QueueWriteCopy                       0x08000aa3   Thumb Code    44  los_queue.o(i.LOS_QueueWriteCopy)
    LOS_Schedule                             0x08000ad1   Thumb Code    54  los_hw.o(i.LOS_Schedule)
    LOS_SemPend                              0x08000b11   Thumb Code   238  los_sem.o(i.LOS_SemPend)
    LOS_SemPost                              0x08000c7d   Thumb Code   150  los_sem.o(i.LOS_SemPost)
    LOS_Start                                0x08000d35   Thumb Code    34  los_init.o(i.LOS_Start)
    LOS_TaskCreate                           0x08000d75   Thumb Code   110  los_task.o(i.LOS_TaskCreate)
    LOS_TaskCreateOnly                       0x08000de9   Thumb Code   326  los_task.o(i.LOS_TaskCreateOnly)
    LOS_TaskDelay                            0x08000f59   Thumb Code    96  los_task.o(i.LOS_TaskDelay)
    LOS_TaskDelete                           0x08000fc9   Thumb Code   330  los_task.o(i.LOS_TaskDelete)
    LOS_TaskYield                            0x08001121   Thumb Code   104  los_task.o(i.LOS_TaskYield)
    LOS_TickCountGet                         0x08001191   Thumb Code     6  los_sys.o(i.LOS_TickCountGet)
    LowPriority_Task                         0x0800119d   Thumb Code    76  los_usertask.o(i.LowPriority_Task)
    MidPriority_Task                         0x08001231   Thumb Code    14  los_usertask.o(i.MidPriority_Task)
    NVIC_Init                                0x08001285   Thumb Code    98  misc.o(i.NVIC_Init)
    NVIC_PriorityGroupConfig                 0x080012ed   Thumb Code    10  misc.o(i.NVIC_PriorityGroupConfig)
    RCC_AHB1PeriphClockCmd                   0x08001301   Thumb Code    22  stm32f4xx_rcc.o(i.RCC_AHB1PeriphClockCmd)
    RCC_APB2PeriphClockCmd                   0x0800131d   Thumb Code    22  stm32f4xx_rcc.o(i.RCC_APB2PeriphClockCmd)
    RCC_GetClocksFreq                        0x08001339   Thumb Code   148  stm32f4xx_rcc.o(i.RCC_GetClocksFreq)
    SystemInit                               0x080014b1   Thumb Code    62  system_stm32f4xx.o(i.SystemInit)
    USART_Cmd                                0x08001501   Thumb Code    24  stm32f4xx_usart.o(i.USART_Cmd)
    USART_GetFlagStatus                      0x08001519   Thumb Code    14  stm32f4xx_usart.o(i.USART_GetFlagStatus)
    USART_ITConfig                           0x08001527   Thumb Code    54  stm32f4xx_usart.o(i.USART_ITConfig)
    USART_Init                               0x0800155d   Thumb Code   180  stm32f4xx_usart.o(i.USART_Init)
    USART_SendData                           0x08001619   Thumb Code     8  stm32f4xx_usart.o(i.USART_SendData)
    __0printf$8                              0x08001621   Thumb Code    22  printf8.o(i.__0printf$8)
    __1printf$8                              0x08001621   Thumb Code     0  printf8.o(i.__0printf$8)
    __2printf                                0x08001621   Thumb Code     0  printf8.o(i.__0printf$8)
    __scatterload_copy                       0x08001641   Thumb Code    14  handlers.o(i.__scatterload_copy)
    __scatterload_null                       0x0800164f   Thumb Code     2  handlers.o(i.__scatterload_null)
    __scatterload_zeroinit                   0x08001651   Thumb Code    14  handlers.o(i.__scatterload_zeroinit)
    fputc                                    0x08001ab9   Thumb Code    30  bsp_debug_usart.o(i.fputc)
    main                                     0x08001add   Thumb Code    54  main.o(i.main)
    osAlarmHeapInfo                          0x08001b81   Thumb Code    26  los_heap.o(i.osAlarmHeapInfo)
    osAtomicBitsetClearBit                   0x08001b9b   Thumb Code    30  los_slab.o(i.osAtomicBitsetClearBit)
    osAtomicBitsetFindClearAndSet            0x08001bb9   Thumb Code    66  los_slab.o(i.osAtomicBitsetFindClearAndSet)
    osAtomicBitsetGetBit                     0x08001bfb   Thumb Code    34  los_slab.o(i.osAtomicBitsetGetBit)
    osAtomicBitsetInit                       0x08001c1d   Thumb Code    44  los_slab.o(i.osAtomicBitsetInit)
    osHeapAlloc                              0x08001c49   Thumb Code   232  los_heap.o(i.osHeapAlloc)
    osHeapAllocAlign                         0x08001d6d   Thumb Code    62  los_heap.o(i.osHeapAllocAlign)
    osHeapFree                               0x08001dad   Thumb Code   228  los_heap.o(i.osHeapFree)
    osHeapInit                               0x08001eb1   Thumb Code    62  los_heap.o(i.osHeapInit)
    osHeapPrvGetNext                         0x08001eef   Thumb Code    22  los_heap.o(i.osHeapPrvGetNext)
    osHeapStatisticsGet                      0x08001f05   Thumb Code    76  los_heap.o(i.osHeapStatisticsGet)
    osHwiDefaultHandler                      0x08001f55   Thumb Code    24  los_hwi.o(i.osHwiDefaultHandler)
    osHwiInit                                0x08001f89   Thumb Code    42  los_hwi.o(i.osHwiInit)
    osIdleTask                               0x08001fc5   Thumb Code     2  los_task.o(i.osIdleTask)
    osIdleTaskCreate                         0x08001fc9   Thumb Code    48  los_task.o(i.osIdleTaskCreate)
    osIntNumGet                              0x0800200d   Thumb Code     6  los_hwi.o(i.osIntNumGet)
    osInterrupt                              0x08002015   Thumb Code    50  los_hwi.o(i.osInterrupt)
    osMemSystemInit                          0x08002051   Thumb Code    16  los_memory.o(i.osMemSystemInit)
    osMuxInit                                0x08002069   Thumb Code    74  los_mux.o(i.osMuxInit)
    osPriqueueDequeue                        0x080020c1   Thumb Code    58  los_priqueue.o(i.osPriqueueDequeue)
    osPriqueueEnqueue                        0x08002101   Thumb Code    54  los_priqueue.o(i.osPriqueueEnqueue)
    osPriqueueInit                           0x0800213d   Thumb Code    42  los_priqueue.o(i.osPriqueueInit)
    osPriqueueSize                           0x08002171   Thumb Code    26  los_priqueue.o(i.osPriqueueSize)
    osPriqueueTop                            0x08002191   Thumb Code    26  los_priqueue.o(i.osPriqueueTop)
    osQueueInit                              0x08002289   Thumb Code    78  los_queue.o(i.osQueueInit)
    osQueueOperate                           0x080022e5   Thumb Code   334  los_queue.o(i.osQueueOperate)
    osSchedule                               0x080024bd   Thumb Code     4  los_hw.o(i.osSchedule)
    osSemCreate                              0x080024c1   Thumb Code   132  los_sem.o(i.osSemCreate)
    osSemInit                                0x08002565   Thumb Code    72  los_sem.o(i.osSemInit)
    osSlabAllocatorAlloc                     0x080025b9   Thumb Code    28  los_slab.o(i.osSlabAllocatorAlloc)
    osSlabAllocatorFree                      0x080025d5   Thumb Code    58  los_slab.o(i.osSlabAllocatorFree)
    osSlabAllocatorNew                       0x0800260f   Thumb Code    72  los_slab.o(i.osSlabAllocatorNew)
    osSlabBlockHeadFill                      0x08002657   Thumb Code    16  los_slabmem.o(i.osSlabBlockHeadFill)
    osSlabCtrlHdrGet                         0x08002667   Thumb Code     4  los_memory.o(i.osSlabCtrlHdrGet)
    osSlabMemAlloc                           0x0800266b   Thumb Code   116  los_slabmem.o(i.osSlabMemAlloc)
    osSlabMemFree                            0x080026df   Thumb Code    96  los_slabmem.o(i.osSlabMemFree)
    osSlabMemInit                            0x0800273f   Thumb Code    86  los_slabmem.o(i.osSlabMemInit)
    osSwTmrInit                              0x08002795   Thumb Code   116  los_swtmr.o(i.osSwTmrInit)
    osSwTmrStart                             0x08002819   Thumb Code   382  los_swtmr.o(i.osSwTmrStart)
    osSwTmrTask                              0x080029a1   Thumb Code    56  los_swtmr.o(i.osSwTmrTask)
    osSwTmrTaskCreate                        0x080029dd   Thumb Code    44  los_swtmr.o(i.osSwTmrTaskCreate)
    osSwtmrScan                              0x08002aad   Thumb Code    26  los_swtmr.o(i.osSwtmrScan)
    osTaskAdd2TimerList                      0x08002acd   Thumb Code   136  los_task.o(i.osTaskAdd2TimerList)
    osTaskEntry                              0x08002b59   Thumb Code    38  los_task.o(i.osTaskEntry)
    osTaskExit                               0x08002b85   Thumb Code     4  los_hw.o(i.osTaskExit)
    osTaskInit                               0x08002b89   Thumb Code   210  los_task.o(i.osTaskInit)
    osTaskMonInit                            0x08002c69   Thumb Code    30  los_task.o(i.osTaskMonInit)
    osTaskScan                               0x08002c95   Thumb Code   182  los_task.o(i.osTaskScan)
    osTaskSwitchCheck                        0x08002d51   Thumb Code   170  los_task.o(i.osTaskSwitchCheck)
    osTaskWait                               0x08002e8d   Thumb Code    70  los_task.o(i.osTaskWait)
    osTaskWake                               0x08002ed9   Thumb Code    66  los_task.o(i.osTaskWake)
    osTickHandler                            0x08002f1d   Thumb Code    34  los_tick.o(i.osTickHandler)
    osTickStart                              0x08002f45   Thumb Code   108  los_hw_tick.o(i.osTickStart)
    osTimerListDelete                        0x08002fd9   Thumb Code    48  los_task.o(i.osTimerListDelete)
    osTimesliceCheck                         0x0800300d   Thumb Code    44  los_timeslice.o(i.osTimesliceCheck)
    osTimesliceInit                          0x08003045   Thumb Code    12  los_timeslice.o(i.osTimesliceInit)
    osTskStackInit                           0x08003055   Thumb Code   122  los_hw.o(i.osTskStackInit)
    __LOS_HEAP_ADDR_START__                  0x080030ec   Data           0  los_startup_keil.o(LOS_HEAP_INFO)
    __LOS_HEAP_ADDR_END__                    0x080030f0   Data           0  los_startup_keil.o(LOS_HEAP_INFO)
    Region$$Table$$Base                      0x080030f4   Number         0  anon$$obj.o(Region$$Table)
    Region$$Table$$Limit                     0x08003124   Number         0  anon$$obj.o(Region$$Table)
    m_pstHwiForm                             0x20000000   Data        1024  los_hwi.o(.data.vector)
    SystemCoreClock                          0x20000400   Data           4  system_stm32f4xx.o(.data)
    AHBPrescTable                            0x20000404   Data          16  system_stm32f4xx.o(.data)
    g_vuwIntCount                            0x20000424   Data           4  los_hwi.o(.data)
    g_pstLosPriorityQueueList                0x2000042c   Data           4  los_priqueue.o(.data)
    m_uwSwTmrHandlerQueue                    0x2000043c   Data           4  los_swtmr.o(.data)
    m_pstSwtmrCBArray                        0x20000440   Data           4  los_swtmr.o(.data)
    m_pstSwtmrFreeList                       0x20000444   Data           4  los_swtmr.o(.data)
    m_pstSwtmrSortList                       0x20000448   Data           4  los_swtmr.o(.data)
    g_usLosTaskLock                          0x2000044c   Data           2  los_task.o(.data)
    g_pfnTskSwitchHook                       0x20000450   Data           4  los_task.o(.data)
    g_pfnUsrTskSwitchHook                    0x20000454   Data           4  los_task.o(.data)
    g_pstTaskCBArray                         0x20000458   Data           4  los_task.o(.data)
    g_uwTskMaxNum                            0x2000045c   Data           4  los_task.o(.data)
    g_uwIdleTaskID                           0x20000460   Data           4  los_task.o(.data)
    g_uwSwtmrTaskID                          0x20000464   Data           4  los_task.o(.data)
    g_bTaskScheduled                         0x20000468   Data           4  los_task.o(.data)
    g_stLosTask                              0x2000046c   Data           8  los_task.o(.data)
    g_stTaskTimerList                        0x20000474   Data           8  los_task.o(.data)
    g_stLosFreeTask                          0x2000047c   Data           8  los_task.o(.data)
    g_stTskRecyleList                        0x20000484   Data           8  los_task.o(.data)
    g_stTskSortLink                          0x2000048c   Data           8  los_task.o(.data)
    g_bSysTickStart                          0x20000494   Data           4  los_tick.o(.data)
    g_uwSysClock                             0x20000498   Data           4  los_tick.o(.data)
    g_ullTickCount                           0x200004a0   Data           8  los_tick.o(.data)
    g_uwCyclesPerTick                        0x200004a8   Data           4  los_tick.o(.data)
    g_stTaskTimeSlice                        0x200004ac   Data           8  los_timeslice.o(.data)
    g_pstAllMux                              0x200004b4   Data           4  los_mux.o(.data)
    g_stUnusedMuxList                        0x200004b8   Data           8  los_mux.o(.data)
    g_pstAllQueue                            0x200004c0   Data           4  los_queue.o(.data)
    g_stFreeQueueList                        0x200004c4   Data           8  los_queue.o(.data)
    g_pstAllSem                              0x200004cc   Data           4  los_sem.o(.data)
    g_stUnusedSemList                        0x200004d0   Data           8  los_sem.o(.data)
    g_pPoolHead                              0x200004e8   Data           4  los_memory.o(.data)
    g_stUserErrFunc                          0x200004ec   Data           4  los_err.o(.data)
    m_aucSysMem0                             0x200004f0   Data           4  los_init.o(.data)
    HighPriority_Task_Handle                 0x200004f8   Data           4  los_usertask.o(.data)
    MidPriority_Task_Handle                  0x200004fc   Data           4  los_usertask.o(.data)
    LowPriority_Task_Handle                  0x20000500   Data           4  los_usertask.o(.data)
    BinarySem_Handle                         0x20000504   Data           4  los_usertask.o(.data)
    __stdout                                 0x20000508   Data           4  stdout.o(.data)
    m_pstHwiSlaveForm                        0x2000050c   Data        1024  los_hwi.o(.bss)
    m_uwSwTmrAlignID                         0x2000090c   Data          64  los_swtmr.o(.bss)
    g_astTskSwitchInfo                       0x2000094c   Data         342  los_task.o(.bss)
    Image$$ARM_LIB_STACKHEAP$$ZI$$Base       0x2002fc00   Number         0  anon$$obj.o ABSOLUTE
    Image$$ARM_LIB_STACKHEAP$$ZI$$Limit      0x20030000   Number         0  anon$$obj.o ABSOLUTE



==============================================================================

Memory Map of the image

  Image Entry point : 0x0800002d

  Load Region LR_IROM1 (Base: 0x08000000, Size: 0x00003630, Max: 0x00100000, ABSOLUTE, COMPRESSED[0x00003248])

    Execution Region ER_IROM1 (Exec base: 0x08000000, Load base: 0x08000000, Size: 0x00003124, Max: 0x00100000, ABSOLUTE)

    Exec Addr    Load Addr    Size         Type   Attr      Idx    E Section Name        Object

    0x08000000   0x08000000   0x0000002c   Code   RO            4    RESET               los_startup_keil.o
    0x0800002c   0x0800002c   0x00000000   Code   RO         8126  * .ARM.Collect$$$$00000000  mc_w.l(entry.o)
    0x0800002c   0x0800002c   0x00000004   Code   RO         8408    .ARM.Collect$$$$00000002  mc_w.l(entry3.o)
    0x08000030   0x08000030   0x00000004   Code   RO         8411    .ARM.Collect$$$$00000004  mc_w.l(entry5.o)
    0x08000034   0x08000034   0x00000000   Code   RO         8413    .ARM.Collect$$$$00000008  mc_w.l(entry7b.o)
    0x08000034   0x08000034   0x00000000   Code   RO         8415    .ARM.Collect$$$$0000000A  mc_w.l(entry8b.o)
    0x08000034   0x08000034   0x00000008   Code   RO         8416    .ARM.Collect$$$$0000000B  mc_w.l(entry9a.o)
    0x0800003c   0x0800003c   0x00000004   Code   RO         8423    .ARM.Collect$$$$0000000E  mc_w.l(entry12b.o)
    0x08000040   0x08000040   0x00000000   Code   RO         8418    .ARM.Collect$$$$0000000F  mc_w.l(entry10a.o)
    0x08000040   0x08000040   0x00000000   Code   RO         8420    .ARM.Collect$$$$00000011  mc_w.l(entry11a.o)
    0x08000040   0x08000040   0x00000004   Code   RO         8409    .ARM.Collect$$$$00002713  mc_w.l(entry3.o)
    0x08000044   0x08000044   0x000000cc   Code   RO         8057    .text               los_dispatch_keil.o
    0x08000110   0x08000110   0x00000062   Code   RO         8129    .text               mc_w.l(uldiv.o)
    0x08000172   0x08000172   0x00000024   Code   RO         8131    .text               mc_w.l(memcpya.o)
    0x08000196   0x08000196   0x00000024   Code   RO         8133    .text               mc_w.l(memseta.o)
    0x080001ba   0x080001ba   0x0000001e   Code   RO         8427    .text               mc_w.l(llshl.o)
    0x080001d8   0x080001d8   0x00000020   Code   RO         8429    .text               mc_w.l(llushr.o)
    0x080001f8   0x080001f8   0x00000024   Code   RO         8440    .text               mc_w.l(init.o)
    0x0800021c   0x0800021c   0x00000056   Code   RO         8452    .text               mc_w.l(__dczerorl2.o)
    0x08000272   0x08000272   0x00000002   PAD
    0x08000274   0x08000274   0x0000010c   Code   RO         8063    i.AppTaskCreat      los_usertask.o
    0x08000380   0x08000380   0x0000001a   Code   RO         5479    i.BSP_Init          bsp_init.o
    0x0800039a   0x0800039a   0x00000002   PAD
    0x0800039c   0x0800039c   0x00000040   Code   RO         8064    i.Creat_HighPriority_Task  los_usertask.o
    0x080003dc   0x080003dc   0x00000040   Code   RO         8065    i.Creat_LowPriority_Task  los_usertask.o
    0x0800041c   0x0800041c   0x00000040   Code   RO         8066    i.Creat_MidPriority_Task  los_usertask.o
    0x0800045c   0x0800045c   0x000000a8   Code   RO         5516    i.Debug_USART_Config  bsp_debug_usart.o
    0x08000504   0x08000504   0x0000007c   Code   RO         2048    i.GPIO_Init         stm32f4xx_gpio.o
    0x08000580   0x08000580   0x00000020   Code   RO         2049    i.GPIO_PinAFConfig  stm32f4xx_gpio.o
    0x080005a0   0x080005a0   0x00000058   Code   RO         8067    i.HighPriority_Task  los_usertask.o
    0x080005f8   0x080005f8   0x00000038   Code   RO         5575    i.Key_GPIO_Config   bsp_key.o
    0x08000630   0x08000630   0x0000005c   Code   RO         5452    i.LED_GPIO_Config   bsp_led.o
    0x0800068c   0x0800068c   0x00000014   Code   RO         7818    i.LOS_Align         los_misc.o
    0x080006a0   0x080006a0   0x00000008   Code   RO         7098    i.LOS_BinarySemCreate  los_sem.o
    0x080006a8   0x080006a8   0x0000002c   Code   RO         7848    i.LOS_ErrHandle     los_err.o
    0x080006d4   0x080006d4   0x00000100   Code   RO         7912    i.LOS_KernelInit    los_init.o
    0x080007d4   0x080007d4   0x0000000e   Code   RO         6455    i.LOS_ListAdd       los_task.o
    0x080007e2   0x080007e2   0x0000000e   Code   RO         6901    i.LOS_ListAdd       los_mux.o
    0x080007f0   0x080007f0   0x0000000e   Code   RO         6971    i.LOS_ListAdd       los_queue.o
    0x080007fe   0x080007fe   0x0000000e   Code   RO         7099    i.LOS_ListAdd       los_sem.o
    0x0800080c   0x0800080c   0x00000014   Code   RO         6456    i.LOS_ListDelete    los_task.o
    0x08000820   0x08000820   0x0000000e   Code   RO         6188    i.LOS_ListEmpty     los_priqueue.o
    0x0800082e   0x0800082e   0x0000000e   Code   RO         6457    i.LOS_ListEmpty     los_task.o
    0x0800083c   0x0800083c   0x0000000e   Code   RO         6972    i.LOS_ListEmpty     los_queue.o
    0x0800084a   0x0800084a   0x0000000e   Code   RO         7100    i.LOS_ListEmpty     los_sem.o
    0x08000858   0x08000858   0x00000006   Code   RO         6458    i.LOS_ListTailInsert  los_task.o
    0x0800085e   0x0800085e   0x0000002a   Code   RO         7455    i.LOS_MemAlloc      los_memory.o
    0x08000888   0x08000888   0x00000004   Code   RO         7456    i.LOS_MemAllocAlign  los_memory.o
    0x0800088c   0x0800088c   0x00000030   Code   RO         7458    i.LOS_MemFree       los_memory.o
    0x080008bc   0x080008bc   0x000000f8   Code   RO         7460    i.LOS_MemInit       los_memory.o
    0x080009b4   0x080009b4   0x000000c4   Code   RO         6973    i.LOS_QueueCreate   los_queue.o
    0x08000a78   0x08000a78   0x0000002a   Code   RO         6977    i.LOS_QueueReadCopy  los_queue.o
    0x08000aa2   0x08000aa2   0x0000002c   Code   RO         6979    i.LOS_QueueWriteCopy  los_queue.o
    0x08000ace   0x08000ace   0x00000002   PAD
    0x08000ad0   0x08000ad0   0x00000040   Code   RO         7966    i.LOS_Schedule      los_hw.o
    0x08000b10   0x08000b10   0x0000016c   Code   RO         7103    i.LOS_SemPend       los_sem.o
    0x08000c7c   0x08000c7c   0x000000b8   Code   RO         7104    i.LOS_SemPost       los_sem.o
    0x08000d34   0x08000d34   0x00000040   Code   RO         7914    i.LOS_Start         los_init.o
    0x08000d74   0x08000d74   0x00000074   Code   RO         6461    i.LOS_TaskCreate    los_task.o
    0x08000de8   0x08000de8   0x00000170   Code   RO         6462    i.LOS_TaskCreateOnly  los_task.o
    0x08000f58   0x08000f58   0x00000070   Code   RO         6463    i.LOS_TaskDelay     los_task.o
    0x08000fc8   0x08000fc8   0x00000158   Code   RO         6464    i.LOS_TaskDelete    los_task.o
    0x08001120   0x08001120   0x00000070   Code   RO         6477    i.LOS_TaskYield     los_task.o
    0x08001190   0x08001190   0x0000000c   Code   RO         6398    i.LOS_TickCountGet  los_sys.o
    0x0800119c   0x0800119c   0x00000094   Code   RO         8068    i.LowPriority_Task  los_usertask.o
    0x08001230   0x08001230   0x0000002c   Code   RO         8069    i.MidPriority_Task  los_usertask.o
    0x0800125c   0x0800125c   0x00000026   Code   RO         5517    i.NVIC_Configuration  bsp_debug_usart.o
    0x08001282   0x08001282   0x00000002   PAD
    0x08001284   0x08001284   0x00000068   Code   RO          166    i.NVIC_Init         misc.o
    0x080012ec   0x080012ec   0x00000014   Code   RO          167    i.NVIC_PriorityGroupConfig  misc.o
    0x08001300   0x08001300   0x0000001c   Code   RO         2962    i.RCC_AHB1PeriphClockCmd  stm32f4xx_rcc.o
    0x0800131c   0x0800131c   0x0000001c   Code   RO         2974    i.RCC_APB2PeriphClockCmd  stm32f4xx_rcc.o
    0x08001338   0x08001338   0x000000a4   Code   RO         2983    i.RCC_GetClocksFreq  stm32f4xx_rcc.o
    0x080013dc   0x080013dc   0x000000d4   Code   RO           12    i.SetSysClock       system_stm32f4xx.o
    0x080014b0   0x080014b0   0x00000050   Code   RO           14    i.SystemInit        system_stm32f4xx.o
    0x08001500   0x08001500   0x00000018   Code   RO         4909    i.USART_Cmd         stm32f4xx_usart.o
    0x08001518   0x08001518   0x0000000e   Code   RO         4912    i.USART_GetFlagStatus  stm32f4xx_usart.o
    0x08001526   0x08001526   0x00000036   Code   RO         4915    i.USART_ITConfig    stm32f4xx_usart.o
    0x0800155c   0x0800155c   0x000000bc   Code   RO         4916    i.USART_Init        stm32f4xx_usart.o
    0x08001618   0x08001618   0x00000008   Code   RO         4926    i.USART_SendData    stm32f4xx_usart.o
    0x08001620   0x08001620   0x00000020   Code   RO         8346    i.__0printf$8       mc_w.l(printf8.o)
    0x08001640   0x08001640   0x0000000e   Code   RO         8446    i.__scatterload_copy  mc_w.l(handlers.o)
    0x0800164e   0x0800164e   0x00000002   Code   RO         8447    i.__scatterload_null  mc_w.l(handlers.o)
    0x08001650   0x08001650   0x0000000e   Code   RO         8448    i.__scatterload_zeroinit  mc_w.l(handlers.o)
    0x0800165e   0x0800165e   0x00000002   PAD
    0x08001660   0x08001660   0x00000404   Code   RO         8353    i._printf_core      mc_w.l(printf8.o)
    0x08001a64   0x08001a64   0x00000024   Code   RO         8354    i._printf_post_padding  mc_w.l(printf8.o)
    0x08001a88   0x08001a88   0x0000002e   Code   RO         8355    i._printf_pre_padding  mc_w.l(printf8.o)
    0x08001ab6   0x08001ab6   0x00000002   PAD
    0x08001ab8   0x08001ab8   0x00000024   Code   RO         5522    i.fputc             bsp_debug_usart.o
    0x08001adc   0x08001adc   0x000000a4   Code   RO         5163    i.main              main.o
    0x08001b80   0x08001b80   0x0000001a   Code   RO         7381    i.osAlarmHeapInfo   los_heap.o
    0x08001b9a   0x08001b9a   0x0000001e   Code   RO         7570    i.osAtomicBitsetClearBit  los_slab.o
    0x08001bb8   0x08001bb8   0x00000042   Code   RO         7572    i.osAtomicBitsetFindClearAndSet  los_slab.o
    0x08001bfa   0x08001bfa   0x00000022   Code   RO         7573    i.osAtomicBitsetGetBit  los_slab.o
    0x08001c1c   0x08001c1c   0x0000002c   Code   RO         7575    i.osAtomicBitsetInit  los_slab.o
    0x08001c48   0x08001c48   0x00000124   Code   RO         7382    i.osHeapAlloc       los_heap.o
    0x08001d6c   0x08001d6c   0x0000003e   Code   RO         7383    i.osHeapAllocAlign  los_heap.o
    0x08001daa   0x08001daa   0x00000002   PAD
    0x08001dac   0x08001dac   0x00000104   Code   RO         7384    i.osHeapFree        los_heap.o
    0x08001eb0   0x08001eb0   0x0000003e   Code   RO         7387    i.osHeapInit        los_heap.o
    0x08001eee   0x08001eee   0x00000016   Code   RO         7388    i.osHeapPrvGetNext  los_heap.o
    0x08001f04   0x08001f04   0x00000050   Code   RO         7389    i.osHeapStatisticsGet  los_heap.o
    0x08001f54   0x08001f54   0x00000034   Code   RO         5607    i.osHwiDefaultHandler  los_hwi.o
    0x08001f88   0x08001f88   0x0000003c   Code   RO         5608    i.osHwiInit         los_hwi.o
    0x08001fc4   0x08001fc4   0x00000002   Code   RO         6481    i.osIdleTask        los_task.o
    0x08001fc6   0x08001fc6   0x00000002   PAD
    0x08001fc8   0x08001fc8   0x00000044   Code   RO         6482    i.osIdleTaskCreate  los_task.o
    0x0800200c   0x0800200c   0x00000006   Code   RO         5609    i.osIntNumGet       los_hwi.o
    0x08002012   0x08002012   0x00000002   PAD
    0x08002014   0x08002014   0x0000003c   Code   RO         5610    i.osInterrupt       los_hwi.o
    0x08002050   0x08002050   0x00000018   Code   RO         7464    i.osMemSystemInit   los_memory.o
    0x08002068   0x08002068   0x00000058   Code   RO         6907    i.osMuxInit         los_mux.o
    0x080020c0   0x080020c0   0x00000040   Code   RO         6189    i.osPriqueueDequeue  los_priqueue.o
    0x08002100   0x08002100   0x0000003c   Code   RO         6190    i.osPriqueueEnqueue  los_priqueue.o
    0x0800213c   0x0800213c   0x00000034   Code   RO         6191    i.osPriqueueInit    los_priqueue.o
    0x08002170   0x08002170   0x00000020   Code   RO         6192    i.osPriqueueSize    los_priqueue.o
    0x08002190   0x08002190   0x00000020   Code   RO         6193    i.osPriqueueTop     los_priqueue.o
    0x080021b0   0x080021b0   0x000000d8   Code   RO         6982    i.osQueueBufferOperate  los_queue.o
    0x08002288   0x08002288   0x0000005c   Code   RO         6983    i.osQueueInit       los_queue.o
    0x080022e4   0x080022e4   0x00000160   Code   RO         6986    i.osQueueOperate    los_queue.o
    0x08002444   0x08002444   0x00000038   Code   RO         6987    i.osQueueReadParameterCheck  los_queue.o
    0x0800247c   0x0800247c   0x00000034   Code   RO         6988    i.osQueueWriteParameterCheck  los_queue.o
    0x080024b0   0x080024b0   0x0000000c   Code   RO         7916    i.osRegister        los_init.o
    0x080024bc   0x080024bc   0x00000004   Code   RO         7968    i.osSchedule        los_hw.o
    0x080024c0   0x080024c0   0x000000a4   Code   RO         7105    i.osSemCreate       los_sem.o
    0x08002564   0x08002564   0x00000054   Code   RO         7106    i.osSemInit         los_sem.o
    0x080025b8   0x080025b8   0x0000001c   Code   RO         7576    i.osSlabAllocatorAlloc  los_slab.o
    0x080025d4   0x080025d4   0x0000003a   Code   RO         7580    i.osSlabAllocatorFree  los_slab.o
    0x0800260e   0x0800260e   0x00000048   Code   RO         7587    i.osSlabAllocatorNew  los_slab.o
    0x08002656   0x08002656   0x00000010   Code   RO         7704    i.osSlabBlockHeadFill  los_slabmem.o
    0x08002666   0x08002666   0x00000004   Code   RO         7465    i.osSlabCtrlHdrGet  los_memory.o
    0x0800266a   0x0800266a   0x00000074   Code   RO         7706    i.osSlabMemAlloc    los_slabmem.o
    0x080026de   0x080026de   0x00000060   Code   RO         7709    i.osSlabMemFree     los_slabmem.o
    0x0800273e   0x0800273e   0x00000056   Code   RO         7710    i.osSlabMemInit     los_slabmem.o
    0x08002794   0x08002794   0x00000084   Code   RO         6276    i.osSwTmrInit       los_swtmr.o
    0x08002818   0x08002818   0x00000188   Code   RO         6277    i.osSwTmrStart      los_swtmr.o
    0x080029a0   0x080029a0   0x0000003c   Code   RO         6278    i.osSwTmrTask       los_swtmr.o
    0x080029dc   0x080029dc   0x00000040   Code   RO         6279    i.osSwTmrTaskCreate  los_swtmr.o
    0x08002a1c   0x08002a1c   0x0000006c   Code   RO         6280    i.osSwTmrTimeoutHandle  los_swtmr.o
    0x08002a88   0x08002a88   0x00000024   Code   RO         6282    i.osSwtmrDelete     los_swtmr.o
    0x08002aac   0x08002aac   0x00000020   Code   RO         6283    i.osSwtmrScan       los_swtmr.o
    0x08002acc   0x08002acc   0x0000008c   Code   RO         6483    i.osTaskAdd2TimerList  los_task.o
    0x08002b58   0x08002b58   0x0000002c   Code   RO         6484    i.osTaskEntry       los_task.o
    0x08002b84   0x08002b84   0x00000004   Code   RO         7969    i.osTaskExit        los_hw.o
    0x08002b88   0x08002b88   0x000000e0   Code   RO         6485    i.osTaskInit        los_task.o
    0x08002c68   0x08002c68   0x0000002c   Code   RO         6486    i.osTaskMonInit     los_task.o
    0x08002c94   0x08002c94   0x000000bc   Code   RO         6488    i.osTaskScan        los_task.o
    0x08002d50   0x08002d50   0x0000013c   Code   RO         6489    i.osTaskSwitchCheck  los_task.o
    0x08002e8c   0x08002e8c   0x0000004c   Code   RO         6490    i.osTaskWait        los_task.o
    0x08002ed8   0x08002ed8   0x00000042   Code   RO         6491    i.osTaskWake        los_task.o
    0x08002f1a   0x08002f1a   0x00000002   PAD
    0x08002f1c   0x08002f1c   0x00000028   Code   RO         6738    i.osTickHandler     los_tick.o
    0x08002f44   0x08002f44   0x00000094   Code   RO         8017    i.osTickStart       los_hw_tick.o
    0x08002fd8   0x08002fd8   0x00000034   Code   RO         6492    i.osTimerListDelete  los_task.o
    0x0800300c   0x0800300c   0x00000038   Code   RO         6786    i.osTimesliceCheck  los_timeslice.o
    0x08003044   0x08003044   0x00000010   Code   RO         6787    i.osTimesliceInit   los_timeslice.o
    0x08003054   0x08003054   0x00000084   Code   RO         7970    i.osTskStackInit    los_hw.o
    0x080030d8   0x080030d8   0x00000014   Data   RO         5612    .constdata          los_hwi.o
    0x080030ec   0x080030ec   0x00000008   Data   RO            3    LOS_HEAP_INFO       los_startup_keil.o
    0x080030f4   0x080030f4   0x00000030   Data   RO         8444    Region$$Table       anon$$obj.o


    Execution Region VECTOR (Exec base: 0x20000000, Load base: 0x08003124, Size: 0x00000400, Max: 0x00000400, ABSOLUTE, COMPRESSED[0x00000018])

    Exec Addr    Load Addr    Size         Type   Attr      Idx    E Section Name        Object

    0x20000000   COMPRESSED   0x00000400   Data   RW         5614    .data.vector        los_hwi.o


    Execution Region RW_IRAM1 (Exec base: 0x20000400, Load base: 0x0800313c, Size: 0x00000aa8, Max: 0x0002f800, ABSOLUTE)

    Exec Addr    Load Addr    Size         Type   Attr      Idx    E Section Name        Object

    0x20000400   0x0800313c   0x00000014   Data   RW           15    .data               system_stm32f4xx.o
    0x20000414   0x08003150   0x00000010   Data   RW         3015    .data               stm32f4xx_rcc.o
    0x20000424   0x08003160   0x00000004   Data   RW         5613    .data               los_hwi.o
    0x20000428   0x08003164   0x00000008   Data   RW         6195    .data               los_priqueue.o
    0x20000430   0x0800316c   0x0000001c   Data   RW         6287    .data               los_swtmr.o
    0x2000044c   0x08003188   0x00000048   Data   RW         6495    .data               los_task.o
    0x20000494   0x080031d0   0x00000004   Data   RW         6739    .data               los_tick.o
    0x20000498   0x080031d4   0x00000010   Data   RW         6740    .data               los_tick.o
    0x200004a8   0x080031e4   0x00000004   Data   RW         6743    .data               los_tick.o
    0x200004ac   0x080031e8   0x00000008   Data   RW         6788    .data               los_timeslice.o
    0x200004b4   0x080031f0   0x0000000c   Data   RW         6908    .data               los_mux.o
    0x200004c0   0x080031fc   0x0000000c   Data   RW         6989    .data               los_queue.o
    0x200004cc   0x08003208   0x0000000c   Data   RW         7107    .data               los_sem.o
    0x200004d8   0x08003214   0x00000010   Data   RW         7390    .data               los_heap.o
    0x200004e8   0x08003224   0x00000004   Data   RW         7466    .data               los_memory.o
    0x200004ec   0x08003228   0x00000004   Data   RW         7849    .data               los_err.o
    0x200004f0   0x0800322c   0x00000004   Data   RW         7917    .data               los_init.o
    0x200004f4   0x08003230   0x00000014   Data   RW         8070    .data               los_usertask.o
    0x20000508   0x08003244   0x00000004   Data   RW         8424    .data               mc_w.l(stdout.o)
    0x2000050c        -       0x00000400   Zero   RW         5611    .bss                los_hwi.o
    0x2000090c        -       0x00000040   Zero   RW         6286    .bss                los_swtmr.o
    0x2000094c        -       0x00000156   Zero   RW         6493    .bss                los_task.o
    0x20000aa2   0x08003248   0x00000006   PAD
    0x20000aa8        -       0x00000400   Zero   RW            2    LOS_HEAP            los_startup_keil.o


    Execution Region ARM_LIB_STACKHEAP (Exec base: 0x2002fc00, Load base: 0x08003248, Size: 0x00000400, Max: 0x00000400, ABSOLUTE)

    Exec Addr    Load Addr    Size         Type   Attr      Idx    E Section Name        Object

    0x2002fc00        -       0x00000400   Zero   RW            1    ARM_LIB_STACKHEAP.bss  anon$$obj.o


==============================================================================

Image component sizes


      Code (inc. data)   RO Data    RW Data    ZI Data      Debug   Object Name

       242         16          0          0          0       1761   bsp_debug_usart.o
        26          0          0          0          0       1735   bsp_init.o
        56          8          0          0          0        522   bsp_key.o
        92          6          0          0          0        562   bsp_led.o
         0          0          0          0          0      17480   cmsis_liteos.o
       204         24          0          0          0        436   los_dispatch_keil.o
        44         10          0          4          0       2418   los_err.o
       804         96          0         16          0       7242   los_heap.o
       204         20          0          0          0       2762   los_hw.o
       148         40          0          0          0      30905   los_hw_tick.o
       178         56         20       1028       1024      43483   los_hwi.o
       332        140          0          4          0       2448   los_init.o
       370         68          0          4          0       4722   los_memory.o
        20          0          0          0          0        616   los_misc.o
       102         14          0         12          0       2760   los_mux.o
       254         34          0          8          0      13622   los_priqueue.o
      1078        106          0         12          0      11816   los_queue.o
       832        204          0         12          0      16924   los_sem.o
       332          0          0          0          0       6126   los_slab.o
       314          0          0          0          0       4055   los_slabmem.o
        44         22          8          0       1024        356   los_startup_keil.o
       824         72          0         28         64       7510   los_swtmr.o
        12          6          0          0          0        503   los_sys.o
      2326        306          0         72        342      23352   los_task.o
        40          6          0         24          0       1024   los_tick.o
        72         16          0          8          0       1289   los_timeslice.o
       740        408          0         20          0       4557   los_usertask.o
       164        110          0          0          0       8095   main.o
       124         16          0          0          0       1763   misc.o
       156          0          0          0          0       1955   stm32f4xx_gpio.o
       220         28          0         16          0       4482   stm32f4xx_rcc.o
       288          8          0          0          0       4601   stm32f4xx_usart.o
       292         34          0         20          0     276717   system_stm32f4xx.o

    ----------------------------------------------------------------------
     10948       1874         76       1288       3484     508599   Object Totals
         0          0         48          0       1024          0   (incl. Generated)
        14          0          0          0          6          0   (incl. Padding)

    ----------------------------------------------------------------------

      Code (inc. data)   RO Data    RW Data    ZI Data      Debug   Library Member Name

        86          0          0          0          0          0   __dczerorl2.o
         0          0          0          0          0          0   entry.o
         0          0          0          0          0          0   entry10a.o
         0          0          0          0          0          0   entry11a.o
         4          0          0          0          0          0   entry12b.o
         8          4          0          0          0          0   entry3.o
         4          0          0          0          0          0   entry5.o
         0          0          0          0          0          0   entry7b.o
         0          0          0          0          0          0   entry8b.o
         8          4          0          0          0          0   entry9a.o
        30          0          0          0          0          0   handlers.o
        36          8          0          0          0         68   init.o
        30          0          0          0          0         68   llshl.o
        32          0          0          0          0         68   llushr.o
        36          0          0          0          0         68   memcpya.o
        36          0          0          0          0        108   memseta.o
      1142         54          0          0          0        352   printf8.o
         0          0          0          4          0          0   stdout.o
        98          0          0          0          0         92   uldiv.o

    ----------------------------------------------------------------------
      1556         70          0          4          0        824   Library Totals
         6          0          0          0          0          0   (incl. Padding)

    ----------------------------------------------------------------------

      Code (inc. data)   RO Data    RW Data    ZI Data      Debug   Library Name

      1550         70          0          4          0        824   mc_w.l

    ----------------------------------------------------------------------
      1556         70          0          4          0        824   Library Totals

    ----------------------------------------------------------------------

==============================================================================


      Code (inc. data)   RO Data    RW Data    ZI Data      Debug   

     12504       1944         76       1292       3484     503207   Grand Totals
     12504       1944         76        292       3484     503207   ELF Image Totals (compressed)
     12504       1944         76        292          0          0   ROM Totals

==============================================================================

    Total RO  Size (Code + RO Data)                12580 (  12.29kB)
    Total RW  Size (RW Data + ZI Data)              4776 (   4.66kB)
    Total ROM Size (Code + RO Data + RW Data)      12872 (  12.57kB)

==============================================================================

