<html>
<body>
<pre>
<h1>µVision Build Log</h1>
<h2>Tool Versions:</h2>
IDE-Version: ¦ÌVision V5.27.1.0
Copyright (C) 2019 ARM Ltd and ARM Germany GmbH. All rights reserved.
License Information: l xf, skd, LIC=LSNXV-PUT3N-56ZQ2-9W0GJ-XNR04-HIASD
 
Tool Versions:
Toolchain:       MDK-ARM Plus  Version: 5.36.0.0
Toolchain Path:  D:\Keil\Keil_v5\Keil_v5\ARM\ARMCC\Bin
C Compiler:      Armcc.exe V5.06 update 7 (build 960)
Assembler:       Armasm.exe V5.06 update 7 (build 960)
Linker/Locator:  ArmLink.exe V5.06 update 7 (build 960)
Library Manager: ArmAr.exe V5.06 update 7 (build 960)
Hex Converter:   FromElf.exe V5.06 update 7 (build 960)
CPU DLL:         SARMCM3.DLL V5.36.0.0
Dialog DLL:      DCM.DLL V1.17.3.0
Target DLL:      STLink\ST-LINKIII-KEIL_SWO.dll V3.0.9.0
Dialog DLL:      TCM.DLL V1.53.0.0
 
<h2>Project:</h2>
F:\Project\Huawei_LiteOS_file\HuaweiLiteOS_02\Project\RVMDK£¨uv5£©\BH-F429.uvprojx
Project File Date:  08/27/2022

<h2>Output:</h2>
*** Using Compiler 'V5.06 update 7 (build 960)', folder: 'D:\Keil\Keil_v5\Keil_v5\ARM\ARMCC\Bin'
Build target 'HuaweiLiteOS'
compiling main.c...
linking...
..\..\User\STM32F429IGTx-LiteOS.sct(10): warning: L6329W: Pattern *(LOS_HEAP_INFO) only matches removed unused sections.
..\..\User\STM32F429IGTx-LiteOS.sct(13): warning: L6329W: Pattern *(.data.vector) only matches removed unused sections.
..\..\User\STM32F429IGTx-LiteOS.sct(17): warning: L6329W: Pattern *(.data) only matches removed unused sections.
..\..\User\STM32F429IGTx-LiteOS.sct(17): warning: L6329W: Pattern *(.bss) only matches removed unused sections.
..\..\User\STM32F429IGTx-LiteOS.sct(18): warning: L6329W: Pattern *(LOS_HEAP) only matches removed unused sections.
Program Size: Code=700 RO-data=0 RW-data=0 ZI-data=1024  
Finished: 0 information, 5 warning and 0 error messages.
FromELF: creating hex file...
"..\..\Output\HuaweiLiteOS.axf" - 0 Error(s), 5 Warning(s).

<h2>Software Packages used:</h2>

Package Vendor: Keil
                http://www.keil.com/pack/Keil.STM32F4xx_DFP.2.16.0.pack
                Keil.STM32F4xx_DFP.2.16.0
                STMicroelectronics STM32F4 Series Device Support, Drivers and Examples

<h2>Collection of Component include folders:</h2>
  .\RTE\_HuaweiLiteOS
  D:\Keil\Keil_v5\Keil_v5\Packs\Keil\STM32F4xx_DFP\2.16.0\Drivers\CMSIS\Device\ST\STM32F4xx\Include

<h2>Collection of Component Files used:</h2>
Build Time Elapsed:  00:00:02
</pre>
</body>
</html>
