Component: ARM Compiler 5.06 update 7 (build 960) Tool: armlink [4d3601]

==============================================================================

Section Cross References

    startup_stm32f429_439xx.o(RESET) refers to startup_stm32f429_439xx.o(STACK) for __initial_sp
    startup_stm32f429_439xx.o(RESET) refers to startup_stm32f429_439xx.o(.text) for Reset_Handler
    startup_stm32f429_439xx.o(RESET) refers to stm32f4xx_it.o(i.NMI_Handler) for NMI_Handler
    startup_stm32f429_439xx.o(RESET) refers to stm32f4xx_it.o(i.HardFault_Handler) for HardFault_Handler
    startup_stm32f429_439xx.o(RESET) refers to stm32f4xx_it.o(i.MemManage_Handler) for MemManage_Handler
    startup_stm32f429_439xx.o(RESET) refers to stm32f4xx_it.o(i.BusFault_Handler) for BusFault_Handler
    startup_stm32f429_439xx.o(RESET) refers to stm32f4xx_it.o(i.UsageFault_Handler) for UsageFault_Handler
    startup_stm32f429_439xx.o(RESET) refers to stm32f4xx_it.o(i.SVC_Handler) for SVC_Handler
    startup_stm32f429_439xx.o(RESET) refers to stm32f4xx_it.o(i.DebugMon_Handler) for DebugMon_Handler
    startup_stm32f429_439xx.o(RESET) refers to los_dispatch_keil.o(.text) for PendSV_Handler
    startup_stm32f429_439xx.o(RESET) refers to los_hwi.o(i.SysTick_Handler) for SysTick_Handler
    startup_stm32f429_439xx.o(RESET) refers to los_usertask.o(i.EXTI0_IRQHandler) for EXTI0_IRQHandler
    startup_stm32f429_439xx.o(RESET) refers to los_usertask.o(i.EXTI15_10_IRQHandler) for EXTI15_10_IRQHandler
    startup_stm32f429_439xx.o(.text) refers to system_stm32f4xx.o(i.SystemInit) for SystemInit
    startup_stm32f429_439xx.o(.text) refers to entry.o(.ARM.Collect$$$$00000000) for __main
    system_stm32f4xx.o(i.SystemCoreClockUpdate) refers to system_stm32f4xx.o(.data) for SystemCoreClock
    system_stm32f4xx.o(i.SystemInit) refers to system_stm32f4xx.o(i.SetSysClock) for SetSysClock
    stm32f4xx_adc.o(i.ADC_DeInit) refers to stm32f4xx_rcc.o(i.RCC_APB2PeriphResetCmd) for RCC_APB2PeriphResetCmd
    stm32f4xx_can.o(i.CAN_DeInit) refers to stm32f4xx_rcc.o(i.RCC_APB1PeriphResetCmd) for RCC_APB1PeriphResetCmd
    stm32f4xx_can.o(i.CAN_GetITStatus) refers to stm32f4xx_can.o(i.CheckITStatus) for CheckITStatus
    stm32f4xx_cryp.o(i.CRYP_DeInit) refers to stm32f4xx_rcc.o(i.RCC_AHB2PeriphResetCmd) for RCC_AHB2PeriphResetCmd
    stm32f4xx_cryp_aes.o(i.CRYP_AES_CBC) refers to stm32f4xx_cryp.o(i.CRYP_KeyStructInit) for CRYP_KeyStructInit
    stm32f4xx_cryp_aes.o(i.CRYP_AES_CBC) refers to stm32f4xx_cryp.o(i.CRYP_FIFOFlush) for CRYP_FIFOFlush
    stm32f4xx_cryp_aes.o(i.CRYP_AES_CBC) refers to stm32f4xx_cryp.o(i.CRYP_Init) for CRYP_Init
    stm32f4xx_cryp_aes.o(i.CRYP_AES_CBC) refers to stm32f4xx_cryp.o(i.CRYP_KeyInit) for CRYP_KeyInit
    stm32f4xx_cryp_aes.o(i.CRYP_AES_CBC) refers to stm32f4xx_cryp.o(i.CRYP_Cmd) for CRYP_Cmd
    stm32f4xx_cryp_aes.o(i.CRYP_AES_CBC) refers to stm32f4xx_cryp.o(i.CRYP_GetFlagStatus) for CRYP_GetFlagStatus
    stm32f4xx_cryp_aes.o(i.CRYP_AES_CBC) refers to stm32f4xx_cryp.o(i.CRYP_IVInit) for CRYP_IVInit
    stm32f4xx_cryp_aes.o(i.CRYP_AES_CBC) refers to stm32f4xx_cryp.o(i.CRYP_GetCmdStatus) for CRYP_GetCmdStatus
    stm32f4xx_cryp_aes.o(i.CRYP_AES_CBC) refers to stm32f4xx_cryp.o(i.CRYP_DataIn) for CRYP_DataIn
    stm32f4xx_cryp_aes.o(i.CRYP_AES_CBC) refers to stm32f4xx_cryp.o(i.CRYP_DataOut) for CRYP_DataOut
    stm32f4xx_cryp_aes.o(i.CRYP_AES_CCM) refers to stm32f4xx_cryp.o(i.CRYP_KeyStructInit) for CRYP_KeyStructInit
    stm32f4xx_cryp_aes.o(i.CRYP_AES_CCM) refers to stm32f4xx_cryp.o(i.CRYP_FIFOFlush) for CRYP_FIFOFlush
    stm32f4xx_cryp_aes.o(i.CRYP_AES_CCM) refers to stm32f4xx_cryp.o(i.CRYP_KeyInit) for CRYP_KeyInit
    stm32f4xx_cryp_aes.o(i.CRYP_AES_CCM) refers to stm32f4xx_cryp.o(i.CRYP_IVInit) for CRYP_IVInit
    stm32f4xx_cryp_aes.o(i.CRYP_AES_CCM) refers to stm32f4xx_cryp.o(i.CRYP_Init) for CRYP_Init
    stm32f4xx_cryp_aes.o(i.CRYP_AES_CCM) refers to stm32f4xx_cryp.o(i.CRYP_PhaseConfig) for CRYP_PhaseConfig
    stm32f4xx_cryp_aes.o(i.CRYP_AES_CCM) refers to stm32f4xx_cryp.o(i.CRYP_DataIn) for CRYP_DataIn
    stm32f4xx_cryp_aes.o(i.CRYP_AES_CCM) refers to stm32f4xx_cryp.o(i.CRYP_Cmd) for CRYP_Cmd
    stm32f4xx_cryp_aes.o(i.CRYP_AES_CCM) refers to stm32f4xx_cryp.o(i.CRYP_GetCmdStatus) for CRYP_GetCmdStatus
    stm32f4xx_cryp_aes.o(i.CRYP_AES_CCM) refers to stm32f4xx_cryp.o(i.CRYP_GetFlagStatus) for CRYP_GetFlagStatus
    stm32f4xx_cryp_aes.o(i.CRYP_AES_CCM) refers to stm32f4xx_cryp.o(i.CRYP_DataOut) for CRYP_DataOut
    stm32f4xx_cryp_aes.o(i.CRYP_AES_CTR) refers to stm32f4xx_cryp.o(i.CRYP_KeyStructInit) for CRYP_KeyStructInit
    stm32f4xx_cryp_aes.o(i.CRYP_AES_CTR) refers to stm32f4xx_cryp.o(i.CRYP_KeyInit) for CRYP_KeyInit
    stm32f4xx_cryp_aes.o(i.CRYP_AES_CTR) refers to stm32f4xx_cryp.o(i.CRYP_Init) for CRYP_Init
    stm32f4xx_cryp_aes.o(i.CRYP_AES_CTR) refers to stm32f4xx_cryp.o(i.CRYP_IVInit) for CRYP_IVInit
    stm32f4xx_cryp_aes.o(i.CRYP_AES_CTR) refers to stm32f4xx_cryp.o(i.CRYP_FIFOFlush) for CRYP_FIFOFlush
[...]
    ..\..\LiteOS\kernel\base\mem\bestfit_little\los_memory.c 0x00000000   Number         0  los_memory.o ABSOLUTE
    ..\..\LiteOS\kernel\base\mem\common\los_memcheck.c 0x00000000   Number         0  los_memcheck.o ABSOLUTE
    ..\..\LiteOS\kernel\base\mem\common\los_slab.c 0x00000000   Number         0  los_slab.o ABSOLUTE
    ..\..\LiteOS\kernel\base\mem\common\los_slabmem.c 0x00000000   Number         0  los_slabmem.o ABSOLUTE
    ..\..\LiteOS\kernel\base\mem\membox\los_membox.c 0x00000000   Number         0  los_membox.o ABSOLUTE
    ..\..\LiteOS\kernel\base\misc\los_misc.c 0x00000000   Number         0  los_misc.o ABSOLUTE
    ..\..\LiteOS\kernel\base\om\los_err.c    0x00000000   Number         0  los_err.o ABSOLUTE
    ..\..\LiteOS\kernel\extended\tickless\los_tickless.c 0x00000000   Number         0  los_tickless.o ABSOLUTE
    ..\..\LiteOS\kernel\los_init.c           0x00000000   Number         0  los_init.o ABSOLUTE
    ..\..\LiteOS\user\los_usertask.c         0x00000000   Number         0  los_usertask.o ABSOLUTE
    ..\..\User\Init\bsp_Init.c               0x00000000   Number         0  bsp_init.o ABSOLUTE
    ..\..\User\exti\bsp_exti.c               0x00000000   Number         0  bsp_exti.o ABSOLUTE
    ..\..\User\key\bsp_key.c                 0x00000000   Number         0  bsp_key.o ABSOLUTE
    ..\..\User\led\bsp_led.c                 0x00000000   Number         0  bsp_led.o ABSOLUTE
    ..\..\User\main.c                        0x00000000   Number         0  main.o ABSOLUTE
    ..\..\User\stm32f4xx_it.c                0x00000000   Number         0  stm32f4xx_it.o ABSOLUTE
    ..\..\User\usart\bsp_debug_usart.c       0x00000000   Number         0  bsp_debug_usart.o ABSOLUTE
    ..\\..\\Libraries\\CMSIS\\Device\\ST\\STM32F4xx\\Source\\Templates\\system_stm32f4xx.c 0x00000000   Number         0  system_stm32f4xx.o ABSOLUTE
    ..\\..\\Libraries\\STM32F4xx_StdPeriph_Driver\\src\\misc.c 0x00000000   Number         0  misc.o ABSOLUTE
    ..\\..\\Libraries\\STM32F4xx_StdPeriph_Driver\\src\\stm32f4xx_adc.c 0x00000000   Number         0  stm32f4xx_adc.o ABSOLUTE
    ..\\..\\Libraries\\STM32F4xx_StdPeriph_Driver\\src\\stm32f4xx_can.c 0x00000000   Number         0  stm32f4xx_can.o ABSOLUTE
    ..\\..\\Libraries\\STM32F4xx_StdPeriph_Driver\\src\\stm32f4xx_cec.c 0x00000000   Number         0  stm32f4xx_cec.o ABSOLUTE
    ..\\..\\Libraries\\STM32F4xx_StdPeriph_Driver\\src\\stm32f4xx_crc.c 0x00000000   Number         0  stm32f4xx_crc.o ABSOLUTE
    ..\\..\\Libraries\\STM32F4xx_StdPeriph_Driver\\src\\stm32f4xx_cryp.c 0x00000000   Number         0  stm32f4xx_cryp.o ABSOLUTE
    ..\\..\\Libraries\\STM32F4xx_StdPeriph_Driver\\src\\stm32f4xx_cryp_aes.c 0x00000000   Number         0  stm32f4xx_cryp_aes.o ABSOLUTE
    ..\\..\\Libraries\\STM32F4xx_StdPeriph_Driver\\src\\stm32f4xx_cryp_des.c 0x00000000   Number         0  stm32f4xx_cryp_des.o ABSOLUTE
    ..\\..\\Libraries\\STM32F4xx_StdPeriph_Driver\\src\\stm32f4xx_cryp_tdes.c 0x00000000   Number         0  stm32f4xx_cryp_tdes.o ABSOLUTE
    ..\\..\\Libraries\\STM32F4xx_StdPeriph_Driver\\src\\stm32f4xx_dac.c 0x00000000   Number         0  stm32f4xx_dac.o ABSOLUTE
    ..\\..\\Libraries\\STM32F4xx_StdPeriph_Driver\\src\\stm32f4xx_dbgmcu.c 0x00000000   Number         0  stm32f4xx_dbgmcu.o ABSOLUTE
    ..\\..\\Libraries\\STM32F4xx_StdPeriph_Driver\\src\\stm32f4xx_dcmi.c 0x00000000   Number         0  stm32f4xx_dcmi.o ABSOLUTE
    ..\\..\\Libraries\\STM32F4xx_StdPeriph_Driver\\src\\stm32f4xx_dma.c 0x00000000   Number         0  stm32f4xx_dma.o ABSOLUTE
    ..\\..\\Libraries\\STM32F4xx_StdPeriph_Driver\\src\\stm32f4xx_dma2d.c 0x00000000   Number         0  stm32f4xx_dma2d.o ABSOLUTE
    ..\\..\\Libraries\\STM32F4xx_StdPeriph_Driver\\src\\stm32f4xx_exti.c 0x00000000   Number         0  stm32f4xx_exti.o ABSOLUTE
    ..\\..\\Libraries\\STM32F4xx_StdPeriph_Driver\\src\\stm32f4xx_flash.c 0x00000000   Number         0  stm32f4xx_flash.o ABSOLUTE
    ..\\..\\Libraries\\STM32F4xx_StdPeriph_Driver\\src\\stm32f4xx_flash_ramfunc.c 0x00000000   Number         0  stm32f4xx_flash_ramfunc.o ABSOLUTE
    ..\\..\\Libraries\\STM32F4xx_StdPeriph_Driver\\src\\stm32f4xx_fmc.c 0x00000000   Number         0  stm32f4xx_fmc.o ABSOLUTE
    ..\\..\\Libraries\\STM32F4xx_StdPeriph_Driver\\src\\stm32f4xx_fmpi2c.c 0x00000000   Number         0  stm32f4xx_fmpi2c.o ABSOLUTE
    ..\\..\\Libraries\\STM32F4xx_StdPeriph_Driver\\src\\stm32f4xx_gpio.c 0x00000000   Number         0  stm32f4xx_gpio.o ABSOLUTE
    ..\\..\\Libraries\\STM32F4xx_StdPeriph_Driver\\src\\stm32f4xx_hash.c 0x00000000   Number         0  stm32f4xx_hash.o ABSOLUTE
    ..\\..\\Libraries\\STM32F4xx_StdPeriph_Driver\\src\\stm32f4xx_hash_md5.c 0x00000000   Number         0  stm32f4xx_hash_md5.o ABSOLUTE
    ..\\..\\Libraries\\STM32F4xx_StdPeriph_Driver\\src\\stm32f4xx_hash_sha1.c 0x00000000   Number         0  stm32f4xx_hash_sha1.o ABSOLUTE
    ..\\..\\Libraries\\STM32F4xx_StdPeriph_Driver\\src\\stm32f4xx_i2c.c 0x00000000   Number         0  stm32f4xx_i2c.o ABSOLUTE
    ..\\..\\Libraries\\STM32F4xx_StdPeriph_Driver\\src\\stm32f4xx_iwdg.c 0x00000000   Number         0  stm32f4xx_iwdg.o ABSOLUTE
    ..\\..\\Libraries\\STM32F4xx_StdPeriph_Driver\\src\\stm32f4xx_ltdc.c 0x00000000   Number         0  stm32f4xx_ltdc.o ABSOLUTE
    ..\\..\\Libraries\\STM32F4xx_StdPeriph_Driver\\src\\stm32f4xx_pwr.c 0x00000000   Number         0  stm32f4xx_pwr.o ABSOLUTE
    ..\\..\\Libraries\\STM32F4xx_StdPeriph_Driver\\src\\stm32f4xx_qspi.c 0x00000000   Number         0  stm32f4xx_qspi.o ABSOLUTE
    ..\\..\\Libraries\\STM32F4xx_StdPeriph_Driver\\src\\stm32f4xx_rcc.c 0x00000000   Number         0  stm32f4xx_rcc.o ABSOLUTE
    ..\\..\\Libraries\\STM32F4xx_StdPeriph_Driver\\src\\stm32f4xx_rng.c 0x00000000   Number         0  stm32f4xx_rng.o ABSOLUTE
    ..\\..\\Libraries\\STM32F4xx_StdPeriph_Driver\\src\\stm32f4xx_rtc.c 0x00000000   Number         0  stm32f4xx_rtc.o ABSOLUTE
    ..\\..\\Libraries\\STM32F4xx_StdPeriph_Driver\\src\\stm32f4xx_sai.c 0x00000000   Number         0  stm32f4xx_sai.o ABSOLUTE
    ..\\..\\Libraries\\STM32F4xx_StdPeriph_Driver\\src\\stm32f4xx_sdio.c 0x00000000   Number         0  stm32f4xx_sdio.o ABSOLUTE
    ..\\..\\Libraries\\STM32F4xx_StdPeriph_Driver\\src\\stm32f4xx_spdifrx.c 0x00000000   Number         0  stm32f4xx_spdifrx.o ABSOLUTE
    ..\\..\\Libraries\\STM32F4xx_StdPeriph_Driver\\src\\stm32f4xx_spi.c 0x00000000   Number         0  stm32f4xx_spi.o ABSOLUTE
    ..\\..\\Libraries\\STM32F4xx_StdPeriph_Driver\\src\\stm32f4xx_syscfg.c 0x00000000   Number         0  stm32f4xx_syscfg.o ABSOLUTE
    ..\\..\\Libraries\\STM32F4xx_StdPeriph_Driver\\src\\stm32f4xx_tim.c 0x00000000   Number         0  stm32f4xx_tim.o ABSOLUTE
    ..\\..\\Libraries\\STM32F4xx_StdPeriph_Driver\\src\\stm32f4xx_usart.c 0x00000000   Number         0  stm32f4xx_usart.o ABSOLUTE
    ..\\..\\Libraries\\STM32F4xx_StdPeriph_Driver\\src\\stm32f4xx_wwdg.c 0x00000000   Number         0  stm32f4xx_wwdg.o ABSOLUTE
    ..\\..\\LiteOS\\arch\\arm\\arm-m\\src\\los_hw.c 0x00000000   Number         0  los_hw.o ABSOLUTE
    ..\\..\\LiteOS\\arch\\arm\\arm-m\\src\\los_hw_tick.c 0x00000000   Number         0  los_hw_tick.o ABSOLUTE
    ..\\..\\LiteOS\\arch\\arm\\arm-m\\src\\los_hwi.c 0x00000000   Number         0  los_hwi.o ABSOLUTE
    ..\\..\\LiteOS\\cmsis\\cmsis_liteos.c    0x00000000   Number         0  cmsis_liteos.o ABSOLUTE
    ..\\..\\LiteOS\\kernel\\base\\core\\los_priqueue.c 0x00000000   Number         0  los_priqueue.o ABSOLUTE
    ..\\..\\LiteOS\\kernel\\base\\core\\los_swtmr.c 0x00000000   Number         0  los_swtmr.o ABSOLUTE
    ..\\..\\LiteOS\\kernel\\base\\core\\los_sys.c 0x00000000   Number         0  los_sys.o ABSOLUTE
    ..\\..\\LiteOS\\kernel\\base\\core\\los_task.c 0x00000000   Number         0  los_task.o ABSOLUTE
    ..\\..\\LiteOS\\kernel\\base\\core\\los_tick.c 0x00000000   Number         0  los_tick.o ABSOLUTE
    ..\\..\\LiteOS\\kernel\\base\\core\\los_timeslice.c 0x00000000   Number         0  los_timeslice.o ABSOLUTE
    ..\\..\\LiteOS\\kernel\\base\\ipc\\los_event.c 0x00000000   Number         0  los_event.o ABSOLUTE
    ..\\..\\LiteOS\\kernel\\base\\ipc\\los_mux.c 0x00000000   Number         0  los_mux.o ABSOLUTE
    ..\\..\\LiteOS\\kernel\\base\\ipc\\los_queue.c 0x00000000   Number         0  los_queue.o ABSOLUTE
    ..\\..\\LiteOS\\kernel\\base\\ipc\\los_sem.c 0x00000000   Number         0  los_sem.o ABSOLUTE
    ..\\..\\LiteOS\\kernel\\base\\mem\\bestfit_little\\los_heap.c 0x00000000   Number         0  los_heap.o ABSOLUTE
    ..\\..\\LiteOS\\kernel\\base\\mem\\bestfit_little\\los_memory.c 0x00000000   Number         0  los_memory.o ABSOLUTE
    ..\\..\\LiteOS\\kernel\\base\\mem\\common\\los_memcheck.c 0x00000000   Number         0  los_memcheck.o ABSOLUTE
    ..\\..\\LiteOS\\kernel\\base\\mem\\common\\los_slab.c 0x00000000   Number         0  los_slab.o ABSOLUTE
    ..\\..\\LiteOS\\kernel\\base\\mem\\common\\los_slabmem.c 0x00000000   Number         0  los_slabmem.o ABSOLUTE
    ..\\..\\LiteOS\\kernel\\base\\mem\\membox\\los_membox.c 0x00000000   Number         0  los_membox.o ABSOLUTE
    ..\\..\\LiteOS\\kernel\\base\\misc\\los_misc.c 0x00000000   Number         0  los_misc.o ABSOLUTE
    ..\\..\\LiteOS\\kernel\\base\\om\\los_err.c 0x00000000   Number         0  los_err.o ABSOLUTE
    ..\\..\\LiteOS\\kernel\\extended\\tickless\\los_tickless.c 0x00000000   Number         0  los_tickless.o ABSOLUTE
    ..\\..\\LiteOS\\kernel\\los_init.c       0x00000000   Number         0  los_init.o ABSOLUTE
    ..\\..\\LiteOS\\user\\los_usertask.c     0x00000000   Number         0  los_usertask.o ABSOLUTE
    ..\\..\\User\\Init\\bsp_Init.c           0x00000000   Number         0  bsp_init.o ABSOLUTE
    ..\\..\\User\\exti\\bsp_exti.c           0x00000000   Number         0  bsp_exti.o ABSOLUTE
    ..\\..\\User\\key\\bsp_key.c             0x00000000   Number         0  bsp_key.o ABSOLUTE
    ..\\..\\User\\led\\bsp_led.c             0x00000000   Number         0  bsp_led.o ABSOLUTE
    ..\\..\\User\\main.c                     0x00000000   Number         0  main.o ABSOLUTE
    ..\\..\\User\\stm32f4xx_it.c             0x00000000   Number         0  stm32f4xx_it.o ABSOLUTE
    ..\\..\\User\\usart\\bsp_debug_usart.c   0x00000000   Number         0  bsp_debug_usart.o ABSOLUTE
    cdrcmple.s                               0x00000000   Number         0  cdrcmple.o ABSOLUTE
    dc.s                                     0x00000000   Number         0  dc.o ABSOLUTE
    handlers.s                               0x00000000   Number         0  handlers.o ABSOLUTE
    init.s                                   0x00000000   Number         0  init.o ABSOLUTE
    RESET                                    0x08000000   Section      428  startup_stm32f429_439xx.o(RESET)
    .ARM.Collect$$$$00000000                 0x080001ac   Section        0  entry.o(.ARM.Collect$$$$00000000)
    .ARM.Collect$$$$00000001                 0x080001ac   Section        4  entry2.o(.ARM.Collect$$$$00000001)
    .ARM.Collect$$$$00000004                 0x080001b0   Section        4  entry5.o(.ARM.Collect$$$$00000004)
    .ARM.Collect$$$$00000008                 0x080001b4   Section        0  entry7b.o(.ARM.Collect$$$$00000008)
    .ARM.Collect$$$$0000000A                 0x080001b4   Section        0  entry8b.o(.ARM.Collect$$$$0000000A)
    .ARM.Collect$$$$0000000B                 0x080001b4   Section        8  entry9a.o(.ARM.Collect$$$$0000000B)
    .ARM.Collect$$$$0000000E                 0x080001bc   Section        4  entry12b.o(.ARM.Collect$$$$0000000E)
    .ARM.Collect$$$$0000000F                 0x080001c0   Section        0  entry10a.o(.ARM.Collect$$$$0000000F)
    .ARM.Collect$$$$00000011                 0x080001c0   Section        0  entry11a.o(.ARM.Collect$$$$00000011)
    .ARM.Collect$$$$00002712                 0x080001c0   Section        4  entry2.o(.ARM.Collect$$$$00002712)
    __lit__00000000                          0x080001c0   Data           4  entry2.o(.ARM.Collect$$$$00002712)
    .text                                    0x080001c4   Section       36  startup_stm32f429_439xx.o(.text)
    .text                                    0x080001e8   Section      204  los_dispatch_keil.o(.text)
    .text                                    0x080002b4   Section        0  uldiv.o(.text)
    .text                                    0x08000316   Section        0  memcpya.o(.text)
    .text                                    0x0800033a   Section        0  memseta.o(.text)
    .text                                    0x0800035e   Section        0  llshl.o(.text)
    .text                                    0x0800037c   Section        0  llushr.o(.text)
    .text                                    0x0800039c   Section       36  init.o(.text)
    i.AppTaskCreat                           0x080003c0   Section        0  los_usertask.o(i.AppTaskCreat)
    i.BSP_Init                               0x0800046c   Section        0  bsp_init.o(i.BSP_Init)
    i.BusFault_Handler                       0x08000488   Section        0  stm32f4xx_it.o(i.BusFault_Handler)
    i.Creat_Test_Task                        0x0800048c   Section        0  los_usertask.o(i.Creat_Test_Task)
    i.DebugMon_Handler                       0x080004cc   Section        0  stm32f4xx_it.o(i.DebugMon_Handler)
    i.Debug_USART_Config                     0x080004d0   Section        0  bsp_debug_usart.o(i.Debug_USART_Config)
    i.EXTI0_IRQHandler                       0x08000578   Section        0  los_usertask.o(i.EXTI0_IRQHandler)
    i.EXTI15_10_IRQHandler                   0x08000598   Section        0  los_usertask.o(i.EXTI15_10_IRQHandler)
    i.EXTI_ClearITPendingBit                 0x080005bc   Section        0  stm32f4xx_exti.o(i.EXTI_ClearITPendingBit)
    i.EXTI_GetFlagStatus                     0x080005c8   Section        0  stm32f4xx_exti.o(i.EXTI_GetFlagStatus)
    i.EXTI_Init                              0x080005e0   Section        0  stm32f4xx_exti.o(i.EXTI_Init)
    i.EXTI_Key_Config                        0x08000674   Section        0  bsp_exti.o(i.EXTI_Key_Config)
    i.GPIO_Init                              0x08000704   Section        0  stm32f4xx_gpio.o(i.GPIO_Init)
    i.GPIO_PinAFConfig                       0x08000794   Section        0  stm32f4xx_gpio.o(i.GPIO_PinAFConfig)
    i.HardFault_Handler                      0x080007da   Section        0  stm32f4xx_it.o(i.HardFault_Handler)
    i.Key_GPIO_Config                        0x080007e0   Section        0  bsp_key.o(i.Key_GPIO_Config)
    i.LED_GPIO_Config                        0x08000818   Section        0  bsp_led.o(i.LED_GPIO_Config)
    i.LOS_Align                              0x0800087c   Section        0  los_misc.o(i.LOS_Align)
    i.LOS_BinarySemCreate                    0x08000898   Section        0  los_sem.o(i.LOS_BinarySemCreate)
    i.LOS_ErrHandle                          0x080008ac   Section        0  los_err.o(i.LOS_ErrHandle)
    i.LOS_KernelInit                         0x080008f0   Section        0  los_init.o(i.LOS_KernelInit)
    i.LOS_ListAdd                            0x08000a08   Section        0  los_task.o(i.LOS_ListAdd)
    LOS_ListAdd                              0x08000a09   Thumb Code    14  los_task.o(i.LOS_ListAdd)
    i.LOS_ListAdd                            0x08000a16   Section        0  los_mux.o(i.LOS_ListAdd)
    LOS_ListAdd                              0x08000a17   Thumb Code    14  los_mux.o(i.LOS_ListAdd)
    i.LOS_ListAdd                            0x08000a24   Section        0  los_queue.o(i.LOS_ListAdd)
    LOS_ListAdd                              0x08000a25   Thumb Code    14  los_queue.o(i.LOS_ListAdd)
    i.LOS_ListAdd                            0x08000a32   Section        0  los_sem.o(i.LOS_ListAdd)
    LOS_ListAdd                              0x08000a33   Thumb Code    14  los_sem.o(i.LOS_ListAdd)
    i.LOS_ListDelete                         0x08000a40   Section        0  los_task.o(i.LOS_ListDelete)
    LOS_ListDelete                           0x08000a41   Thumb Code    20  los_task.o(i.LOS_ListDelete)
    i.LOS_ListEmpty                          0x08000a54   Section        0  los_priqueue.o(i.LOS_ListEmpty)
    LOS_ListEmpty                            0x08000a55   Thumb Code    16  los_priqueue.o(i.LOS_ListEmpty)
    i.LOS_ListEmpty                          0x08000a64   Section        0  los_task.o(i.LOS_ListEmpty)
    LOS_ListEmpty                            0x08000a65   Thumb Code    16  los_task.o(i.LOS_ListEmpty)
    i.LOS_ListEmpty                          0x08000a74   Section        0  los_queue.o(i.LOS_ListEmpty)
    LOS_ListEmpty                            0x08000a75   Thumb Code    16  los_queue.o(i.LOS_ListEmpty)
    i.LOS_ListEmpty                          0x08000a84   Section        0  los_sem.o(i.LOS_ListEmpty)
    LOS_ListEmpty                            0x08000a85   Thumb Code    16  los_sem.o(i.LOS_ListEmpty)
    i.LOS_ListInit                           0x08000a94   Section        0  los_task.o(i.LOS_ListInit)
    LOS_ListInit                             0x08000a95   Thumb Code     6  los_task.o(i.LOS_ListInit)
    i.LOS_ListInit                           0x08000a9a   Section        0  los_mux.o(i.LOS_ListInit)
    LOS_ListInit                             0x08000a9b   Thumb Code     6  los_mux.o(i.LOS_ListInit)
    i.LOS_ListInit                           0x08000aa0   Section        0  los_queue.o(i.LOS_ListInit)
    LOS_ListInit                             0x08000aa1   Thumb Code     6  los_queue.o(i.LOS_ListInit)
    i.LOS_ListInit                           0x08000aa6   Section        0  los_sem.o(i.LOS_ListInit)
    LOS_ListInit                             0x08000aa7   Thumb Code     6  los_sem.o(i.LOS_ListInit)
    i.LOS_ListTailInsert                     0x08000aac   Section        0  los_task.o(i.LOS_ListTailInsert)
    LOS_ListTailInsert                       0x08000aad   Thumb Code    16  los_task.o(i.LOS_ListTailInsert)
    i.LOS_MemAlloc                           0x08000abc   Section        0  los_memory.o(i.LOS_MemAlloc)
    i.LOS_MemAllocAlign                      0x08000ae6   Section        0  los_memory.o(i.LOS_MemAllocAlign)
    i.LOS_MemFree                            0x08000afa   Section        0  los_memory.o(i.LOS_MemFree)
    i.LOS_MemInit                            0x08000b30   Section        0  los_memory.o(i.LOS_MemInit)
    i.LOS_QueueCreate                        0x08000c3c   Section        0  los_queue.o(i.LOS_QueueCreate)
    i.LOS_QueueReadCopy                      0x08000d1c   Section        0  los_queue.o(i.LOS_QueueReadCopy)
    i.LOS_QueueWriteCopy                     0x08000d52   Section        0  los_queue.o(i.LOS_QueueWriteCopy)
    i.LOS_Schedule                           0x08000d88   Section        0  los_hw.o(i.LOS_Schedule)
    i.LOS_SemPend                            0x08000dc8   Section        0  los_sem.o(i.LOS_SemPend)
    i.LOS_SemPost                            0x08000f44   Section        0  los_sem.o(i.LOS_SemPost)
    i.LOS_Start                              0x08001000   Section        0  los_init.o(i.LOS_Start)
    i.LOS_TaskCreate                         0x08001044   Section        0  los_task.o(i.LOS_TaskCreate)
    i.LOS_TaskCreateOnly                     0x080010e0   Section        0  los_task.o(i.LOS_TaskCreateOnly)
    i.LOS_TaskDelay                          0x08001260   Section        0  los_task.o(i.LOS_TaskDelay)
    i.LOS_TaskDelete                         0x080012dc   Section        0  los_task.o(i.LOS_TaskDelete)
    i.LOS_TaskYield                          0x08001454   Section        0  los_task.o(i.LOS_TaskYield)
    i.LOS_TickCountGet                       0x080014e8   Section        0  los_sys.o(i.LOS_TickCountGet)
    i.MemManage_Handler                      0x080014f4   Section        0  stm32f4xx_it.o(i.MemManage_Handler)
    i.NMI_Handler                            0x080014f8   Section        0  stm32f4xx_it.o(i.NMI_Handler)
    i.NVIC_Configuration                     0x080014fa   Section        0  bsp_debug_usart.o(i.NVIC_Configuration)
    NVIC_Configuration                       0x080014fb   Thumb Code    38  bsp_debug_usart.o(i.NVIC_Configuration)
    i.NVIC_Configuration                     0x08001520   Section        0  bsp_exti.o(i.NVIC_Configuration)
    NVIC_Configuration                       0x08001521   Thumb Code    50  bsp_exti.o(i.NVIC_Configuration)
    i.NVIC_Init                              0x08001554   Section        0  misc.o(i.NVIC_Init)
    i.NVIC_PriorityGroupConfig               0x080015cc   Section        0  misc.o(i.NVIC_PriorityGroupConfig)
    i.RCC_AHB1PeriphClockCmd                 0x080015e0   Section        0  stm32f4xx_rcc.o(i.RCC_AHB1PeriphClockCmd)
    i.RCC_APB2PeriphClockCmd                 0x08001600   Section        0  stm32f4xx_rcc.o(i.RCC_APB2PeriphClockCmd)
    i.RCC_GetClocksFreq                      0x08001620   Section        0  stm32f4xx_rcc.o(i.RCC_GetClocksFreq)
    i.SVC_Handler                            0x08001708   Section        0  stm32f4xx_it.o(i.SVC_Handler)
    i.SYSCFG_EXTILineConfig                  0x0800170c   Section        0  stm32f4xx_syscfg.o(i.SYSCFG_EXTILineConfig)
    i.SetSysClock                            0x0800174c   Section        0  system_stm32f4xx.o(i.SetSysClock)
    SetSysClock                              0x0800174d   Thumb Code   272  system_stm32f4xx.o(i.SetSysClock)
    i.SysTick_Handler                        0x0800186c   Section        0  los_hwi.o(i.SysTick_Handler)
    i.SystemInit                             0x08001898   Section        0  system_stm32f4xx.o(i.SystemInit)
    i.Test_Task                              0x080018f4   Section        0  los_usertask.o(i.Test_Task)
    i.USART_Cmd                              0x08001958   Section        0  stm32f4xx_usart.o(i.USART_Cmd)
    i.USART_GetFlagStatus                    0x08001970   Section        0  stm32f4xx_usart.o(i.USART_GetFlagStatus)
    i.USART_ITConfig                         0x0800198a   Section        0  stm32f4xx_usart.o(i.USART_ITConfig)
    i.USART_Init                             0x080019d4   Section        0  stm32f4xx_usart.o(i.USART_Init)
    i.USART_SendData                         0x08001aa8   Section        0  stm32f4xx_usart.o(i.USART_SendData)
    i.UsageFault_Handler                     0x08001ab0   Section        0  stm32f4xx_it.o(i.UsageFault_Handler)
    i.__0printf$8                            0x08001ab4   Section        0  printf8.o(i.__0printf$8)
    i.__scatterload_copy                     0x08001ad4   Section       14  handlers.o(i.__scatterload_copy)
    i.__scatterload_null                     0x08001ae2   Section        2  handlers.o(i.__scatterload_null)
    i.__scatterload_zeroinit                 0x08001ae4   Section       14  handlers.o(i.__scatterload_zeroinit)
    i._printf_core                           0x08001af4   Section        0  printf8.o(i._printf_core)
    _printf_core                             0x08001af5   Thumb Code   984  printf8.o(i._printf_core)
    i._printf_post_padding                   0x08001ef8   Section        0  printf8.o(i._printf_post_padding)
    _printf_post_padding                     0x08001ef9   Thumb Code    36  printf8.o(i._printf_post_padding)
    i._printf_pre_padding                    0x08001f1c   Section        0  printf8.o(i._printf_pre_padding)
    _printf_pre_padding                      0x08001f1d   Thumb Code    46  printf8.o(i._printf_pre_padding)
    i.fputc                                  0x08001f4c   Section        0  bsp_debug_usart.o(i.fputc)
    i.main                                   0x08001f70   Section        0  main.o(i.main)
    i.osAlarmHeapInfo                        0x08002020   Section        0  los_heap.o(i.osAlarmHeapInfo)
    i.osAtomicBitsetClearBit                 0x08002044   Section        0  los_slab.o(i.osAtomicBitsetClearBit)
    i.osAtomicBitsetFindClearAndSet          0x08002068   Section        0  los_slab.o(i.osAtomicBitsetFindClearAndSet)
    i.osAtomicBitsetGetBit                   0x080020b8   Section        0  los_slab.o(i.osAtomicBitsetGetBit)
    i.osAtomicBitsetGetNumBits               0x080020e2   Section        0  los_slab.o(i.osAtomicBitsetGetNumBits)
    i.osAtomicBitsetInit                     0x080020e8   Section        0  los_slab.o(i.osAtomicBitsetInit)
    i.osHeapAlloc                            0x08002118   Section        0  los_heap.o(i.osHeapAlloc)
    i.osHeapAllocAlign                       0x08002280   Section        0  los_heap.o(i.osHeapAllocAlign)
    i.osHeapFree                             0x080022dc   Section        0  los_heap.o(i.osHeapFree)
    i.osHeapInit                             0x0800241c   Section        0  los_heap.o(i.osHeapInit)
    i.osHeapPrvGetNext                       0x08002460   Section        0  los_heap.o(i.osHeapPrvGetNext)
    i.osHeapStatisticsGet                    0x0800247c   Section        0  los_heap.o(i.osHeapStatisticsGet)
    i.osIdleTask                             0x080024e0   Section        0  los_task.o(i.osIdleTask)
    i.osIdleTaskCreate                       0x080024e4   Section        0  los_task.o(i.osIdleTaskCreate)
    i.osIntNumGet                            0x08002530   Section        0  los_hwi.o(i.osIntNumGet)
    i.osMemSystemInit                        0x08002538   Section        0  los_memory.o(i.osMemSystemInit)
    i.osMuxInit                              0x08002554   Section        0  los_mux.o(i.osMuxInit)
    i.osPriqueueDequeue                      0x080025b8   Section        0  los_priqueue.o(i.osPriqueueDequeue)
    i.osPriqueueEnqueue                      0x08002604   Section        0  los_priqueue.o(i.osPriqueueEnqueue)
    i.osPriqueueInit                         0x0800264c   Section        0  los_priqueue.o(i.osPriqueueInit)
    i.osPriqueueSize                         0x08002694   Section        0  los_priqueue.o(i.osPriqueueSize)
    i.osPriqueueTop                          0x080026bc   Section        0  los_priqueue.o(i.osPriqueueTop)
    i.osQueueBufferOperate                   0x080026e4   Section        0  los_queue.o(i.osQueueBufferOperate)
    osQueueBufferOperate                     0x080026e5   Thumb Code   226  los_queue.o(i.osQueueBufferOperate)
    i.osQueueInit                            0x080027f0   Section        0  los_queue.o(i.osQueueInit)
    i.osQueueOperate                         0x08002860   Section        0  los_queue.o(i.osQueueOperate)
    i.osQueueReadParameterCheck              0x080029e8   Section        0  los_queue.o(i.osQueueReadParameterCheck)
    osQueueReadParameterCheck                0x080029e9   Thumb Code    60  los_queue.o(i.osQueueReadParameterCheck)
    i.osQueueWriteParameterCheck             0x08002a28   Section        0  los_queue.o(i.osQueueWriteParameterCheck)
    osQueueWriteParameterCheck               0x08002a29   Thumb Code    58  los_queue.o(i.osQueueWriteParameterCheck)
    i.osRegister                             0x08002a68   Section        0  los_init.o(i.osRegister)
    osRegister                               0x08002a69   Thumb Code     8  los_init.o(i.osRegister)
    i.osSchedule                             0x08002a74   Section        0  los_hw.o(i.osSchedule)
    i.osSemCreate                            0x08002a7c   Section        0  los_sem.o(i.osSemCreate)
    i.osSemInit                              0x08002b38   Section        0  los_sem.o(i.osSemInit)
    i.osSlabAllocatorAlloc                   0x08002b98   Section        0  los_slab.o(i.osSlabAllocatorAlloc)
    i.osSlabAllocatorFree                    0x08002bb6   Section        0  los_slab.o(i.osSlabAllocatorFree)
    i.osSlabAllocatorNew                     0x08002bfe   Section        0  los_slab.o(i.osSlabAllocatorNew)
    i.osSlabBlockHeadFill                    0x08002c5a   Section        0  los_slabmem.o(i.osSlabBlockHeadFill)
    i.osSlabCtrlHdrGet                       0x08002c6c   Section        0  los_memory.o(i.osSlabCtrlHdrGet)
    i.osSlabMemAlloc                         0x08002c74   Section        0  los_slabmem.o(i.osSlabMemAlloc)
    i.osSlabMemFree                          0x08002d14   Section        0  los_slabmem.o(i.osSlabMemFree)
    i.osSlabMemInit                          0x08002d88   Section        0  los_slabmem.o(i.osSlabMemInit)
    i.osSwTmrInit                            0x08002df4   Section        0  los_swtmr.o(i.osSwTmrInit)
    i.osSwTmrStart                           0x08002e88   Section        0  los_swtmr.o(i.osSwTmrStart)
    i.osSwTmrTask                            0x08002ed4   Section        0  los_swtmr.o(i.osSwTmrTask)
    i.osSwTmrTaskCreate                      0x08002f18   Section        0  los_swtmr.o(i.osSwTmrTaskCreate)
    i.osSwTmrTimeoutHandle                   0x08002f5c   Section        0  los_swtmr.o(i.osSwTmrTimeoutHandle)
    osSwTmrTimeoutHandle                     0x08002f5d   Thumb Code   120  los_swtmr.o(i.osSwTmrTimeoutHandle)
    i.osSwtmrDelete                          0x08002fdc   Section        0  los_swtmr.o(i.osSwtmrDelete)
    osSwtmrDelete                            0x08002fdd   Thumb Code    16  los_swtmr.o(i.osSwtmrDelete)
    i.osSwtmrScan                            0x08002ff0   Section        0  los_swtmr.o(i.osSwtmrScan)
    i.osTaskAdd2TimerList                    0x08003014   Section        0  los_task.o(i.osTaskAdd2TimerList)
    i.osTaskEntry                            0x080030d4   Section        0  los_task.o(i.osTaskEntry)
    i.osTaskExit                             0x08003104   Section        0  los_hw.o(i.osTaskExit)
    i.osTaskInit                             0x0800310c   Section        0  los_task.o(i.osTaskInit)
    i.osTaskMonInit                          0x08003234   Section        0  los_task.o(i.osTaskMonInit)
    i.osTaskScan                             0x08003264   Section        0  los_task.o(i.osTaskScan)
    i.osTaskSwitchCheck                      0x08003340   Section        0  los_task.o(i.osTaskSwitchCheck)
    i.osTaskWait                             0x080034c4   Section        0  los_task.o(i.osTaskWait)
    i.osTaskWake                             0x08003510   Section        0  los_task.o(i.osTaskWake)
    i.osTickHandler                          0x08003558   Section        0  los_tick.o(i.osTickHandler)
    i.osTickStart                            0x08003580   Section        0  los_hw_tick.o(i.osTickStart)
    i.osTimerListDelete                      0x08003634   Section        0  los_task.o(i.osTimerListDelete)
    i.osTimesliceCheck                       0x0800367c   Section        0  los_timeslice.o(i.osTimesliceCheck)
    i.osTimesliceInit                        0x080036c8   Section        0  los_timeslice.o(i.osTimesliceInit)
    i.osTskStackInit                         0x080036d8   Section        0  los_hw.o(i.osTskStackInit)
    .data                                    0x20000000   Section       20  system_stm32f4xx.o(.data)
    .data                                    0x20000014   Section       16  stm32f4xx_rcc.o(.data)
    APBAHBPrescTable                         0x20000014   Data          16  stm32f4xx_rcc.o(.data)
    .data                                    0x20000024   Section        8  los_priqueue.o(.data)
    g_uwPriQueueBitmap                       0x20000028   Data           4  los_priqueue.o(.data)
    .data                                    0x2000002c   Section       16  los_swtmr.o(.data)
    .data                                    0x2000003c   Section       72  los_task.o(.data)
    .data                                    0x20000088   Section       28  los_tick.o(.data)
    .data                                    0x200000a4   Section        8  los_timeslice.o(.data)
    .data                                    0x200000ac   Section       12  los_mux.o(.data)
    .data                                    0x200000b8   Section       12  los_queue.o(.data)
    .data                                    0x200000c4   Section       12  los_sem.o(.data)
    .data                                    0x200000d0   Section       16  los_heap.o(.data)
    g_uwAllocCount                           0x200000d0   Data           4  los_heap.o(.data)
    g_uwFreeCount                            0x200000d4   Data           4  los_heap.o(.data)
    g_uwCurHeapUsed                          0x200000d8   Data           4  los_heap.o(.data)
    g_uwMaxHeapUsed                          0x200000dc   Data           4  los_heap.o(.data)
    .data                                    0x200000e0   Section        4  los_memory.o(.data)
    .data                                    0x200000e4   Section        4  los_err.o(.data)
    .data                                    0x200000e8   Section        4  los_init.o(.data)
    .data                                    0x200000ec   Section       12  los_usertask.o(.data)
    .data                                    0x200000f8   Section        4  stdout.o(.data)
    .bss                                     0x200000fc   Section      342  los_task.o(.bss)
    STACK                                    0x20000258   Section     1024  startup_stm32f429_439xx.o(STACK)

    Global Symbols

    Symbol Name                              Value     Ov Type        Size  Object(Section)

    BuildAttributes$$THM_ISAv4$E$P$D$K$B$S$7EM$PE$A:L22UL41UL21$X:L11$S22US41US21$IEEE1$IW$USESV6$~STKCKD$USESV7$~SHL$OSPACE$ROPI$EBA8$MICROLIB$REQ8$PRES8$EABIv2 0x00000000   Number         0  anon$$obj.o ABSOLUTE
    __ARM_use_no_argv                        0x00000000   Number         0  main.o ABSOLUTE
    _printf_a                                0x00000000   Number         0  stubs.o ABSOLUTE
    _printf_c                                0x00000000   Number         0  stubs.o ABSOLUTE
    _printf_charcount                        0x00000000   Number         0  stubs.o ABSOLUTE
    _printf_d                                0x00000000   Number         0  stubs.o ABSOLUTE
    _printf_e                                0x00000000   Number         0  stubs.o ABSOLUTE
    _printf_f                                0x00000000   Number         0  stubs.o ABSOLUTE
    _printf_flags                            0x00000000   Number         0  stubs.o ABSOLUTE
    _printf_fp_dec                           0x00000000   Number         0  stubs.o ABSOLUTE
    _printf_fp_hex                           0x00000000   Number         0  stubs.o ABSOLUTE
    _printf_g                                0x00000000   Number         0  stubs.o ABSOLUTE
    _printf_i                                0x00000000   Number         0  stubs.o ABSOLUTE
    _printf_int_dec                          0x00000000   Number         0  stubs.o ABSOLUTE
    _printf_l                                0x00000000   Number         0  stubs.o ABSOLUTE
    _printf_lc                               0x00000000   Number         0  stubs.o ABSOLUTE
    _printf_ll                               0x00000000   Number         0  stubs.o ABSOLUTE
    _printf_lld                              0x00000000   Number         0  stubs.o ABSOLUTE
    _printf_lli                              0x00000000   Number         0  stubs.o ABSOLUTE
    _printf_llo                              0x00000000   Number         0  stubs.o ABSOLUTE
    _printf_llu                              0x00000000   Number         0  stubs.o ABSOLUTE
    _printf_llx                              0x00000000   Number         0  stubs.o ABSOLUTE
    _printf_longlong_dec                     0x00000000   Number         0  stubs.o ABSOLUTE
    _printf_longlong_hex                     0x00000000   Number         0  stubs.o ABSOLUTE
    _printf_longlong_oct                     0x00000000   Number         0  stubs.o ABSOLUTE
    _printf_ls                               0x00000000   Number         0  stubs.o ABSOLUTE
    _printf_mbtowc                           0x00000000   Number         0  stubs.o ABSOLUTE
    _printf_n                                0x00000000   Number         0  stubs.o ABSOLUTE
    _printf_o                                0x00000000   Number         0  stubs.o ABSOLUTE
    _printf_p                                0x00000000   Number         0  stubs.o ABSOLUTE
    _printf_percent                          0x00000000   Number         0  stubs.o ABSOLUTE
    _printf_pre_padding                      0x00000000   Number         0  stubs.o ABSOLUTE
    _printf_return_value                     0x00000000   Number         0  stubs.o ABSOLUTE
    _printf_s                                0x00000000   Number         0  stubs.o ABSOLUTE
    _printf_sizespec                         0x00000000   Number         0  stubs.o ABSOLUTE
    _printf_str                              0x00000000   Number         0  stubs.o ABSOLUTE
    _printf_truncate_signed                  0x00000000   Number         0  stubs.o ABSOLUTE
    _printf_truncate_unsigned                0x00000000   Number         0  stubs.o ABSOLUTE
    _printf_u                                0x00000000   Number         0  stubs.o ABSOLUTE
    _printf_wc                               0x00000000   Number         0  stubs.o ABSOLUTE
    _printf_wctomb                           0x00000000   Number         0  stubs.o ABSOLUTE
    _printf_widthprec                        0x00000000   Number         0  stubs.o ABSOLUTE
    _printf_x                                0x00000000   Number         0  stubs.o ABSOLUTE
    __arm_fini_                               - Undefined Weak Reference
    __cpp_initialize__aeabi_                  - Undefined Weak Reference
    __cxa_finalize                            - Undefined Weak Reference
    __decompress                              - Undefined Weak Reference
    _clock_init                               - Undefined Weak Reference
    _microlib_exit                            - Undefined Weak Reference
    __Vectors_Size                           0x000001ac   Number         0  startup_stm32f429_439xx.o ABSOLUTE
    __Vectors                                0x08000000   Data           4  startup_stm32f429_439xx.o(RESET)
    __Vectors_End                            0x080001ac   Data           0  startup_stm32f429_439xx.o(RESET)
    __main                                   0x080001ad   Thumb Code     0  entry.o(.ARM.Collect$$$$00000000)
    _main_stk                                0x080001ad   Thumb Code     0  entry2.o(.ARM.Collect$$$$00000001)
    _main_scatterload                        0x080001b1   Thumb Code     0  entry5.o(.ARM.Collect$$$$00000004)
    __main_after_scatterload                 0x080001b5   Thumb Code     0  entry5.o(.ARM.Collect$$$$00000004)
    _main_clock                              0x080001b5   Thumb Code     0  entry7b.o(.ARM.Collect$$$$00000008)
    _main_cpp_init                           0x080001b5   Thumb Code     0  entry8b.o(.ARM.Collect$$$$0000000A)
    _main_init                               0x080001b5   Thumb Code     0  entry9a.o(.ARM.Collect$$$$0000000B)
    __rt_lib_shutdown_fini                   0x080001bd   Thumb Code     0  entry12b.o(.ARM.Collect$$$$0000000E)
    __rt_final_cpp                           0x080001c1   Thumb Code     0  entry10a.o(.ARM.Collect$$$$0000000F)
    __rt_final_exit                          0x080001c1   Thumb Code     0  entry11a.o(.ARM.Collect$$$$00000011)
    Reset_Handler                            0x080001c5   Thumb Code     8  startup_stm32f429_439xx.o(.text)
    ADC_IRQHandler                           0x080001df   Thumb Code     0  startup_stm32f429_439xx.o(.text)
    CAN1_RX0_IRQHandler                      0x080001df   Thumb Code     0  startup_stm32f429_439xx.o(.text)
    CAN1_RX1_IRQHandler                      0x080001df   Thumb Code     0  startup_stm32f429_439xx.o(.text)
    CAN1_SCE_IRQHandler                      0x080001df   Thumb Code     0  startup_stm32f429_439xx.o(.text)
    CAN1_TX_IRQHandler                       0x080001df   Thumb Code     0  startup_stm32f429_439xx.o(.text)
    CAN2_RX0_IRQHandler                      0x080001df   Thumb Code     0  startup_stm32f429_439xx.o(.text)
    CAN2_RX1_IRQHandler                      0x080001df   Thumb Code     0  startup_stm32f429_439xx.o(.text)
    CAN2_SCE_IRQHandler                      0x080001df   Thumb Code     0  startup_stm32f429_439xx.o(.text)
    CAN2_TX_IRQHandler                       0x080001df   Thumb Code     0  startup_stm32f429_439xx.o(.text)
    DCMI_IRQHandler                          0x080001df   Thumb Code     0  startup_stm32f429_439xx.o(.text)
    DMA1_Stream0_IRQHandler                  0x080001df   Thumb Code     0  startup_stm32f429_439xx.o(.text)
    DMA1_Stream1_IRQHandler                  0x080001df   Thumb Code     0  startup_stm32f429_439xx.o(.text)
    DMA1_Stream2_IRQHandler                  0x080001df   Thumb Code     0  startup_stm32f429_439xx.o(.text)
    DMA1_Stream3_IRQHandler                  0x080001df   Thumb Code     0  startup_stm32f429_439xx.o(.text)
    DMA1_Stream4_IRQHandler                  0x080001df   Thumb Code     0  startup_stm32f429_439xx.o(.text)
    DMA1_Stream5_IRQHandler                  0x080001df   Thumb Code     0  startup_stm32f429_439xx.o(.text)
    DMA1_Stream6_IRQHandler                  0x080001df   Thumb Code     0  startup_stm32f429_439xx.o(.text)
    DMA1_Stream7_IRQHandler                  0x080001df   Thumb Code     0  startup_stm32f429_439xx.o(.text)
    DMA2D_IRQHandler                         0x080001df   Thumb Code     0  startup_stm32f429_439xx.o(.text)
    DMA2_Stream0_IRQHandler                  0x080001df   Thumb Code     0  startup_stm32f429_439xx.o(.text)
    DMA2_Stream1_IRQHandler                  0x080001df   Thumb Code     0  startup_stm32f429_439xx.o(.text)
    DMA2_Stream2_IRQHandler                  0x080001df   Thumb Code     0  startup_stm32f429_439xx.o(.text)
    DMA2_Stream3_IRQHandler                  0x080001df   Thumb Code     0  startup_stm32f429_439xx.o(.text)
    DMA2_Stream4_IRQHandler                  0x080001df   Thumb Code     0  startup_stm32f429_439xx.o(.text)
    DMA2_Stream5_IRQHandler                  0x080001df   Thumb Code     0  startup_stm32f429_439xx.o(.text)
    DMA2_Stream6_IRQHandler                  0x080001df   Thumb Code     0  startup_stm32f429_439xx.o(.text)
    DMA2_Stream7_IRQHandler                  0x080001df   Thumb Code     0  startup_stm32f429_439xx.o(.text)
    ETH_IRQHandler                           0x080001df   Thumb Code     0  startup_stm32f429_439xx.o(.text)
    ETH_WKUP_IRQHandler                      0x080001df   Thumb Code     0  startup_stm32f429_439xx.o(.text)
    EXTI1_IRQHandler                         0x080001df   Thumb Code     0  startup_stm32f429_439xx.o(.text)
    EXTI2_IRQHandler                         0x080001df   Thumb Code     0  startup_stm32f429_439xx.o(.text)
    EXTI3_IRQHandler                         0x080001df   Thumb Code     0  startup_stm32f429_439xx.o(.text)
    EXTI4_IRQHandler                         0x080001df   Thumb Code     0  startup_stm32f429_439xx.o(.text)
    EXTI9_5_IRQHandler                       0x080001df   Thumb Code     0  startup_stm32f429_439xx.o(.text)
    FLASH_IRQHandler                         0x080001df   Thumb Code     0  startup_stm32f429_439xx.o(.text)
    FMC_IRQHandler                           0x080001df   Thumb Code     0  startup_stm32f429_439xx.o(.text)
    FPU_IRQHandler                           0x080001df   Thumb Code     0  startup_stm32f429_439xx.o(.text)
    HASH_RNG_IRQHandler                      0x080001df   Thumb Code     0  startup_stm32f429_439xx.o(.text)
    I2C1_ER_IRQHandler                       0x080001df   Thumb Code     0  startup_stm32f429_439xx.o(.text)
    I2C1_EV_IRQHandler                       0x080001df   Thumb Code     0  startup_stm32f429_439xx.o(.text)
    I2C2_ER_IRQHandler                       0x080001df   Thumb Code     0  startup_stm32f429_439xx.o(.text)
    I2C2_EV_IRQHandler                       0x080001df   Thumb Code     0  startup_stm32f429_439xx.o(.text)
    I2C3_ER_IRQHandler                       0x080001df   Thumb Code     0  startup_stm32f429_439xx.o(.text)
    I2C3_EV_IRQHandler                       0x080001df   Thumb Code     0  startup_stm32f429_439xx.o(.text)
    LTDC_ER_IRQHandler                       0x080001df   Thumb Code     0  startup_stm32f429_439xx.o(.text)
    LTDC_IRQHandler                          0x080001df   Thumb Code     0  startup_stm32f429_439xx.o(.text)
    OTG_FS_IRQHandler                        0x080001df   Thumb Code     0  startup_stm32f429_439xx.o(.text)
    OTG_FS_WKUP_IRQHandler                   0x080001df   Thumb Code     0  startup_stm32f429_439xx.o(.text)
    OTG_HS_EP1_IN_IRQHandler                 0x080001df   Thumb Code     0  startup_stm32f429_439xx.o(.text)
    OTG_HS_EP1_OUT_IRQHandler                0x080001df   Thumb Code     0  startup_stm32f429_439xx.o(.text)
    OTG_HS_IRQHandler                        0x080001df   Thumb Code     0  startup_stm32f429_439xx.o(.text)
    OTG_HS_WKUP_IRQHandler                   0x080001df   Thumb Code     0  startup_stm32f429_439xx.o(.text)
    PVD_IRQHandler                           0x080001df   Thumb Code     0  startup_stm32f429_439xx.o(.text)
    RCC_IRQHandler                           0x080001df   Thumb Code     0  startup_stm32f429_439xx.o(.text)
    RTC_Alarm_IRQHandler                     0x080001df   Thumb Code     0  startup_stm32f429_439xx.o(.text)
    RTC_WKUP_IRQHandler                      0x080001df   Thumb Code     0  startup_stm32f429_439xx.o(.text)
    SAI1_IRQHandler                          0x080001df   Thumb Code     0  startup_stm32f429_439xx.o(.text)
    SDIO_IRQHandler                          0x080001df   Thumb Code     0  startup_stm32f429_439xx.o(.text)
    SPI1_IRQHandler                          0x080001df   Thumb Code     0  startup_stm32f429_439xx.o(.text)
    SPI2_IRQHandler                          0x080001df   Thumb Code     0  startup_stm32f429_439xx.o(.text)
    SPI3_IRQHandler                          0x080001df   Thumb Code     0  startup_stm32f429_439xx.o(.text)
    SPI4_IRQHandler                          0x080001df   Thumb Code     0  startup_stm32f429_439xx.o(.text)
    SPI5_IRQHandler                          0x080001df   Thumb Code     0  startup_stm32f429_439xx.o(.text)
    SPI6_IRQHandler                          0x080001df   Thumb Code     0  startup_stm32f429_439xx.o(.text)
    TAMP_STAMP_IRQHandler                    0x080001df   Thumb Code     0  startup_stm32f429_439xx.o(.text)
    TIM1_BRK_TIM9_IRQHandler                 0x080001df   Thumb Code     0  startup_stm32f429_439xx.o(.text)
    TIM1_CC_IRQHandler                       0x080001df   Thumb Code     0  startup_stm32f429_439xx.o(.text)
    TIM1_TRG_COM_TIM11_IRQHandler            0x080001df   Thumb Code     0  startup_stm32f429_439xx.o(.text)
    TIM1_UP_TIM10_IRQHandler                 0x080001df   Thumb Code     0  startup_stm32f429_439xx.o(.text)
    TIM2_IRQHandler                          0x080001df   Thumb Code     0  startup_stm32f429_439xx.o(.text)
    TIM3_IRQHandler                          0x080001df   Thumb Code     0  startup_stm32f429_439xx.o(.text)
    TIM4_IRQHandler                          0x080001df   Thumb Code     0  startup_stm32f429_439xx.o(.text)
    TIM5_IRQHandler                          0x080001df   Thumb Code     0  startup_stm32f429_439xx.o(.text)
    TIM6_DAC_IRQHandler                      0x080001df   Thumb Code     0  startup_stm32f429_439xx.o(.text)
    TIM7_IRQHandler                          0x080001df   Thumb Code     0  startup_stm32f429_439xx.o(.text)
    TIM8_BRK_TIM12_IRQHandler                0x080001df   Thumb Code     0  startup_stm32f429_439xx.o(.text)
    TIM8_CC_IRQHandler                       0x080001df   Thumb Code     0  startup_stm32f429_439xx.o(.text)
    TIM8_TRG_COM_TIM14_IRQHandler            0x080001df   Thumb Code     0  startup_stm32f429_439xx.o(.text)
    TIM8_UP_TIM13_IRQHandler                 0x080001df   Thumb Code     0  startup_stm32f429_439xx.o(.text)
    UART4_IRQHandler                         0x080001df   Thumb Code     0  startup_stm32f429_439xx.o(.text)
    UART5_IRQHandler                         0x080001df   Thumb Code     0  startup_stm32f429_439xx.o(.text)
    UART7_IRQHandler                         0x080001df   Thumb Code     0  startup_stm32f429_439xx.o(.text)
    UART8_IRQHandler                         0x080001df   Thumb Code     0  startup_stm32f429_439xx.o(.text)
    USART1_IRQHandler                        0x080001df   Thumb Code     0  startup_stm32f429_439xx.o(.text)
    USART2_IRQHandler                        0x080001df   Thumb Code     0  startup_stm32f429_439xx.o(.text)
    USART3_IRQHandler                        0x080001df   Thumb Code     0  startup_stm32f429_439xx.o(.text)
    USART6_IRQHandler                        0x080001df   Thumb Code     0  startup_stm32f429_439xx.o(.text)
    WWDG_IRQHandler                          0x080001df   Thumb Code     0  startup_stm32f429_439xx.o(.text)
    LOS_StartToRun                           0x080001e9   Thumb Code     0  los_dispatch_keil.o(.text)
    LOS_IntLock                              0x08000231   Thumb Code     0  los_dispatch_keil.o(.text)
    LOS_IntUnLock                            0x08000239   Thumb Code     0  los_dispatch_keil.o(.text)
    LOS_IntRestore                           0x08000241   Thumb Code     0  los_dispatch_keil.o(.text)
    osTaskSchedule                           0x08000247   Thumb Code     0  los_dispatch_keil.o(.text)
    PendSV_Handler                           0x08000251   Thumb Code     0  los_dispatch_keil.o(.text)
    __aeabi_uldivmod                         0x080002b5   Thumb Code    98  uldiv.o(.text)
    __aeabi_memcpy                           0x08000317   Thumb Code    36  memcpya.o(.text)
    __aeabi_memcpy4                          0x08000317   Thumb Code     0  memcpya.o(.text)
    __aeabi_memcpy8                          0x08000317   Thumb Code     0  memcpya.o(.text)
    __aeabi_memset                           0x0800033b   Thumb Code    14  memseta.o(.text)
    __aeabi_memset4                          0x0800033b   Thumb Code     0  memseta.o(.text)
    __aeabi_memset8                          0x0800033b   Thumb Code     0  memseta.o(.text)
    __aeabi_memclr                           0x08000349   Thumb Code     4  memseta.o(.text)
    __aeabi_memclr4                          0x08000349   Thumb Code     0  memseta.o(.text)
    __aeabi_memclr8                          0x08000349   Thumb Code     0  memseta.o(.text)
    _memset$wrapper                          0x0800034d   Thumb Code    18  memseta.o(.text)
    __aeabi_llsl                             0x0800035f   Thumb Code    30  llshl.o(.text)
    _ll_shift_l                              0x0800035f   Thumb Code     0  llshl.o(.text)
    __aeabi_llsr                             0x0800037d   Thumb Code    32  llushr.o(.text)
    _ll_ushift_r                             0x0800037d   Thumb Code     0  llushr.o(.text)
    __scatterload                            0x0800039d   Thumb Code    28  init.o(.text)
    __scatterload_rt2                        0x0800039d   Thumb Code     0  init.o(.text)
    AppTaskCreat                             0x080003c1   Thumb Code    56  los_usertask.o(i.AppTaskCreat)
    BSP_Init                                 0x0800046d   Thumb Code    28  bsp_init.o(i.BSP_Init)
    BusFault_Handler                         0x08000489   Thumb Code     4  stm32f4xx_it.o(i.BusFault_Handler)
    Creat_Test_Task                          0x0800048d   Thumb Code    42  los_usertask.o(i.Creat_Test_Task)
    DebugMon_Handler                         0x080004cd   Thumb Code     2  stm32f4xx_it.o(i.DebugMon_Handler)
    Debug_USART_Config                       0x080004d1   Thumb Code   158  bsp_debug_usart.o(i.Debug_USART_Config)
    EXTI0_IRQHandler                         0x08000579   Thumb Code    26  los_usertask.o(i.EXTI0_IRQHandler)
    EXTI15_10_IRQHandler                     0x08000599   Thumb Code    30  los_usertask.o(i.EXTI15_10_IRQHandler)
    EXTI_ClearITPendingBit                   0x080005bd   Thumb Code     6  stm32f4xx_exti.o(i.EXTI_ClearITPendingBit)
    EXTI_GetFlagStatus                       0x080005c9   Thumb Code    20  stm32f4xx_exti.o(i.EXTI_GetFlagStatus)
    EXTI_Init                                0x080005e1   Thumb Code   142  stm32f4xx_exti.o(i.EXTI_Init)
    EXTI_Key_Config                          0x08000675   Thumb Code   134  bsp_exti.o(i.EXTI_Key_Config)
    GPIO_Init                                0x08000705   Thumb Code   144  stm32f4xx_gpio.o(i.GPIO_Init)
    GPIO_PinAFConfig                         0x08000795   Thumb Code    70  stm32f4xx_gpio.o(i.GPIO_PinAFConfig)
    HardFault_Handler                        0x080007db   Thumb Code     4  stm32f4xx_it.o(i.HardFault_Handler)
    Key_GPIO_Config                          0x080007e1   Thumb Code    48  bsp_key.o(i.Key_GPIO_Config)
    LED_GPIO_Config                          0x08000819   Thumb Code    96  bsp_led.o(i.LED_GPIO_Config)
    LOS_Align                                0x0800087d   Thumb Code    28  los_misc.o(i.LOS_Align)
    LOS_BinarySemCreate                      0x08000899   Thumb Code    18  los_sem.o(i.LOS_BinarySemCreate)
    LOS_ErrHandle                            0x080008ad   Thumb Code    58  los_err.o(i.LOS_ErrHandle)
    LOS_KernelInit                           0x080008f1   Thumb Code   174  los_init.o(i.LOS_KernelInit)
    LOS_MemAlloc                             0x08000abd   Thumb Code    42  los_memory.o(i.LOS_MemAlloc)
    LOS_MemAllocAlign                        0x08000ae7   Thumb Code    20  los_memory.o(i.LOS_MemAllocAlign)
    LOS_MemFree                              0x08000afb   Thumb Code    52  los_memory.o(i.LOS_MemFree)
    LOS_MemInit                              0x08000b31   Thumb Code   206  los_memory.o(i.LOS_MemInit)
    LOS_QueueCreate                          0x08000c3d   Thumb Code   210  los_queue.o(i.LOS_QueueCreate)
    LOS_QueueReadCopy                        0x08000d1d   Thumb Code    54  los_queue.o(i.LOS_QueueReadCopy)
    LOS_QueueWriteCopy                       0x08000d53   Thumb Code    54  los_queue.o(i.LOS_QueueWriteCopy)
    LOS_Schedule                             0x08000d89   Thumb Code    56  los_hw.o(i.LOS_Schedule)
    LOS_SemPend                              0x08000dc9   Thumb Code   260  los_sem.o(i.LOS_SemPend)
    LOS_SemPost                              0x08000f45   Thumb Code   154  los_sem.o(i.LOS_SemPost)
    LOS_Start                                0x08001001   Thumb Code    38  los_init.o(i.LOS_Start)
    LOS_TaskCreate                           0x08001045   Thumb Code   140  los_task.o(i.LOS_TaskCreate)
    LOS_TaskCreateOnly                       0x080010e1   Thumb Code   354  los_task.o(i.LOS_TaskCreateOnly)
    LOS_TaskDelay                            0x08001261   Thumb Code   106  los_task.o(i.LOS_TaskDelay)
    LOS_TaskDelete                           0x080012dd   Thumb Code   334  los_task.o(i.LOS_TaskDelete)
    LOS_TaskYield                            0x08001455   Thumb Code   134  los_task.o(i.LOS_TaskYield)
    LOS_TickCountGet                         0x080014e9   Thumb Code     6  los_sys.o(i.LOS_TickCountGet)
    MemManage_Handler                        0x080014f5   Thumb Code     4  stm32f4xx_it.o(i.MemManage_Handler)
    NMI_Handler                              0x080014f9   Thumb Code     2  stm32f4xx_it.o(i.NMI_Handler)
    NVIC_Init                                0x08001555   Thumb Code   106  misc.o(i.NVIC_Init)
    NVIC_PriorityGroupConfig                 0x080015cd   Thumb Code    10  misc.o(i.NVIC_PriorityGroupConfig)
    RCC_AHB1PeriphClockCmd                   0x080015e1   Thumb Code    26  stm32f4xx_rcc.o(i.RCC_AHB1PeriphClockCmd)
    RCC_APB2PeriphClockCmd                   0x08001601   Thumb Code    26  stm32f4xx_rcc.o(i.RCC_APB2PeriphClockCmd)
    RCC_GetClocksFreq                        0x08001621   Thumb Code   214  stm32f4xx_rcc.o(i.RCC_GetClocksFreq)
    SVC_Handler                              0x08001709   Thumb Code     2  stm32f4xx_it.o(i.SVC_Handler)
    SYSCFG_EXTILineConfig                    0x0800170d   Thumb Code    60  stm32f4xx_syscfg.o(i.SYSCFG_EXTILineConfig)
    SysTick_Handler                          0x0800186d   Thumb Code    34  los_hwi.o(i.SysTick_Handler)
    SystemInit                               0x08001899   Thumb Code    74  system_stm32f4xx.o(i.SystemInit)
    Test_Task                                0x080018f5   Thumb Code    52  los_usertask.o(i.Test_Task)
    USART_Cmd                                0x08001959   Thumb Code    24  stm32f4xx_usart.o(i.USART_Cmd)
    USART_GetFlagStatus                      0x08001971   Thumb Code    26  stm32f4xx_usart.o(i.USART_GetFlagStatus)
    USART_ITConfig                           0x0800198b   Thumb Code    74  stm32f4xx_usart.o(i.USART_ITConfig)
    USART_Init                               0x080019d5   Thumb Code   204  stm32f4xx_usart.o(i.USART_Init)
    USART_SendData                           0x08001aa9   Thumb Code     8  stm32f4xx_usart.o(i.USART_SendData)
    UsageFault_Handler                       0x08001ab1   Thumb Code     4  stm32f4xx_it.o(i.UsageFault_Handler)
    __0printf$8                              0x08001ab5   Thumb Code    22  printf8.o(i.__0printf$8)
    __1printf$8                              0x08001ab5   Thumb Code     0  printf8.o(i.__0printf$8)
    __2printf                                0x08001ab5   Thumb Code     0  printf8.o(i.__0printf$8)
    __scatterload_copy                       0x08001ad5   Thumb Code    14  handlers.o(i.__scatterload_copy)
    __scatterload_null                       0x08001ae3   Thumb Code     2  handlers.o(i.__scatterload_null)
    __scatterload_zeroinit                   0x08001ae5   Thumb Code    14  handlers.o(i.__scatterload_zeroinit)
    fputc                                    0x08001f4d   Thumb Code    32  bsp_debug_usart.o(i.fputc)
    main                                     0x08001f71   Thumb Code    60  main.o(i.main)
    osAlarmHeapInfo                          0x08002021   Thumb Code    36  los_heap.o(i.osAlarmHeapInfo)
    osAtomicBitsetClearBit                   0x08002045   Thumb Code    36  los_slab.o(i.osAtomicBitsetClearBit)
    osAtomicBitsetFindClearAndSet            0x08002069   Thumb Code    80  los_slab.o(i.osAtomicBitsetFindClearAndSet)
    osAtomicBitsetGetBit                     0x080020b9   Thumb Code    42  los_slab.o(i.osAtomicBitsetGetBit)
    osAtomicBitsetGetNumBits                 0x080020e3   Thumb Code     6  los_slab.o(i.osAtomicBitsetGetNumBits)
    osAtomicBitsetInit                       0x080020e9   Thumb Code    46  los_slab.o(i.osAtomicBitsetInit)
    osHeapAlloc                              0x08002119   Thumb Code   292  los_heap.o(i.osHeapAlloc)
    osHeapAllocAlign                         0x08002281   Thumb Code    90  los_heap.o(i.osHeapAllocAlign)
    osHeapFree                               0x080022dd   Thumb Code   284  los_heap.o(i.osHeapFree)
    osHeapInit                               0x0800241d   Thumb Code    68  los_heap.o(i.osHeapInit)
    osHeapPrvGetNext                         0x08002461   Thumb Code    26  los_heap.o(i.osHeapPrvGetNext)
    osHeapStatisticsGet                      0x0800247d   Thumb Code    90  los_heap.o(i.osHeapStatisticsGet)
    osIdleTask                               0x080024e1   Thumb Code     4  los_task.o(i.osIdleTask)
    osIdleTaskCreate                         0x080024e5   Thumb Code    54  los_task.o(i.osIdleTaskCreate)
    osIntNumGet                              0x08002531   Thumb Code     8  los_hwi.o(i.osIntNumGet)
    osMemSystemInit                          0x08002539   Thumb Code    20  los_memory.o(i.osMemSystemInit)
    osMuxInit                                0x08002555   Thumb Code    82  los_mux.o(i.osMuxInit)
    osPriqueueDequeue                        0x080025b9   Thumb Code    66  los_priqueue.o(i.osPriqueueDequeue)
    osPriqueueEnqueue                        0x08002605   Thumb Code    64  los_priqueue.o(i.osPriqueueEnqueue)
    osPriqueueInit                           0x0800264d   Thumb Code    64  los_priqueue.o(i.osPriqueueInit)
    osPriqueueSize                           0x08002695   Thumb Code    36  los_priqueue.o(i.osPriqueueSize)
    osPriqueueTop                            0x080026bd   Thumb Code    32  los_priqueue.o(i.osPriqueueTop)
    osQueueInit                              0x080027f1   Thumb Code    96  los_queue.o(i.osQueueInit)
    osQueueOperate                           0x08002861   Thumb Code   374  los_queue.o(i.osQueueOperate)
    osSchedule                               0x08002a75   Thumb Code     8  los_hw.o(i.osSchedule)
    osSemCreate                              0x08002a7d   Thumb Code   156  los_sem.o(i.osSemCreate)
    osSemInit                                0x08002b39   Thumb Code    80  los_sem.o(i.osSemInit)
    osSlabAllocatorAlloc                     0x08002b99   Thumb Code    30  los_slab.o(i.osSlabAllocatorAlloc)
    osSlabAllocatorFree                      0x08002bb7   Thumb Code    72  los_slab.o(i.osSlabAllocatorFree)
    osSlabAllocatorNew                       0x08002bff   Thumb Code    92  los_slab.o(i.osSlabAllocatorNew)
    osSlabBlockHeadFill                      0x08002c5b   Thumb Code    18  los_slabmem.o(i.osSlabBlockHeadFill)
    osSlabCtrlHdrGet                         0x08002c6d   Thumb Code     8  los_memory.o(i.osSlabCtrlHdrGet)
    osSlabMemAlloc                           0x08002c75   Thumb Code   160  los_slabmem.o(i.osSlabMemAlloc)
    osSlabMemFree                            0x08002d15   Thumb Code   116  los_slabmem.o(i.osSlabMemFree)
    osSlabMemInit                            0x08002d89   Thumb Code   108  los_slabmem.o(i.osSlabMemInit)
    osSwTmrInit                              0x08002df5   Thumb Code   122  los_swtmr.o(i.osSwTmrInit)
    osSwTmrStart                             0x08002e89   Thumb Code    72  los_swtmr.o(i.osSwTmrStart)
    osSwTmrTask                              0x08002ed5   Thumb Code    62  los_swtmr.o(i.osSwTmrTask)
    osSwTmrTaskCreate                        0x08002f19   Thumb Code    48  los_swtmr.o(i.osSwTmrTaskCreate)
    osSwtmrScan                              0x08002ff1   Thumb Code    32  los_swtmr.o(i.osSwtmrScan)
    osTaskAdd2TimerList                      0x08003015   Thumb Code   188  los_task.o(i.osTaskAdd2TimerList)
    osTaskEntry                              0x080030d5   Thumb Code    40  los_task.o(i.osTaskEntry)
    osTaskExit                               0x08003105   Thumb Code     6  los_hw.o(i.osTaskExit)
    osTaskInit                               0x0800310d   Thumb Code   258  los_task.o(i.osTaskInit)
    osTaskMonInit                            0x08003235   Thumb Code    32  los_task.o(i.osTaskMonInit)
    osTaskScan                               0x08003265   Thumb Code   214  los_task.o(i.osTaskScan)
    osTaskSwitchCheck                        0x08003341   Thumb Code   238  los_task.o(i.osTaskSwitchCheck)
    osTaskWait                               0x080034c5   Thumb Code    72  los_task.o(i.osTaskWait)
    osTaskWake                               0x08003511   Thumb Code    70  los_task.o(i.osTaskWake)
    osTickHandler                            0x08003559   Thumb Code    34  los_tick.o(i.osTickHandler)
    osTickStart                              0x08003581   Thumb Code   150  los_hw_tick.o(i.osTickStart)
    osTimerListDelete                        0x08003635   Thumb Code    66  los_task.o(i.osTimerListDelete)
    osTimesliceCheck                         0x0800367d   Thumb Code    64  los_timeslice.o(i.osTimesliceCheck)
    osTimesliceInit                          0x080036c9   Thumb Code    12  los_timeslice.o(i.osTimesliceInit)
    osTskStackInit                           0x080036d9   Thumb Code   130  los_hw.o(i.osTskStackInit)
    Region$$Table$$Base                      0x08003764   Number         0  anon$$obj.o(Region$$Table)
    Region$$Table$$Limit                     0x08003784   Number         0  anon$$obj.o(Region$$Table)
    SystemCoreClock                          0x20000000   Data           4  system_stm32f4xx.o(.data)
    AHBPrescTable                            0x20000004   Data          16  system_stm32f4xx.o(.data)
    g_pstLosPriorityQueueList                0x20000024   Data           4  los_priqueue.o(.data)
    m_uwSwTmrHandlerQueue                    0x2000002c   Data           4  los_swtmr.o(.data)
    m_pstSwtmrCBArray                        0x20000030   Data           4  los_swtmr.o(.data)
    m_pstSwtmrFreeList                       0x20000034   Data           4  los_swtmr.o(.data)
    m_pstSwtmrSortList                       0x20000038   Data           4  los_swtmr.o(.data)
    g_pstTaskCBArray                         0x2000003c   Data           4  los_task.o(.data)
    g_stLosTask                              0x20000040   Data           8  los_task.o(.data)
    g_usLosTaskLock                          0x20000048   Data           2  los_task.o(.data)
    g_uwTskMaxNum                            0x2000004c   Data           4  los_task.o(.data)
    g_uwIdleTaskID                           0x20000050   Data           4  los_task.o(.data)
    g_uwSwtmrTaskID                          0x20000054   Data           4  los_task.o(.data)
    g_stTaskTimerList                        0x20000058   Data           8  los_task.o(.data)
    g_stLosFreeTask                          0x20000060   Data           8  los_task.o(.data)
    g_stTskRecyleList                        0x20000068   Data           8  los_task.o(.data)
    g_stTskSortLink                          0x20000070   Data           8  los_task.o(.data)
    g_bTaskScheduled                         0x20000078   Data           4  los_task.o(.data)
    g_pfnTskSwitchHook                       0x2000007c   Data           4  los_task.o(.data)
    g_pfnUsrTskSwitchHook                    0x20000080   Data           4  los_task.o(.data)
    g_ullTickCount                           0x20000088   Data           8  los_tick.o(.data)
    g_uwTicksPerSec                          0x20000090   Data           4  los_tick.o(.data)
    g_uwCyclePerSec                          0x20000094   Data           4  los_tick.o(.data)
    g_uwCyclesPerTick                        0x20000098   Data           4  los_tick.o(.data)
    g_uwSysClock                             0x2000009c   Data           4  los_tick.o(.data)
    g_bSysTickStart                          0x200000a0   Data           4  los_tick.o(.data)
    g_stTaskTimeSlice                        0x200000a4   Data           8  los_timeslice.o(.data)
    g_pstAllMux                              0x200000ac   Data           4  los_mux.o(.data)
    g_stUnusedMuxList                        0x200000b0   Data           8  los_mux.o(.data)
    g_pstAllQueue                            0x200000b8   Data           4  los_queue.o(.data)
    g_stFreeQueueList                        0x200000bc   Data           8  los_queue.o(.data)
    g_stUnusedSemList                        0x200000c4   Data           8  los_sem.o(.data)
    g_pstAllSem                              0x200000cc   Data           4  los_sem.o(.data)
    g_pPoolHead                              0x200000e0   Data           4  los_memory.o(.data)
    g_stUserErrFunc                          0x200000e4   Data           4  los_err.o(.data)
    m_aucSysMem0                             0x200000e8   Data           4  los_init.o(.data)
    Test_Task_Handle                         0x200000ec   Data           4  los_usertask.o(.data)
    BinarySem1_Handle                        0x200000f0   Data           4  los_usertask.o(.data)
    BinarySem2_Handle                        0x200000f4   Data           4  los_usertask.o(.data)
    __stdout                                 0x200000f8   Data           4  stdout.o(.data)
    g_astTskSwitchInfo                       0x200000fc   Data         342  los_task.o(.bss)
    Image$$RW_IRAM1$$ZI$$Limit               0x20000658   Number         0  anon$$obj.o ABSOLUTE
    __initial_sp                             0x20000658   Data           0  startup_stm32f429_439xx.o(STACK)



==============================================================================

Memory Map of the image

  Image Entry point : 0x080001ad

  Load Region LR_IROM1 (Base: 0x08000000, Size: 0x00003880, Max: 0x00100000, ABSOLUTE)

    Execution Region ER_IROM1 (Exec base: 0x08000000, Load base: 0x08000000, Size: 0x00003784, Max: 0x00100000, ABSOLUTE)

    Exec Addr    Load Addr    Size         Type   Attr      Idx    E Section Name        Object

    0x08000000   0x08000000   0x000001ac   Data   RO            3    RESET               startup_stm32f429_439xx.o
    0x080001ac   0x080001ac   0x00000000   Code   RO         7747  * .ARM.Collect$$$$00000000  mc_w.l(entry.o)
    0x080001ac   0x080001ac   0x00000004   Code   RO         8029    .ARM.Collect$$$$00000001  mc_w.l(entry2.o)
    0x080001b0   0x080001b0   0x00000004   Code   RO         8032    .ARM.Collect$$$$00000004  mc_w.l(entry5.o)
    0x080001b4   0x080001b4   0x00000000   Code   RO         8034    .ARM.Collect$$$$00000008  mc_w.l(entry7b.o)
    0x080001b4   0x080001b4   0x00000000   Code   RO         8036    .ARM.Collect$$$$0000000A  mc_w.l(entry8b.o)
    0x080001b4   0x080001b4   0x00000008   Code   RO         8037    .ARM.Collect$$$$0000000B  mc_w.l(entry9a.o)
    0x080001bc   0x080001bc   0x00000004   Code   RO         8044    .ARM.Collect$$$$0000000E  mc_w.l(entry12b.o)
    0x080001c0   0x080001c0   0x00000000   Code   RO         8039    .ARM.Collect$$$$0000000F  mc_w.l(entry10a.o)
    0x080001c0   0x080001c0   0x00000000   Code   RO         8041    .ARM.Collect$$$$00000011  mc_w.l(entry11a.o)
    0x080001c0   0x080001c0   0x00000004   Code   RO         8030    .ARM.Collect$$$$00002712  mc_w.l(entry2.o)
    0x080001c4   0x080001c4   0x00000024   Code   RO            4    .text               startup_stm32f429_439xx.o
    0x080001e8   0x080001e8   0x000000cc   Code   RO         7690    .text               los_dispatch_keil.o
    0x080002b4   0x080002b4   0x00000062   Code   RO         7750    .text               mc_w.l(uldiv.o)
    0x08000316   0x08000316   0x00000024   Code   RO         7752    .text               mc_w.l(memcpya.o)
    0x0800033a   0x0800033a   0x00000024   Code   RO         7754    .text               mc_w.l(memseta.o)
    0x0800035e   0x0800035e   0x0000001e   Code   RO         8048    .text               mc_w.l(llshl.o)
    0x0800037c   0x0800037c   0x00000020   Code   RO         8050    .text               mc_w.l(llushr.o)
    0x0800039c   0x0800039c   0x00000024   Code   RO         8061    .text               mc_w.l(init.o)
    0x080003c0   0x080003c0   0x000000ac   Code   RO         7696    i.AppTaskCreat      los_usertask.o
    0x0800046c   0x0800046c   0x0000001c   Code   RO         5393    i.BSP_Init          bsp_init.o
    0x08000488   0x08000488   0x00000004   Code   RO         5306    i.BusFault_Handler  stm32f4xx_it.o
    0x0800048c   0x0800048c   0x00000040   Code   RO         7697    i.Creat_Test_Task   los_usertask.o
    0x080004cc   0x080004cc   0x00000002   Code   RO         5307    i.DebugMon_Handler  stm32f4xx_it.o
    0x080004ce   0x080004ce   0x00000002   PAD
    0x080004d0   0x080004d0   0x000000a8   Code   RO         5421    i.Debug_USART_Config  bsp_debug_usart.o
    0x08000578   0x08000578   0x00000020   Code   RO         7698    i.EXTI0_IRQHandler  los_usertask.o
    0x08000598   0x08000598   0x00000024   Code   RO         7699    i.EXTI15_10_IRQHandler  los_usertask.o
    0x080005bc   0x080005bc   0x0000000c   Code   RO         1488    i.EXTI_ClearITPendingBit  stm32f4xx_exti.o
    0x080005c8   0x080005c8   0x00000018   Code   RO         1491    i.EXTI_GetFlagStatus  stm32f4xx_exti.o
    0x080005e0   0x080005e0   0x00000094   Code   RO         1493    i.EXTI_Init         stm32f4xx_exti.o
    0x08000674   0x08000674   0x00000090   Code   RO         5510    i.EXTI_Key_Config   bsp_exti.o
    0x08000704   0x08000704   0x00000090   Code   RO         2049    i.GPIO_Init         stm32f4xx_gpio.o
    0x08000794   0x08000794   0x00000046   Code   RO         2050    i.GPIO_PinAFConfig  stm32f4xx_gpio.o
    0x080007da   0x080007da   0x00000004   Code   RO         5308    i.HardFault_Handler  stm32f4xx_it.o
    0x080007de   0x080007de   0x00000002   PAD
    0x080007e0   0x080007e0   0x00000038   Code   RO         5480    i.Key_GPIO_Config   bsp_key.o
    0x08000818   0x08000818   0x00000064   Code   RO         5369    i.LED_GPIO_Config   bsp_led.o
    0x0800087c   0x0800087c   0x0000001c   Code   RO         7451    i.LOS_Align         los_misc.o
    0x08000898   0x08000898   0x00000012   Code   RO         6930    i.LOS_BinarySemCreate  los_sem.o
    0x080008aa   0x080008aa   0x00000002   PAD
    0x080008ac   0x080008ac   0x00000044   Code   RO         7481    i.LOS_ErrHandle     los_err.o
    0x080008f0   0x080008f0   0x00000118   Code   RO         7545    i.LOS_KernelInit    los_init.o
    0x08000a08   0x08000a08   0x0000000e   Code   RO         6259    i.LOS_ListAdd       los_task.o
    0x08000a16   0x08000a16   0x0000000e   Code   RO         6709    i.LOS_ListAdd       los_mux.o
    0x08000a24   0x08000a24   0x0000000e   Code   RO         6798    i.LOS_ListAdd       los_queue.o
    0x08000a32   0x08000a32   0x0000000e   Code   RO         6931    i.LOS_ListAdd       los_sem.o
    0x08000a40   0x08000a40   0x00000014   Code   RO         6260    i.LOS_ListDelete    los_task.o
    0x08000a54   0x08000a54   0x00000010   Code   RO         5999    i.LOS_ListEmpty     los_priqueue.o
    0x08000a64   0x08000a64   0x00000010   Code   RO         6261    i.LOS_ListEmpty     los_task.o
    0x08000a74   0x08000a74   0x00000010   Code   RO         6799    i.LOS_ListEmpty     los_queue.o
    0x08000a84   0x08000a84   0x00000010   Code   RO         6932    i.LOS_ListEmpty     los_sem.o
    0x08000a94   0x08000a94   0x00000006   Code   RO         6262    i.LOS_ListInit      los_task.o
    0x08000a9a   0x08000a9a   0x00000006   Code   RO         6711    i.LOS_ListInit      los_mux.o
    0x08000aa0   0x08000aa0   0x00000006   Code   RO         6800    i.LOS_ListInit      los_queue.o
    0x08000aa6   0x08000aa6   0x00000006   Code   RO         6933    i.LOS_ListInit      los_sem.o
    0x08000aac   0x08000aac   0x00000010   Code   RO         6263    i.LOS_ListTailInsert  los_task.o
    0x08000abc   0x08000abc   0x0000002a   Code   RO         7088    i.LOS_MemAlloc      los_memory.o
    0x08000ae6   0x08000ae6   0x00000014   Code   RO         7089    i.LOS_MemAllocAlign  los_memory.o
    0x08000afa   0x08000afa   0x00000034   Code   RO         7091    i.LOS_MemFree       los_memory.o
    0x08000b2e   0x08000b2e   0x00000002   PAD
    0x08000b30   0x08000b30   0x0000010c   Code   RO         7093    i.LOS_MemInit       los_memory.o
    0x08000c3c   0x08000c3c   0x000000e0   Code   RO         6801    i.LOS_QueueCreate   los_queue.o
    0x08000d1c   0x08000d1c   0x00000036   Code   RO         6805    i.LOS_QueueReadCopy  los_queue.o
    0x08000d52   0x08000d52   0x00000036   Code   RO         6807    i.LOS_QueueWriteCopy  los_queue.o
    0x08000d88   0x08000d88   0x00000040   Code   RO         7599    i.LOS_Schedule      los_hw.o
    0x08000dc8   0x08000dc8   0x0000017c   Code   RO         6936    i.LOS_SemPend       los_sem.o
    0x08000f44   0x08000f44   0x000000bc   Code   RO         6937    i.LOS_SemPost       los_sem.o
    0x08001000   0x08001000   0x00000044   Code   RO         7547    i.LOS_Start         los_init.o
    0x08001044   0x08001044   0x0000009c   Code   RO         6266    i.LOS_TaskCreate    los_task.o
    0x080010e0   0x080010e0   0x00000180   Code   RO         6267    i.LOS_TaskCreateOnly  los_task.o
    0x08001260   0x08001260   0x0000007c   Code   RO         6268    i.LOS_TaskDelay     los_task.o
    0x080012dc   0x080012dc   0x00000178   Code   RO         6269    i.LOS_TaskDelete    los_task.o
    0x08001454   0x08001454   0x00000094   Code   RO         6282    i.LOS_TaskYield     los_task.o
    0x080014e8   0x080014e8   0x0000000c   Code   RO         6202    i.LOS_TickCountGet  los_sys.o
    0x080014f4   0x080014f4   0x00000004   Code   RO         5309    i.MemManage_Handler  stm32f4xx_it.o
    0x080014f8   0x080014f8   0x00000002   Code   RO         5310    i.NMI_Handler       stm32f4xx_it.o
    0x080014fa   0x080014fa   0x00000026   Code   RO         5422    i.NVIC_Configuration  bsp_debug_usart.o
    0x08001520   0x08001520   0x00000032   Code   RO         5511    i.NVIC_Configuration  bsp_exti.o
    0x08001552   0x08001552   0x00000002   PAD
    0x08001554   0x08001554   0x00000078   Code   RO          167    i.NVIC_Init         misc.o
    0x080015cc   0x080015cc   0x00000014   Code   RO          168    i.NVIC_PriorityGroupConfig  misc.o
    0x080015e0   0x080015e0   0x00000020   Code   RO         2963    i.RCC_AHB1PeriphClockCmd  stm32f4xx_rcc.o
    0x08001600   0x08001600   0x00000020   Code   RO         2975    i.RCC_APB2PeriphClockCmd  stm32f4xx_rcc.o
    0x08001620   0x08001620   0x000000e8   Code   RO         2984    i.RCC_GetClocksFreq  stm32f4xx_rcc.o
    0x08001708   0x08001708   0x00000002   Code   RO         5311    i.SVC_Handler       stm32f4xx_it.o
    0x0800170a   0x0800170a   0x00000002   PAD
    0x0800170c   0x0800170c   0x00000040   Code   RO         4283    i.SYSCFG_EXTILineConfig  stm32f4xx_syscfg.o
    0x0800174c   0x0800174c   0x00000120   Code   RO           13    i.SetSysClock       system_stm32f4xx.o
    0x0800186c   0x0800186c   0x0000002c   Code   RO         5539    i.SysTick_Handler   los_hwi.o
    0x08001898   0x08001898   0x0000005c   Code   RO           15    i.SystemInit        system_stm32f4xx.o
    0x080018f4   0x080018f4   0x00000064   Code   RO         7700    i.Test_Task         los_usertask.o
    0x08001958   0x08001958   0x00000018   Code   RO         4910    i.USART_Cmd         stm32f4xx_usart.o
    0x08001970   0x08001970   0x0000001a   Code   RO         4913    i.USART_GetFlagStatus  stm32f4xx_usart.o
    0x0800198a   0x0800198a   0x0000004a   Code   RO         4916    i.USART_ITConfig    stm32f4xx_usart.o
    0x080019d4   0x080019d4   0x000000d4   Code   RO         4917    i.USART_Init        stm32f4xx_usart.o
    0x08001aa8   0x08001aa8   0x00000008   Code   RO         4927    i.USART_SendData    stm32f4xx_usart.o
    0x08001ab0   0x08001ab0   0x00000004   Code   RO         5312    i.UsageFault_Handler  stm32f4xx_it.o
    0x08001ab4   0x08001ab4   0x00000020   Code   RO         7967    i.__0printf$8       mc_w.l(printf8.o)
    0x08001ad4   0x08001ad4   0x0000000e   Code   RO         8067    i.__scatterload_copy  mc_w.l(handlers.o)
    0x08001ae2   0x08001ae2   0x00000002   Code   RO         8068    i.__scatterload_null  mc_w.l(handlers.o)
    0x08001ae4   0x08001ae4   0x0000000e   Code   RO         8069    i.__scatterload_zeroinit  mc_w.l(handlers.o)
    0x08001af2   0x08001af2   0x00000002   PAD
    0x08001af4   0x08001af4   0x00000404   Code   RO         7974    i._printf_core      mc_w.l(printf8.o)
    0x08001ef8   0x08001ef8   0x00000024   Code   RO         7975    i._printf_post_padding  mc_w.l(printf8.o)
    0x08001f1c   0x08001f1c   0x0000002e   Code   RO         7976    i._printf_pre_padding  mc_w.l(printf8.o)
    0x08001f4a   0x08001f4a   0x00000002   PAD
    0x08001f4c   0x08001f4c   0x00000024   Code   RO         5427    i.fputc             bsp_debug_usart.o
    0x08001f70   0x08001f70   0x000000b0   Code   RO         5164    i.main              main.o
    0x08002020   0x08002020   0x00000024   Code   RO         7014    i.osAlarmHeapInfo   los_heap.o
    0x08002044   0x08002044   0x00000024   Code   RO         7203    i.osAtomicBitsetClearBit  los_slab.o
    0x08002068   0x08002068   0x00000050   Code   RO         7205    i.osAtomicBitsetFindClearAndSet  los_slab.o
    0x080020b8   0x080020b8   0x0000002a   Code   RO         7206    i.osAtomicBitsetGetBit  los_slab.o
    0x080020e2   0x080020e2   0x00000006   Code   RO         7323    i.osAtomicBitsetGetNumBits  los_slab.o
    0x080020e8   0x080020e8   0x0000002e   Code   RO         7208    i.osAtomicBitsetInit  los_slab.o
    0x08002116   0x08002116   0x00000002   PAD
    0x08002118   0x08002118   0x00000168   Code   RO         7015    i.osHeapAlloc       los_heap.o
    0x08002280   0x08002280   0x0000005a   Code   RO         7016    i.osHeapAllocAlign  los_heap.o
    0x080022da   0x080022da   0x00000002   PAD
    0x080022dc   0x080022dc   0x00000140   Code   RO         7017    i.osHeapFree        los_heap.o
    0x0800241c   0x0800241c   0x00000044   Code   RO         7020    i.osHeapInit        los_heap.o
    0x08002460   0x08002460   0x0000001a   Code   RO         7021    i.osHeapPrvGetNext  los_heap.o
    0x0800247a   0x0800247a   0x00000002   PAD
    0x0800247c   0x0800247c   0x00000064   Code   RO         7022    i.osHeapStatisticsGet  los_heap.o
    0x080024e0   0x080024e0   0x00000004   Code   RO         6286    i.osIdleTask        los_task.o
    0x080024e4   0x080024e4   0x0000004c   Code   RO         6287    i.osIdleTaskCreate  los_task.o
    0x08002530   0x08002530   0x00000008   Code   RO         5540    i.osIntNumGet       los_hwi.o
    0x08002538   0x08002538   0x0000001c   Code   RO         7097    i.osMemSystemInit   los_memory.o
    0x08002554   0x08002554   0x00000064   Code   RO         6716    i.osMuxInit         los_mux.o
    0x080025b8   0x080025b8   0x0000004c   Code   RO         6000    i.osPriqueueDequeue  los_priqueue.o
    0x08002604   0x08002604   0x00000048   Code   RO         6001    i.osPriqueueEnqueue  los_priqueue.o
    0x0800264c   0x0800264c   0x00000048   Code   RO         6002    i.osPriqueueInit    los_priqueue.o
    0x08002694   0x08002694   0x00000028   Code   RO         6003    i.osPriqueueSize    los_priqueue.o
    0x080026bc   0x080026bc   0x00000028   Code   RO         6004    i.osPriqueueTop     los_priqueue.o
    0x080026e4   0x080026e4   0x0000010c   Code   RO         6810    i.osQueueBufferOperate  los_queue.o
    0x080027f0   0x080027f0   0x00000070   Code   RO         6811    i.osQueueInit       los_queue.o
    0x08002860   0x08002860   0x00000188   Code   RO         6814    i.osQueueOperate    los_queue.o
    0x080029e8   0x080029e8   0x00000040   Code   RO         6815    i.osQueueReadParameterCheck  los_queue.o
    0x08002a28   0x08002a28   0x00000040   Code   RO         6816    i.osQueueWriteParameterCheck  los_queue.o
    0x08002a68   0x08002a68   0x0000000c   Code   RO         7549    i.osRegister        los_init.o
    0x08002a74   0x08002a74   0x00000008   Code   RO         7601    i.osSchedule        los_hw.o
    0x08002a7c   0x08002a7c   0x000000bc   Code   RO         6938    i.osSemCreate       los_sem.o
    0x08002b38   0x08002b38   0x00000060   Code   RO         6939    i.osSemInit         los_sem.o
    0x08002b98   0x08002b98   0x0000001e   Code   RO         7209    i.osSlabAllocatorAlloc  los_slab.o
    0x08002bb6   0x08002bb6   0x00000048   Code   RO         7213    i.osSlabAllocatorFree  los_slab.o
    0x08002bfe   0x08002bfe   0x0000005c   Code   RO         7220    i.osSlabAllocatorNew  los_slab.o
    0x08002c5a   0x08002c5a   0x00000012   Code   RO         7337    i.osSlabBlockHeadFill  los_slabmem.o
    0x08002c6c   0x08002c6c   0x00000008   Code   RO         7098    i.osSlabCtrlHdrGet  los_memory.o
    0x08002c74   0x08002c74   0x000000a0   Code   RO         7339    i.osSlabMemAlloc    los_slabmem.o
    0x08002d14   0x08002d14   0x00000074   Code   RO         7342    i.osSlabMemFree     los_slabmem.o
    0x08002d88   0x08002d88   0x0000006c   Code   RO         7343    i.osSlabMemInit     los_slabmem.o
    0x08002df4   0x08002df4   0x00000094   Code   RO         6087    i.osSwTmrInit       los_swtmr.o
    0x08002e88   0x08002e88   0x0000004c   Code   RO         6088    i.osSwTmrStart      los_swtmr.o
    0x08002ed4   0x08002ed4   0x00000044   Code   RO         6089    i.osSwTmrTask       los_swtmr.o
    0x08002f18   0x08002f18   0x00000044   Code   RO         6090    i.osSwTmrTaskCreate  los_swtmr.o
    0x08002f5c   0x08002f5c   0x00000080   Code   RO         6091    i.osSwTmrTimeoutHandle  los_swtmr.o
    0x08002fdc   0x08002fdc   0x00000014   Code   RO         6092    i.osSwtmrDelete     los_swtmr.o
    0x08002ff0   0x08002ff0   0x00000024   Code   RO         6093    i.osSwtmrScan       los_swtmr.o
    0x08003014   0x08003014   0x000000c0   Code   RO         6288    i.osTaskAdd2TimerList  los_task.o
    0x080030d4   0x080030d4   0x00000030   Code   RO         6289    i.osTaskEntry       los_task.o
    0x08003104   0x08003104   0x00000006   Code   RO         7602    i.osTaskExit        los_hw.o
    0x0800310a   0x0800310a   0x00000002   PAD
    0x0800310c   0x0800310c   0x00000128   Code   RO         6290    i.osTaskInit        los_task.o
    0x08003234   0x08003234   0x00000030   Code   RO         6291    i.osTaskMonInit     los_task.o
    0x08003264   0x08003264   0x000000dc   Code   RO         6293    i.osTaskScan        los_task.o
    0x08003340   0x08003340   0x00000184   Code   RO         6294    i.osTaskSwitchCheck  los_task.o
    0x080034c4   0x080034c4   0x0000004c   Code   RO         6295    i.osTaskWait        los_task.o
    0x08003510   0x08003510   0x00000046   Code   RO         6296    i.osTaskWake        los_task.o
    0x08003556   0x08003556   0x00000002   PAD
    0x08003558   0x08003558   0x00000028   Code   RO         6553    i.osTickHandler     los_tick.o
    0x08003580   0x08003580   0x000000b4   Code   RO         7650    i.osTickStart       los_hw_tick.o
    0x08003634   0x08003634   0x00000048   Code   RO         6297    i.osTimerListDelete  los_task.o
    0x0800367c   0x0800367c   0x0000004c   Code   RO         6597    i.osTimesliceCheck  los_timeslice.o
    0x080036c8   0x080036c8   0x00000010   Code   RO         6598    i.osTimesliceInit   los_timeslice.o
    0x080036d8   0x080036d8   0x0000008c   Code   RO         7603    i.osTskStackInit    los_hw.o
    0x08003764   0x08003764   0x00000020   Data   RO         8065    Region$$Table       anon$$obj.o


    Execution Region RW_IRAM1 (Exec base: 0x20000000, Load base: 0x08003784, Size: 0x00000658, Max: 0x00030000, ABSOLUTE)

    Exec Addr    Load Addr    Size         Type   Attr      Idx    E Section Name        Object

    0x20000000   0x08003784   0x00000014   Data   RW           16    .data               system_stm32f4xx.o
    0x20000014   0x08003798   0x00000010   Data   RW         3016    .data               stm32f4xx_rcc.o
    0x20000024   0x080037a8   0x00000008   Data   RW         6006    .data               los_priqueue.o
    0x2000002c   0x080037b0   0x00000010   Data   RW         6096    .data               los_swtmr.o
    0x2000003c   0x080037c0   0x00000048   Data   RW         6300    .data               los_task.o
    0x20000084   0x08003808   0x00000004   PAD
    0x20000088   0x0800380c   0x0000001c   Data   RW         6554    .data               los_tick.o
    0x200000a4   0x08003828   0x00000008   Data   RW         6599    .data               los_timeslice.o
    0x200000ac   0x08003830   0x0000000c   Data   RW         6717    .data               los_mux.o
    0x200000b8   0x0800383c   0x0000000c   Data   RW         6817    .data               los_queue.o
    0x200000c4   0x08003848   0x0000000c   Data   RW         6940    .data               los_sem.o
    0x200000d0   0x08003854   0x00000010   Data   RW         7023    .data               los_heap.o
    0x200000e0   0x08003864   0x00000004   Data   RW         7099    .data               los_memory.o
    0x200000e4   0x08003868   0x00000004   Data   RW         7482    .data               los_err.o
    0x200000e8   0x0800386c   0x00000004   Data   RW         7550    .data               los_init.o
    0x200000ec   0x08003870   0x0000000c   Data   RW         7701    .data               los_usertask.o
    0x200000f8   0x0800387c   0x00000004   Data   RW         8045    .data               mc_w.l(stdout.o)
    0x200000fc        -       0x00000156   Zero   RW         6298    .bss                los_task.o
    0x20000252   0x08003880   0x00000006   PAD
    0x20000258        -       0x00000400   Zero   RW            1    STACK               startup_stm32f429_439xx.o


==============================================================================

Image component sizes


      Code (inc. data)   RO Data    RW Data    ZI Data      Debug   Object Name

       242         14          0          0          0       1757   bsp_debug_usart.o
       194         10          0          0          0       1094   bsp_exti.o
        28          0          0          0          0       1731   bsp_init.o
        56          8          0          0          0        522   bsp_key.o
       100          4          0          0          0        558   bsp_led.o
         0          0          0          0          0       2568   cmsis_liteos.o
       204         24          0          0          0        436   los_dispatch_keil.o
        68         10          0          4          0       2438   los_err.o
      1000        114          0         16          0       7206   los_heap.o
       218         18          0          0          0       2770   los_hw.o
       180         30          0          0          0      30929   los_hw_tick.o
        52         10          0          0          0       6416   los_hwi.o
       360        140          0          4          0       2356   los_init.o
       418         70          0          4          0       4678   los_memory.o
        28          0          0          0          0        608   los_misc.o
       120         18          0         12          0      11928   los_mux.o
       316         38          0          8          0      13670   los_priqueue.o
      1268        100          0         12          0      11720   los_queue.o
       906        202          0         12          0       7312   los_sem.o
       404          0          0          0          0       6546   los_slab.o
       402          0          0          0          0       4003   los_slabmem.o
       544         72          0         16          0       6457   los_swtmr.o
        12          6          0          0          0        503   los_sys.o
      2750        374          0         72        342      25864   los_task.o
        40          6          0         28          0       1012   los_tick.o
        92         16          0          8          0       1293   los_timeslice.o
       404        198          0         12          0       3018   los_usertask.o
       176        116          0          0          0      16959   main.o
       140         24          0          0          0       1711   misc.o
        36          8        428          0       1024        984   startup_stm32f429_439xx.o
       184         16          0          0          0       2310   stm32f4xx_exti.o
       214          0          0          0          0       1947   stm32f4xx_gpio.o
        22          0          0          0          0       3079   stm32f4xx_it.o
       296         30          0         16          0       4282   stm32f4xx_rcc.o
        64          4          0          0          0        684   stm32f4xx_syscfg.o
       344          8          0          0          0       4401   stm32f4xx_usart.o
       380         34          0         20          0     279173   system_stm32f4xx.o

    ----------------------------------------------------------------------
     12284       1722        460        248       1372     474923   Object Totals
         0          0         32          0          0          0   (incl. Generated)
        22          0          0          4          6          0   (incl. Padding)

    ----------------------------------------------------------------------

      Code (inc. data)   RO Data    RW Data    ZI Data      Debug   Library Member Name

         0          0          0          0          0          0   entry.o
         0          0          0          0          0          0   entry10a.o
         0          0          0          0          0          0   entry11a.o
         4          0          0          0          0          0   entry12b.o
         8          4          0          0          0          0   entry2.o
         4          0          0          0          0          0   entry5.o
         0          0          0          0          0          0   entry7b.o
         0          0          0          0          0          0   entry8b.o
         8          4          0          0          0          0   entry9a.o
        30          0          0          0          0          0   handlers.o
        36          8          0          0          0         68   init.o
        30          0          0          0          0         68   llshl.o
        32          0          0          0          0         68   llushr.o
        36          0          0          0          0         68   memcpya.o
        36          0          0          0          0        108   memseta.o
      1142         54          0          0          0        352   printf8.o
         0          0          0          4          0          0   stdout.o
        98          0          0          0          0         92   uldiv.o

    ----------------------------------------------------------------------
      1468         70          0          4          0        824   Library Totals
         4          0          0          0          0          0   (incl. Padding)

    ----------------------------------------------------------------------

      Code (inc. data)   RO Data    RW Data    ZI Data      Debug   Library Name

      1464         70          0          4          0        824   mc_w.l

    ----------------------------------------------------------------------
      1468         70          0          4          0        824   Library Totals

    ----------------------------------------------------------------------

==============================================================================


      Code (inc. data)   RO Data    RW Data    ZI Data      Debug   

     13752       1792        460        252       1372     468619   Grand Totals
     13752       1792        460        252       1372     468619   ELF Image Totals
     13752       1792        460        252          0          0   ROM Totals

==============================================================================

    Total RO  Size (Code + RO Data)                14212 (  13.88kB)
    Total RW  Size (RW Data + ZI Data)              1624 (   1.59kB)
    Total ROM Size (Code + RO Data + RW Data)      14464 (  14.13kB)

==============================================================================

